Component: ARM Compiler 5.06 update 1 (build 61) Tool: armlink [4d35a8]

==============================================================================

Section Cross References

    main.o(i.main) refers to delay.o(i.delay_init) for delay_init
    main.o(i.main) refers to misc.o(i.NVIC_PriorityGroupConfig) for NVIC_PriorityGroupConfig
    main.o(i.main) refers to usart.o(i.uart_init) for uart_init
    main.o(i.main) refers to usart2.o(i.usart2_init) for usart2_init
    main.o(i.main) refers to usart3.o(i.usart3_init) for usart3_init
    main.o(i.main) refers to lcd.o(i.LCD_Init) for LCD_Init
    main.o(i.main) refers to w25qxx.o(i.W25QXX_Init) for W25QXX_Init
    main.o(i.main) refers to malloc.o(i.my_mem_init) for my_mem_init
    main.o(i.main) refers to exfuns.o(i.exfuns_init) for exfuns_init
    main.o(i.main) refers to ff.o(i.f_mount) for f_mount
    main.o(i.main) refers to fontupd.o(i.font_init) for font_init
    main.o(i.main) refers to window.o(i.WINDOW_Init) for WINDOW_Init
    main.o(i.main) refers to ble.o(i.BLE_Init) for BLE_Init
    main.o(i.main) refers to window.o(i.window_get_keynum) for window_get_keynum
    main.o(i.main) refers to delay.o(i.delay_ms) for delay_ms
    main.o(i.main) refers to common.o(i.atk_8266_test) for atk_8266_test
    main.o(i.main) refers to ble.o(i.ble_test) for ble_test
    main.o(i.main) refers to usart2.o(i.intelligent_test) for intelligent_test
    main.o(i.main) refers to touch.o(.data) for tp_dev
    main.o(i.main) refers to exfuns.o(.data) for fs
    system_stm32f10x.o(i.SetSysClock) refers to system_stm32f10x.o(i.SetSysClockTo72) for SetSysClockTo72
    system_stm32f10x.o(i.SystemCoreClockUpdate) refers to system_stm32f10x.o(.data) for SystemCoreClock
    system_stm32f10x.o(i.SystemInit) refers to system_stm32f10x.o(i.SetSysClock) for SetSysClock
    startup_stm32f10x_hd.o(STACK) refers (Special) to heapauxi.o(.text) for __use_two_region_memory
    startup_stm32f10x_hd.o(HEAP) refers (Special) to heapauxi.o(.text) for __use_two_region_memory
    startup_stm32f10x_hd.o(RESET) refers (Special) to heapauxi.o(.text) for __use_two_region_memory
    startup_stm32f10x_hd.o(RESET) refers to startup_stm32f10x_hd.o(STACK) for __initial_sp
    startup_stm32f10x_hd.o(RESET) refers to startup_stm32f10x_hd.o(.text) for Reset_Handler
    startup_stm32f10x_hd.o(RESET) refers to stm32f10x_it.o(i.NMI_Handler) for NMI_Handler
    startup_stm32f10x_hd.o(RESET) refers to stm32f10x_it.o(i.HardFault_Handler) for HardFault_Handler
    startup_stm32f10x_hd.o(RESET) refers to stm32f10x_it.o(i.MemManage_Handler) for MemManage_Handler
    startup_stm32f10x_hd.o(RESET) refers to stm32f10x_it.o(i.BusFault_Handler) for BusFault_Handler
    startup_stm32f10x_hd.o(RESET) refers to stm32f10x_it.o(i.UsageFault_Handler) for UsageFault_Handler
    startup_stm32f10x_hd.o(RESET) refers to stm32f10x_it.o(i.SVC_Handler) for SVC_Handler
    startup_stm32f10x_hd.o(RESET) refers to stm32f10x_it.o(i.DebugMon_Handler) for DebugMon_Handler
    startup_stm32f10x_hd.o(RESET) refers to stm32f10x_it.o(i.PendSV_Handler) for PendSV_Handler
    startup_stm32f10x_hd.o(RESET) refers to stm32f10x_it.o(i.SysTick_Handler) for SysTick_Handler
    startup_stm32f10x_hd.o(RESET) refers to usart.o(i.USART1_IRQHandler) for USART1_IRQHandler
    startup_stm32f10x_hd.o(RESET) refers to usart2.o(i.USART2_IRQHandler) for USART2_IRQHandler
    startup_stm32f10x_hd.o(RESET) refers to usart3.o(i.USART3_IRQHandler) for USART3_IRQHandler
    startup_stm32f10x_hd.o(RESET) refers to sdio_sdcard.o(i.SDIO_IRQHandler) for SDIO_IRQHandler
    startup_stm32f10x_hd.o(RESET) refers to timer.o(i.TIM7_IRQHandler) for TIM7_IRQHandler
    startup_stm32f10x_hd.o(.text) refers (Special) to heapauxi.o(.text) for __use_two_region_memory
    startup_stm32f10x_hd.o(.text) refers to system_stm32f10x.o(i.SystemInit) for SystemInit
    startup_stm32f10x_hd.o(.text) refers to __main.o(!!!main) for __main
    startup_stm32f10x_hd.o(.text) refers to startup_stm32f10x_hd.o(HEAP) for Heap_Mem
    startup_stm32f10x_hd.o(.text) refers to startup_stm32f10x_hd.o(STACK) for Stack_Mem
    delay.o(i.delay_init) refers to misc.o(i.SysTick_CLKSourceConfig) for SysTick_CLKSourceConfig
    delay.o(i.delay_init) refers to system_stm32f10x.o(.data) for SystemCoreClock
    delay.o(i.delay_init) refers to delay.o(.data) for fac_us
    delay.o(i.delay_ms) refers to delay.o(.data) for fac_ms
    delay.o(i.delay_us) refers to delay.o(.data) for fac_us
    usart.o(i.USART1_IRQHandler) refers (Special) to use_no_semi_2.o(.text) for __use_no_semihosting
    usart.o(i.USART1_IRQHandler) refers to stm32f10x_usart.o(i.USART_GetITStatus) for USART_GetITStatus
    usart.o(i.USART1_IRQHandler) refers to stm32f10x_usart.o(i.USART_ReceiveData) for USART_ReceiveData
    usart.o(i.USART1_IRQHandler) refers to usart.o(.data) for USART_RX_STA
    usart.o(i.USART1_IRQHandler) refers to usart.o(.bss) for USART_RX_BUF
[...]
    GPIO_SetBits                             0x08002ae1   Thumb Code     4  stm32f10x_gpio.o(i.GPIO_SetBits)
    GS_Read_Byte                             0x08002d69   Thumb Code    68  paj7620u2_iic.o(i.GS_Read_Byte)
    GS_Read_nByte                            0x08002dad   Thumb Code    98  paj7620u2_iic.o(i.GS_Read_nByte)
    GS_WakeUp                                0x08002e0f   Thumb Code    18  paj7620u2_iic.o(i.GS_WakeUp)
    GS_Write_Byte                            0x08002e21   Thumb Code    58  paj7620u2_iic.o(i.GS_Write_Byte)
    GS_i2c_init                              0x08002e5d   Thumb Code    46  paj7620u2_iic.o(i.GS_i2c_init)
    GT9147_Init                              0x08002e91   Thumb Code   258  gt9147.o(i.GT9147_Init)
    GT9147_RD_Reg                            0x08002fb5   Thumb Code    98  gt9147.o(i.GT9147_RD_Reg)
    GT9147_Scan                              0x08003019   Thumb Code   494  gt9147.o(i.GT9147_Scan)
    GT9147_Send_Cfg                          0x08003219   Thumb Code    86  gt9147.o(i.GT9147_Send_Cfg)
    GT9147_WR_Reg                            0x08003275   Thumb Code    92  gt9147.o(i.GT9147_WR_Reg)
    Get_HzMat                                0x080032d1   Thumb Code   220  text.o(i.Get_HzMat)
    HardFault_Handler                        0x080033b1   Thumb Code     4  stm32f10x_it.o(i.HardFault_Handler)
    IIC_Ack                                  0x080033b5   Thumb Code    66  myiic.o(i.IIC_Ack)
    IIC_Init                                 0x08003405   Thumb Code    46  myiic.o(i.IIC_Init)
    IIC_NAck                                 0x08003439   Thumb Code    66  myiic.o(i.IIC_NAck)
    IIC_Read_Byte                            0x08003489   Thumb Code    98  myiic.o(i.IIC_Read_Byte)
    IIC_Send_Byte                            0x080034f9   Thumb Code   104  myiic.o(i.IIC_Send_Byte)
    IIC_Start                                0x0800356d   Thumb Code    64  myiic.o(i.IIC_Start)
    IIC_Stop                                 0x080035b9   Thumb Code    62  myiic.o(i.IIC_Stop)
    IIC_Wait_Ack                             0x08003605   Thumb Code    86  myiic.o(i.IIC_Wait_Ack)
    INTEL_WINDOW_Init                        0x08003669   Thumb Code   310  intel_window.o(i.INTEL_WINDOW_Init)
    INTX_DISABLE                             0x08003801   Thumb Code     4  sys.o(i.INTX_DISABLE)
    INTX_ENABLE                              0x08003805   Thumb Code     4  sys.o(i.INTX_ENABLE)
    IsCardProgramming                        0x08003809   Thumb Code   142  sdio_sdcard.o(i.IsCardProgramming)
    LCD_Clear                                0x080038a5   Thumb Code   100  lcd.o(i.LCD_Clear)
    LCD_Display_Dir                          0x08003911   Thumb Code   444  lcd.o(i.LCD_Display_Dir)
    LCD_DrawLine                             0x08003ad1   Thumb Code   176  lcd.o(i.LCD_DrawLine)
    LCD_DrawPoint                            0x08003b81   Thumb Code    28  lcd.o(i.LCD_DrawPoint)
    LCD_DrawRectangle                        0x08003ba5   Thumb Code    60  lcd.o(i.LCD_DrawRectangle)
    LCD_Draw_Circle                          0x08003be1   Thumb Code   152  lcd.o(i.LCD_Draw_Circle)
    LCD_Fast_DrawPoint                       0x08003c79   Thumb Code   370  lcd.o(i.LCD_Fast_DrawPoint)
    LCD_Fill                                 0x08003df5   Thumb Code   178  lcd.o(i.LCD_Fill)
    LCD_Init                                 0x08003eb1   Thumb Code 14162  lcd.o(i.LCD_Init)
    LCD_Pow                                  0x0800760d   Thumb Code    22  lcd.o(i.LCD_Pow)
    LCD_RD_DATA                              0x08007625   Thumb Code    14  lcd.o(i.LCD_RD_DATA)
    LCD_ReadReg                              0x08007639   Thumb Code    22  lcd.o(i.LCD_ReadReg)
    LCD_SSD_BackLightSet                     0x08007651   Thumb Code    80  lcd.o(i.LCD_SSD_BackLightSet)
    LCD_Scan_Dir                             0x080076a5   Thumb Code   744  lcd.o(i.LCD_Scan_Dir)
    LCD_SetCursor                            0x08007991   Thumb Code   418  lcd.o(i.LCD_SetCursor)
    LCD_ShowChar                             0x08007b39   Thumb Code   272  lcd.o(i.LCD_ShowChar)
    LCD_ShowNum                              0x08007c61   Thumb Code   148  lcd.o(i.LCD_ShowNum)
    LCD_ShowString                           0x08007cf5   Thumb Code   102  lcd.o(i.LCD_ShowString)
    LCD_WR_DATA                              0x08007d5d   Thumb Code     6  lcd.o(i.LCD_WR_DATA)
    LCD_WR_REG                               0x08007d69   Thumb Code     6  lcd.o(i.LCD_WR_REG)
    LCD_WriteRAM_Prepare                     0x08007d75   Thumb Code    10  lcd.o(i.LCD_WriteRAM_Prepare)
    LCD_WriteReg                             0x08007d89   Thumb Code    10  lcd.o(i.LCD_WriteReg)
    LIGHT_Init                               0x08007d99   Thumb Code    32  light.o(i.LIGHT_Init)
    MemManage_Handler                        0x08007dbd   Thumb Code     4  stm32f10x_it.o(i.MemManage_Handler)
    NMI_Handler                              0x08007dc1   Thumb Code     2  stm32f10x_it.o(i.NMI_Handler)
    NVIC_Init                                0x08007dc5   Thumb Code   100  misc.o(i.NVIC_Init)
    NVIC_PriorityGroupConfig                 0x08007e35   Thumb Code    10  misc.o(i.NVIC_PriorityGroupConfig)
    OTT2001A_Init                            0x08007e49   Thumb Code   146  ott2001a.o(i.OTT2001A_Init)
    OTT2001A_RD_Reg                          0x08007ee9   Thumb Code    98  ott2001a.o(i.OTT2001A_RD_Reg)
    OTT2001A_Scan                            0x08007f4d   Thumb Code   446  ott2001a.o(i.OTT2001A_Scan)
    OTT2001A_SensorControl                   0x0800812d   Thumb Code    28  ott2001a.o(i.OTT2001A_SensorControl)
    OTT2001A_WR_Reg                          0x08008149   Thumb Code    92  ott2001a.o(i.OTT2001A_WR_Reg)
    PendSV_Handler                           0x080081a5   Thumb Code     2  stm32f10x_it.o(i.PendSV_Handler)
    PrintCom                                 0x080081a9   Thumb Code    42  light.o(i.PrintCom)
    RCC_AHBPeriphClockCmd                    0x080081d9   Thumb Code    26  stm32f10x_rcc.o(i.RCC_AHBPeriphClockCmd)
    RCC_APB1PeriphClockCmd                   0x080081f9   Thumb Code    26  stm32f10x_rcc.o(i.RCC_APB1PeriphClockCmd)
    RCC_APB1PeriphResetCmd                   0x08008219   Thumb Code    26  stm32f10x_rcc.o(i.RCC_APB1PeriphResetCmd)
    RCC_APB2PeriphClockCmd                   0x08008239   Thumb Code    26  stm32f10x_rcc.o(i.RCC_APB2PeriphClockCmd)
    RCC_APB2PeriphResetCmd                   0x08008259   Thumb Code    26  stm32f10x_rcc.o(i.RCC_APB2PeriphResetCmd)
    RCC_GetClocksFreq                        0x08008279   Thumb Code   192  stm32f10x_rcc.o(i.RCC_GetClocksFreq)
    SDEnWideBus                              0x0800834d   Thumb Code   158  sdio_sdcard.o(i.SDEnWideBus)
    SDIO_ClearFlag                           0x080083f9   Thumb Code     6  stm32f10x_sdio.o(i.SDIO_ClearFlag)
    SDIO_ClockCmd                            0x08008405   Thumb Code     6  stm32f10x_sdio.o(i.SDIO_ClockCmd)
    SDIO_Clock_Set                           0x08008411   Thumb Code    16  sdio_sdcard.o(i.SDIO_Clock_Set)
    SDIO_DMACmd                              0x08008425   Thumb Code     6  stm32f10x_sdio.o(i.SDIO_DMACmd)
    SDIO_DataConfig                          0x08008431   Thumb Code    42  stm32f10x_sdio.o(i.SDIO_DataConfig)
    SDIO_DeInit                              0x08008461   Thumb Code    28  stm32f10x_sdio.o(i.SDIO_DeInit)
    SDIO_GetFlagStatus                       0x08008485   Thumb Code    20  stm32f10x_sdio.o(i.SDIO_GetFlagStatus)
    SDIO_GetPowerState                       0x0800849d   Thumb Code    10  stm32f10x_sdio.o(i.SDIO_GetPowerState)
    SDIO_IRQHandler                          0x080084ad   Thumb Code     8  sdio_sdcard.o(i.SDIO_IRQHandler)
    SDIO_Init                                0x080084b5   Thumb Code    42  stm32f10x_sdio.o(i.SDIO_Init)
    SDIO_ReadData                            0x080084e5   Thumb Code     6  stm32f10x_sdio.o(i.SDIO_ReadData)
    SDIO_SendCommand                         0x080084f1   Thumb Code    38  stm32f10x_sdio.o(i.SDIO_SendCommand)
    SDIO_SetPowerState                       0x0800851d   Thumb Code    22  stm32f10x_sdio.o(i.SDIO_SetPowerState)
    SDIO_WriteData                           0x08008539   Thumb Code     6  stm32f10x_sdio.o(i.SDIO_WriteData)
    SD_DMA_Config                            0x08008545   Thumb Code    94  sdio_sdcard.o(i.SD_DMA_Config)
    SD_EnableWideBusOperation                0x080085ad   Thumb Code    94  sdio_sdcard.o(i.SD_EnableWideBusOperation)
    SD_GetCardInfo                           0x08008615   Thumb Code   772  sdio_sdcard.o(i.SD_GetCardInfo)
    SD_Init                                  0x08008929   Thumb Code   238  sdio_sdcard.o(i.SD_Init)
    SD_InitializeCards                       0x08008a29   Thumb Code   316  sdio_sdcard.o(i.SD_InitializeCards)
    SD_PowerON                               0x08008b7d   Thumb Code   450  sdio_sdcard.o(i.SD_PowerON)
    SD_ProcessIRQSrc                         0x08008d59   Thumb Code   296  sdio_sdcard.o(i.SD_ProcessIRQSrc)
    SD_ReadBlock                             0x08008e95   Thumb Code   558  sdio_sdcard.o(i.SD_ReadBlock)
    SD_ReadDisk                              0x080090ed   Thumb Code   152  sdio_sdcard.o(i.SD_ReadDisk)
    SD_ReadMultiBlocks                       0x0800918d   Thumb Code   698  sdio_sdcard.o(i.SD_ReadMultiBlocks)
    SD_SelectDeselect                        0x08009475   Thumb Code    42  sdio_sdcard.o(i.SD_SelectDeselect)
    SD_SetDeviceMode                         0x080094a5   Thumb Code    20  sdio_sdcard.o(i.SD_SetDeviceMode)
    SD_WriteBlock                            0x080094bd   Thumb Code   844  sdio_sdcard.o(i.SD_WriteBlock)
    SD_WriteDisk                             0x08009831   Thumb Code   152  sdio_sdcard.o(i.SD_WriteDisk)
    SD_WriteMultiBlocks                      0x080098d1   Thumb Code   920  sdio_sdcard.o(i.SD_WriteMultiBlocks)
    SPI2_Init                                0x08009c91   Thumb Code   140  spi.o(i.SPI2_Init)
    SPI2_ReadWriteByte                       0x08009d25   Thumb Code    78  spi.o(i.SPI2_ReadWriteByte)
    SPI2_SetSpeed                            0x08009d79   Thumb Code    36  spi.o(i.SPI2_SetSpeed)
    SPI_Cmd                                  0x08009da1   Thumb Code    24  stm32f10x_spi.o(i.SPI_Cmd)
    SPI_I2S_GetFlagStatus                    0x08009db9   Thumb Code    18  stm32f10x_spi.o(i.SPI_I2S_GetFlagStatus)
    SPI_I2S_ReceiveData                      0x08009dcb   Thumb Code     6  stm32f10x_spi.o(i.SPI_I2S_ReceiveData)
    SPI_I2S_SendData                         0x08009dd1   Thumb Code     4  stm32f10x_spi.o(i.SPI_I2S_SendData)
    SPI_Init                                 0x08009dd5   Thumb Code    60  stm32f10x_spi.o(i.SPI_Init)
    SVC_Handler                              0x08009e11   Thumb Code     2  stm32f10x_it.o(i.SVC_Handler)
    Show_Font                                0x08009efd   Thumb Code   190  text.o(i.Show_Font)
    Show_Str                                 0x08009fc5   Thumb Code   194  text.o(i.Show_Str)
    Show_Str_Mid                             0x0800a089   Thumb Code   106  text.o(i.Show_Str_Mid)
    SysTick_CLKSourceConfig                  0x0800a0f9   Thumb Code    40  misc.o(i.SysTick_CLKSourceConfig)
    SysTick_Handler                          0x0800a121   Thumb Code     2  stm32f10x_it.o(i.SysTick_Handler)
    SystemInit                               0x0800a125   Thumb Code    78  system_stm32f10x.o(i.SystemInit)
    TIM7_IRQHandler                          0x0800a185   Thumb Code    42  timer.o(i.TIM7_IRQHandler)
    TIM7_Int_Init                            0x0800a1b9   Thumb Code    90  timer.o(i.TIM7_Int_Init)
    TIM_ClearITPendingBit                    0x0800a219   Thumb Code     6  stm32f10x_tim.o(i.TIM_ClearITPendingBit)
    TIM_Cmd                                  0x0800a21f   Thumb Code    24  stm32f10x_tim.o(i.TIM_Cmd)
    TIM_GetITStatus                          0x0800a237   Thumb Code    34  stm32f10x_tim.o(i.TIM_GetITStatus)
    TIM_ITConfig                             0x0800a259   Thumb Code    18  stm32f10x_tim.o(i.TIM_ITConfig)
    TIM_SetCounter                           0x0800a26b   Thumb Code     4  stm32f10x_tim.o(i.TIM_SetCounter)
    TIM_TimeBaseInit                         0x0800a271   Thumb Code   122  stm32f10x_tim.o(i.TIM_TimeBaseInit)
    TP_Adj_Info_Show                         0x0800a315   Thumb Code   374  touch.o(i.TP_Adj_Info_Show)
    TP_Adjust                                0x0800a4bd   Thumb Code  2058  touch.o(i.TP_Adjust)
    TP_Drow_Touch_Point                      0x0800ad19   Thumb Code   108  touch.o(i.TP_Drow_Touch_Point)
    TP_Get_Adjdata                           0x0800ad89   Thumb Code    68  touch.o(i.TP_Get_Adjdata)
    TP_Init                                  0x0800add9   Thumb Code   330  touch.o(i.TP_Init)
    TP_Read_AD                               0x0800af41   Thumb Code   132  touch.o(i.TP_Read_AD)
    TP_Read_XOY                              0x0800afd5   Thumb Code   120  touch.o(i.TP_Read_XOY)
    TP_Read_XY                               0x0800b04d   Thumb Code    38  touch.o(i.TP_Read_XY)
    TP_Read_XY2                              0x0800b07d   Thumb Code   192  touch.o(i.TP_Read_XY2)
    TP_Save_Adjdata                          0x0800b13d   Thumb Code    22  touch.o(i.TP_Save_Adjdata)
    TP_Scan                                  0x0800b159   Thumb Code   262  touch.o(i.TP_Scan)
    TP_Write_Byte                            0x0800b269   Thumb Code    64  touch.o(i.TP_Write_Byte)
    USART1_IRQHandler                        0x0800b2b5   Thumb Code   122  usart.o(i.USART1_IRQHandler)
    USART2_IRQHandler                        0x0800b33d   Thumb Code   122  usart2.o(i.USART2_IRQHandler)
    USART3_IRQHandler                        0x0800b3c5   Thumb Code    94  usart3.o(i.USART3_IRQHandler)
    USART_Cmd                                0x0800b435   Thumb Code    24  stm32f10x_usart.o(i.USART_Cmd)
    USART_DeInit                             0x0800b44d   Thumb Code   134  stm32f10x_usart.o(i.USART_DeInit)
    USART_GetFlagStatus                      0x0800b4e9   Thumb Code    26  stm32f10x_usart.o(i.USART_GetFlagStatus)
    USART_GetITStatus                        0x0800b503   Thumb Code    84  stm32f10x_usart.o(i.USART_GetITStatus)
    USART_ITConfig                           0x0800b557   Thumb Code    74  stm32f10x_usart.o(i.USART_ITConfig)
    USART_Init                               0x0800b5a1   Thumb Code   210  stm32f10x_usart.o(i.USART_Init)
    USART_ReceiveData                        0x0800b679   Thumb Code    10  stm32f10x_usart.o(i.USART_ReceiveData)
    USART_SendData                           0x0800b683   Thumb Code     8  stm32f10x_usart.o(i.USART_SendData)
    UsageFault_Handler                       0x0800b68b   Thumb Code     4  stm32f10x_it.o(i.UsageFault_Handler)
    VOICE_Init                               0x0800b691   Thumb Code    46  voice.o(i.VOICE_Init)
    W25QXX_Erase_Sector                      0x0800b6c5   Thumb Code    70  w25qxx.o(i.W25QXX_Erase_Sector)
    W25QXX_Init                              0x0800b71d   Thumb Code    74  w25qxx.o(i.W25QXX_Init)
    W25QXX_Read                              0x0800b775   Thumb Code    74  w25qxx.o(i.W25QXX_Read)
    W25QXX_ReadID                            0x0800b7c5   Thumb Code    64  w25qxx.o(i.W25QXX_ReadID)
    W25QXX_ReadSR                            0x0800b80d   Thumb Code    36  w25qxx.o(i.W25QXX_ReadSR)
    W25QXX_Wait_Busy                         0x0800b839   Thumb Code    18  w25qxx.o(i.W25QXX_Wait_Busy)
    W25QXX_Write                             0x0800b84d   Thumb Code   180  w25qxx.o(i.W25QXX_Write)
    W25QXX_Write_Enable                      0x0800b905   Thumb Code    24  w25qxx.o(i.W25QXX_Write_Enable)
    W25QXX_Write_NoCheck                     0x0800b925   Thumb Code    70  w25qxx.o(i.W25QXX_Write_NoCheck)
    W25QXX_Write_Page                        0x0800b96d   Thumb Code    80  w25qxx.o(i.W25QXX_Write_Page)
    WINDOW_Init                              0x0800b9c1   Thumb Code   350  window.o(i.WINDOW_Init)
    __ARM_fpclassify                         0x0800bc79   Thumb Code    40  fpclassify.o(i.__ARM_fpclassify)
    _is_digit                                0x0800bca1   Thumb Code    14  __printf_wp.o(i._is_digit)
    _sys_exit                                0x0800bcaf   Thumb Code     6  usart.o(i._sys_exit)
    atk_8266_check_cmd                       0x0800bcb5   Thumb Code    44  common.o(i.atk_8266_check_cmd)
    atk_8266_consta_check                    0x0800bce9   Thumb Code    36  common.o(i.atk_8266_consta_check)
    atk_8266_get_keynum                      0x0800bd2d   Thumb Code   230  common.o(i.atk_8266_get_keynum)
    atk_8266_get_wanip                       0x0800be1d   Thumb Code    58  common.o(i.atk_8266_get_wanip)
    atk_8266_ip_set                          0x0800be71   Thumb Code   384  common.o(i.atk_8266_ip_set)
    atk_8266_key_staset                      0x0800c029   Thumb Code   290  common.o(i.atk_8266_key_staset)
    atk_8266_load_keyboard                   0x0800c155   Thumb Code   272  common.o(i.atk_8266_load_keyboard)
    atk_8266_quit_trans                      0x0800c271   Thumb Code   100  common.o(i.atk_8266_quit_trans)
    atk_8266_send_cmd                        0x0800c2e1   Thumb Code    84  common.o(i.atk_8266_send_cmd)
    atk_8266_test                            0x0800c341   Thumb Code   210  common.o(i.atk_8266_test)
    atk_8266_wifista_test                    0x0800c499   Thumb Code  1692  wifista.o(i.atk_8266_wifista_test)
    ble_test                                 0x0800cb45   Thumb Code   114  ble.o(i.ble_test)
    convert_from_bytes_to_power_of_two       0x0800cc71   Thumb Code    18  sdio_sdcard.o(i.convert_from_bytes_to_power_of_two)
    crc16                                    0x0800cc85   Thumb Code    48  kmp.o(i.crc16)
    delay_init                               0x0800ccbd   Thumb Code    50  delay.o(i.delay_init)
    delay_ms                                 0x0800cd01   Thumb Code    72  delay.o(i.delay_ms)
    delay_us                                 0x0800cd4d   Thumb Code    72  delay.o(i.delay_us)
    disk_initialize                          0x0800cd99   Thumb Code    52  diskio.o(i.disk_initialize)
    disk_read                                0x0800cdd1   Thumb Code   122  diskio.o(i.disk_read)
    disk_status                              0x0800ce4b   Thumb Code     6  diskio.o(i.disk_status)
    disk_write                               0x0800ce51   Thumb Code   122  diskio.o(i.disk_write)
    exfuns_init                              0x0800cecd   Thumb Code   114  exfuns.o(i.exfuns_init)
    f_mount                                  0x0800cf51   Thumb Code    86  ff.o(i.f_mount)
    font_init                                0x0800d341   Thumb Code    64  fontupd.o(i.font_init)
    fputc                                    0x0800d385   Thumb Code    24  usart.o(i.fputc)
    gesture_test                             0x0800d3a1   Thumb Code   148  gesture.o(i.gesture_test)
    handleGesture                            0x0800d4a9   Thumb Code   290  paj7620u2.o(i.handleGesture)
    intel_window_back                        0x0800d5dd   Thumb Code   132  intel_window.o(i.intel_window_back)
    intel_window_get_keynum                  0x0800d671   Thumb Code   250  intel_window.o(i.intel_window_get_keynum)
    intel_window_key_staset                  0x0800d771   Thumb Code   290  intel_window.o(i.intel_window_key_staset)
    intelligent_test                         0x0800d8d5   Thumb Code   120  usart2.o(i.intelligent_test)
    light_handle                             0x0800d951   Thumb Code   316  light.o(i.light_handle)
    light_test                               0x0800da9d   Thumb Code   112  light.o(i.light_test)
    main                                     0x0800db2d   Thumb Code   180  main.o(i.main)
    music_handleGesture                      0x0800dc29   Thumb Code   438  paj7620u2.o(i.music_handleGesture)
    music_test                               0x0800ddf5   Thumb Code   110  music.o(i.music_test)
    my_mem_free                              0x0800de85   Thumb Code    96  malloc.o(i.my_mem_free)
    my_mem_init                              0x0800def1   Thumb Code    54  malloc.o(i.my_mem_init)
    my_mem_malloc                            0x0800df35   Thumb Code   156  malloc.o(i.my_mem_malloc)
    my_mem_perused                           0x0800dfdd   Thumb Code    54  malloc.o(i.my_mem_perused)
    myfree                                   0x0800e01d   Thumb Code    30  malloc.o(i.myfree)
    mymalloc                                 0x0800e041   Thumb Code    34  malloc.o(i.mymalloc)
    mymemset                                 0x0800e069   Thumb Code    20  malloc.o(i.mymemset)
    paj7620u2_init                           0x0800e07d   Thumb Code    64  paj7620u2.o(i.paj7620u2_init)
    paj7620u2_selectBank                     0x0800e0c1   Thumb Code    36  paj7620u2.o(i.paj7620u2_selectBank)
    paj7620u2_wakeup                         0x0800e0e5   Thumb Code    50  paj7620u2.o(i.paj7620u2_wakeup)
    runActionGroup                           0x0800e119   Thumb Code    42  light.o(i.runActionGroup)
    sqrt                                     0x0800e149   Thumb Code    76  sqrt.o(i.sqrt)
    stopActionGroup                          0x0800e195   Thumb Code    34  light.o(i.stopActionGroup)
    u3_printf                                0x0800e209   Thumb Code    72  usart3.o(i.u3_printf)
    uart_init                                0x0800e259   Thumb Code   152  usart.o(i.uart_init)
    usart2_init                              0x0800e2f9   Thumb Code   166  usart2.o(i.usart2_init)
    usart3_init                              0x0800e3a9   Thumb Code   192  usart3.o(i.usart3_init)
    voice_test                               0x0800e479   Thumb Code   222  voice.o(i.voice_test)
    window_back                              0x0800e58d   Thumb Code   132  window.o(i.window_back)
    window_get_keynum                        0x0800e621   Thumb Code   202  window.o(i.window_get_keynum)
    window_key_staset                        0x0800e6f1   Thumb Code   264  window.o(i.window_key_staset)
    _get_lc_numeric                          0x0800e829   Thumb Code    44  lc_numeric_c.o(locale$$code)
    _get_lc_ctype                            0x0800e855   Thumb Code    44  lc_ctype_c.o(locale$$code)
    __aeabi_dadd                             0x0800e881   Thumb Code     0  daddsub_clz.o(x$fpl$dadd)
    _dadd                                    0x0800e881   Thumb Code   332  daddsub_clz.o(x$fpl$dadd)
    __fpl_dcmp_Inf                           0x0800e9d1   Thumb Code    24  dcmpi.o(x$fpl$dcmpinf)
    __aeabi_d2uiz                            0x0800e9e9   Thumb Code     0  dfixu.o(x$fpl$dfixu)
    _dfixu                                   0x0800e9e9   Thumb Code    90  dfixu.o(x$fpl$dfixu)
    __aeabi_i2d                              0x0800ea43   Thumb Code     0  dflt_clz.o(x$fpl$dflt)
    _dflt                                    0x0800ea43   Thumb Code    46  dflt_clz.o(x$fpl$dflt)
    __aeabi_ui2d                             0x0800ea71   Thumb Code     0  dflt_clz.o(x$fpl$dfltu)
    _dfltu                                   0x0800ea71   Thumb Code    38  dflt_clz.o(x$fpl$dfltu)
    __aeabi_cdcmple                          0x0800ea99   Thumb Code     0  dleqf.o(x$fpl$dleqf)
    _dcmple                                  0x0800ea99   Thumb Code   120  dleqf.o(x$fpl$dleqf)
    __fpl_dcmple_InfNaN                      0x0800eafb   Thumb Code     0  dleqf.o(x$fpl$dleqf)
    __aeabi_dmul                             0x0800eb11   Thumb Code     0  dmul.o(x$fpl$dmul)
    _dmul                                    0x0800eb11   Thumb Code   332  dmul.o(x$fpl$dmul)
    __fpl_dnaninf                            0x0800ec65   Thumb Code   156  dnaninf.o(x$fpl$dnaninf)
    __fpl_dretinf                            0x0800ed01   Thumb Code    12  dretinf.o(x$fpl$dretinf)
    __aeabi_cdrcmple                         0x0800ed0d   Thumb Code     0  drleqf.o(x$fpl$drleqf)
    _drcmple                                 0x0800ed0d   Thumb Code   108  drleqf.o(x$fpl$drleqf)
    __aeabi_drsub                            0x0800ed79   Thumb Code     0  daddsub_clz.o(x$fpl$drsb)
    _drsb                                    0x0800ed79   Thumb Code    22  daddsub_clz.o(x$fpl$drsb)
    _dsqrt                                   0x0800ed91   Thumb Code   456  dsqrt_noumaal.o(x$fpl$dsqrt)
    __aeabi_dsub                             0x0800ef5d   Thumb Code     0  daddsub_clz.o(x$fpl$dsub)
    _dsub                                    0x0800ef5d   Thumb Code   464  daddsub_clz.o(x$fpl$dsub)
    __aeabi_f2d                              0x0800f131   Thumb Code     0  f2d.o(x$fpl$f2d)
    _f2d                                     0x0800f131   Thumb Code    86  f2d.o(x$fpl$f2d)
    __aeabi_fadd                             0x0800f189   Thumb Code     0  faddsub_clz.o(x$fpl$fadd)
    _fadd                                    0x0800f189   Thumb Code   196  faddsub_clz.o(x$fpl$fadd)
    __aeabi_fdiv                             0x0800f24d   Thumb Code     0  fdiv.o(x$fpl$fdiv)
    _fdiv                                    0x0800f24d   Thumb Code   384  fdiv.o(x$fpl$fdiv)
    __aeabi_f2iz                             0x0800f3d1   Thumb Code     0  ffix.o(x$fpl$ffix)
    _ffix                                    0x0800f3d1   Thumb Code    54  ffix.o(x$fpl$ffix)
    __aeabi_f2uiz                            0x0800f409   Thumb Code     0  ffixu.o(x$fpl$ffixu)
    _ffixu                                   0x0800f409   Thumb Code    62  ffixu.o(x$fpl$ffixu)
    __aeabi_i2f                              0x0800f449   Thumb Code     0  fflt_clz.o(x$fpl$fflt)
    _fflt                                    0x0800f449   Thumb Code    48  fflt_clz.o(x$fpl$fflt)
    __aeabi_ui2f                             0x0800f479   Thumb Code     0  fflt_clz.o(x$fpl$ffltu)
    _ffltu                                   0x0800f479   Thumb Code    38  fflt_clz.o(x$fpl$ffltu)
    __aeabi_fmul                             0x0800f4a1   Thumb Code     0  fmul.o(x$fpl$fmul)
    _fmul                                    0x0800f4a1   Thumb Code   258  fmul.o(x$fpl$fmul)
    __fpl_fnaninf                            0x0800f5a3   Thumb Code   140  fnaninf.o(x$fpl$fnaninf)
    __fpl_fretinf                            0x0800f62f   Thumb Code    10  fretinf.o(x$fpl$fretinf)
    __aeabi_fsub                             0x0800f639   Thumb Code     0  faddsub_clz.o(x$fpl$fsub)
    _fsub                                    0x0800f639   Thumb Code   234  faddsub_clz.o(x$fpl$fsub)
    _printf_fp_dec                           0x0800f723   Thumb Code     4  printf1.o(x$fpl$printf1)
    __I$use$fp                               0x0800f726   Number         0  usenofp.o(x$fpl$usenofp)
    asc2_1206                                0x0800f726   Data        1140  lcd.o(.constdata)
    asc2_1608                                0x0800fb9a   Data        1520  lcd.o(.constdata)
    asc2_2412                                0x0801018a   Data        3420  lcd.o(.constdata)
    FT5206_TPX_TBL                           0x08010ee6   Data          10  ft5206.o(.constdata)
    GT9147_CFG_TBL                           0x08010ef0   Data         184  gt9147.o(.constdata)
    GT9147_TPX_TBL                           0x08010fa8   Data          10  gt9147.o(.constdata)
    OTT_TPX_TBL                              0x08010fb2   Data          10  ott2001a.o(.constdata)
    TP_REMIND_MSG_TBL                        0x08010fbc   Data           4  touch.o(.constdata)
    auchCRCHi                                0x08010fc8   Data         256  kmp.o(.constdata)
    auchCRCLo                                0x080110c8   Data         256  kmp.o(.constdata)
    init_Array                               0x080112fc   Data         102  paj7620u2.o(.constdata)
    proximity_arry                           0x08011362   Data          70  paj7620u2.o(.constdata)
    gesture_arry                             0x080113a8   Data          60  paj7620u2.o(.constdata)
    memtblsize                               0x080113ec   Data           8  malloc.o(.constdata)
    memblksize                               0x080113f4   Data           8  malloc.o(.constdata)
    memsize                                  0x080113fc   Data           8  malloc.o(.constdata)
    Region$$Table$$Base                      0x08011650   Number         0  anon$$obj.o(Region$$Table)
    Region$$Table$$Limit                     0x08011670   Number         0  anon$$obj.o(Region$$Table)
    __ctype                                  0x08011699   Data           0  lc_ctype_c.o(locale$$data)
    SystemCoreClock                          0x20000000   Data           4  system_stm32f10x.o(.data)
    AHBPrescTable                            0x20000004   Data          16  system_stm32f10x.o(.data)
    __stdout                                 0x20000018   Data           4  usart.o(.data)
    USART_RX_STA                             0x2000001c   Data           2  usart.o(.data)
    POINT_COLOR                              0x2000001e   Data           2  lcd.o(.data)
    BACK_COLOR                               0x20000020   Data           2  lcd.o(.data)
    tp_dev                                   0x20000028   Data          52  touch.o(.data)
    CMD_RDX                                  0x2000005c   Data           1  touch.o(.data)
    CMD_RDY                                  0x2000005d   Data           1  touch.o(.data)
    USART3_RX_STA                            0x2000005e   Data           2  usart3.o(.data)
    USART2_RX_STA                            0x20000064   Data           2  usart2.o(.data)
    W25QXX_TYPE                              0x2000006e   Data           2  w25qxx.o(.data)
    TransferError                            0x2000007a   Data           1  sdio_sdcard.o(.data)
    TransferEnd                              0x2000007b   Data           1  sdio_sdcard.o(.data)
    tempbuff                                 0x2000007c   Data           4  sdio_sdcard.o(.data)
    mallco_dev                               0x20000094   Data          28  malloc.o(.data)
    portnum                                  0x200000b0   Data           4  common.o(.data)
    wifista_ssid                             0x200000b4   Data           4  common.o(.data)
    wifista_encryption                       0x200000b8   Data           4  common.o(.data)
    wifista_password                         0x200000bc   Data           4  common.o(.data)
    wifiap_ssid                              0x200000c0   Data           4  common.o(.data)
    wifiap_encryption                        0x200000c4   Data           4  common.o(.data)
    wifiap_password                          0x200000c8   Data           4  common.o(.data)
    ATK_ESP8266_CWMODE_TBL                   0x200000cc   Data          12  common.o(.data)
    ATK_ESP8266_WORKMODE_TBL                 0x200000d8   Data          12  common.o(.data)
    ATK_ESP8266_ECN_TBL                      0x200000e4   Data          20  common.o(.data)
    kbd_tbl                                  0x200000f8   Data          52  common.o(.data)
    kbd_fn_tbl                               0x2000012c   Data           8  common.o(.data)
    fs                                       0x20000138   Data           8  exfuns.o(.data)
    file                                     0x20000140   Data           4  exfuns.o(.data)
    ftemp                                    0x20000144   Data           4  exfuns.o(.data)
    br                                       0x20000148   Data           4  exfuns.o(.data)
    bw                                       0x2000014c   Data           4  exfuns.o(.data)
    fatbuf                                   0x20000150   Data           4  exfuns.o(.data)
    FLASH_SECTOR_COUNT                       0x20000154   Data           2  diskio.o(.data)
    USART_RX_BUF                             0x20000164   Data         200  usart.o(.bss)
    lcddev                                   0x2000022c   Data          14  lcd.o(.bss)
    USART3_RX_BUF                            0x2000023a   Data         600  usart3.o(.bss)
    USART3_TX_BUF                            0x20000492   Data         600  usart3.o(.bss)
    USART2_RX_BUF                            0x200006f3   Data         200  usart2.o(.bss)
    W25QXX_BUFFER                            0x200007bb   Data        4096  w25qxx.o(.bss)
    SDIO_InitStructure                       0x200017c0   Data          24  sdio_sdcard.o(.bss)
    SDIO_CmdInitStructure                    0x200017d8   Data          20  sdio_sdcard.o(.bss)
    SDIO_DataInitStructure                   0x200017ec   Data          24  sdio_sdcard.o(.bss)
    SDCardInfo                               0x20001828   Data          88  sdio_sdcard.o(.bss)
    SDIO_DATA_BUFFER                         0x20001880   Data         512  sdio_sdcard.o(.bss)
    mem1base                                 0x20001a80   Data       40960  malloc.o(.bss)
    mem1mapbase                              0x2000ba80   Data        2560  malloc.o(.bss)
    ftinfo                                   0x2000c480   Data          33  fontupd.o(.bss)
    __libspace_start                         0x2000c4a4   Data          96  libspace.o(.bss)
    __temporary_stack_top$libspace           0x2000c504   Data           0  libspace.o(.bss)
    mem2base                                 0x68000000   Data       983040  malloc.o(.ARM.__AT_0x68000000)
    mem2mapbase                              0x680f0000   Data       61440  malloc.o(.ARM.__AT_0x680F0000)



==============================================================================

Memory Map of the image

  Image Entry point : 0x08000131

  Load Region LR_IROM1 (Base: 0x08000000, Size: 0x00011900, Max: 0x00080000, ABSOLUTE, COMPRESSED[0x0001184c])

    Execution Region ER_IROM1 (Base: 0x08000000, Size: 0x0001179c, Max: 0x00080000, ABSOLUTE)

    Base Addr    Size         Type   Attr      Idx    E Section Name        Object

    0x08000000   0x00000130   Data   RO          337    RESET               startup_stm32f10x_hd.o
    0x08000130   0x00000008   Code   RO         4457  * !!!main             c_w.l(__main.o)
    0x08000138   0x00000034   Code   RO         4863    !!!scatter          c_w.l(__scatter.o)
    0x0800016c   0x0000005a   Code   RO         4861    !!dczerorl2         c_w.l(__dczerorl2.o)
    0x080001c6   0x00000002   PAD
    0x080001c8   0x0000001c   Code   RO         4865    !!handler_zi        c_w.l(__scatter_zi.o)
    0x080001e4   0x00000000   Code   RO         4438    .ARM.Collect$$_printf_percent$$00000000  c_w.l(_printf_percent.o)
    0x080001e4   0x00000006   Code   RO         4581    .ARM.Collect$$_printf_percent$$00000001  c_w.l(_printf_n.o)
    0x080001ea   0x00000006   Code   RO         4582    .ARM.Collect$$_printf_percent$$00000002  c_w.l(_printf_p.o)
    0x080001f0   0x00000006   Code   RO         4586    .ARM.Collect$$_printf_percent$$00000003  c_w.l(_printf_f.o)
    0x080001f6   0x00000006   Code   RO         4587    .ARM.Collect$$_printf_percent$$00000004  c_w.l(_printf_e.o)
    0x080001fc   0x00000006   Code   RO         4588    .ARM.Collect$$_printf_percent$$00000005  c_w.l(_printf_g.o)
    0x08000202   0x00000006   Code   RO         4589    .ARM.Collect$$_printf_percent$$00000006  c_w.l(_printf_a.o)
    0x08000208   0x0000000a   Code   RO         4594    .ARM.Collect$$_printf_percent$$00000007  c_w.l(_printf_ll.o)
    0x08000212   0x00000006   Code   RO         4584    .ARM.Collect$$_printf_percent$$00000008  c_w.l(_printf_i.o)
    0x08000218   0x00000006   Code   RO         4437    .ARM.Collect$$_printf_percent$$00000009  c_w.l(_printf_d.o)
    0x0800021e   0x00000006   Code   RO         4585    .ARM.Collect$$_printf_percent$$0000000A  c_w.l(_printf_u.o)
    0x08000224   0x00000006   Code   RO         4583    .ARM.Collect$$_printf_percent$$0000000B  c_w.l(_printf_o.o)
    0x0800022a   0x00000006   Code   RO         4436    .ARM.Collect$$_printf_percent$$0000000C  c_w.l(_printf_x.o)
    0x08000230   0x00000006   Code   RO         4591    .ARM.Collect$$_printf_percent$$0000000D  c_w.l(_printf_lli.o)
    0x08000236   0x00000006   Code   RO         4592    .ARM.Collect$$_printf_percent$$0000000E  c_w.l(_printf_lld.o)
    0x0800023c   0x00000006   Code   RO         4593    .ARM.Collect$$_printf_percent$$0000000F  c_w.l(_printf_llu.o)
    0x08000242   0x00000006   Code   RO         4598    .ARM.Collect$$_printf_percent$$00000010  c_w.l(_printf_llo.o)
    0x08000248   0x00000006   Code   RO         4599    .ARM.Collect$$_printf_percent$$00000011  c_w.l(_printf_llx.o)
    0x0800024e   0x0000000a   Code   RO         4595    .ARM.Collect$$_printf_percent$$00000012  c_w.l(_printf_l.o)
    0x08000258   0x00000006   Code   RO         4580    .ARM.Collect$$_printf_percent$$00000013  c_w.l(_printf_c.o)
    0x0800025e   0x00000006   Code   RO         4435    .ARM.Collect$$_printf_percent$$00000014  c_w.l(_printf_s.o)
    0x08000264   0x00000006   Code   RO         4596    .ARM.Collect$$_printf_percent$$00000015  c_w.l(_printf_lc.o)
    0x0800026a   0x00000006   Code   RO         4597    .ARM.Collect$$_printf_percent$$00000016  c_w.l(_printf_ls.o)
    0x08000270   0x00000004   Code   RO         4590    .ARM.Collect$$_printf_percent$$00000017  c_w.l(_printf_percent_end.o)
    0x08000274   0x00000002   Code   RO         4791    .ARM.Collect$$libinit$$00000000  c_w.l(libinit.o)
    0x08000276   0x00000000   Code   RO         4605    .ARM.Collect$$libinit$$00000002  c_w.l(libinit2.o)
    0x08000276   0x00000000   Code   RO         4607    .ARM.Collect$$libinit$$00000004  c_w.l(libinit2.o)
    0x08000276   0x00000000   Code   RO         4610    .ARM.Collect$$libinit$$0000000A  c_w.l(libinit2.o)
    0x08000276   0x00000000   Code   RO         4612    .ARM.Collect$$libinit$$0000000C  c_w.l(libinit2.o)
    0x08000276   0x00000000   Code   RO         4614    .ARM.Collect$$libinit$$0000000E  c_w.l(libinit2.o)
    0x08000276   0x00000006   Code   RO         4615    .ARM.Collect$$libinit$$0000000F  c_w.l(libinit2.o)
    0x0800027c   0x00000000   Code   RO         4617    .ARM.Collect$$libinit$$00000011  c_w.l(libinit2.o)
    0x0800027c   0x0000000c   Code   RO         4618    .ARM.Collect$$libinit$$00000012  c_w.l(libinit2.o)
    0x08000288   0x00000000   Code   RO         4619    .ARM.Collect$$libinit$$00000013  c_w.l(libinit2.o)
    0x08000288   0x00000000   Code   RO         4621    .ARM.Collect$$libinit$$00000015  c_w.l(libinit2.o)
    0x08000288   0x0000000a   Code   RO         4622    .ARM.Collect$$libinit$$00000016  c_w.l(libinit2.o)
    0x08000292   0x00000000   Code   RO         4623    .ARM.Collect$$libinit$$00000017  c_w.l(libinit2.o)
    0x08000292   0x00000000   Code   RO         4625    .ARM.Collect$$libinit$$00000019  c_w.l(libinit2.o)
    0x08000292   0x00000000   Code   RO         4627    .ARM.Collect$$libinit$$0000001B  c_w.l(libinit2.o)
    0x08000292   0x00000000   Code   RO         4629    .ARM.Collect$$libinit$$0000001D  c_w.l(libinit2.o)
    0x08000292   0x00000000   Code   RO         4631    .ARM.Collect$$libinit$$0000001F  c_w.l(libinit2.o)
    0x08000292   0x00000000   Code   RO         4633    .ARM.Collect$$libinit$$00000021  c_w.l(libinit2.o)
    0x08000292   0x00000000   Code   RO         4635    .ARM.Collect$$libinit$$00000023  c_w.l(libinit2.o)
    0x08000292   0x00000000   Code   RO         4637    .ARM.Collect$$libinit$$00000025  c_w.l(libinit2.o)
    0x08000292   0x00000000   Code   RO         4641    .ARM.Collect$$libinit$$0000002C  c_w.l(libinit2.o)
    0x08000292   0x00000000   Code   RO         4643    .ARM.Collect$$libinit$$0000002E  c_w.l(libinit2.o)
    0x08000292   0x00000000   Code   RO         4645    .ARM.Collect$$libinit$$00000030  c_w.l(libinit2.o)
    0x08000292   0x00000000   Code   RO         4647    .ARM.Collect$$libinit$$00000032  c_w.l(libinit2.o)
    0x08000292   0x00000002   Code   RO         4648    .ARM.Collect$$libinit$$00000033  c_w.l(libinit2.o)
    0x08000294   0x00000002   Code   RO         4858    .ARM.Collect$$libshutdown$$00000000  c_w.l(libshutdown.o)
    0x08000296   0x00000000   Code   RO         4814    .ARM.Collect$$libshutdown$$00000002  c_w.l(libshutdown2.o)
    0x08000296   0x00000000   Code   RO         4816    .ARM.Collect$$libshutdown$$00000004  c_w.l(libshutdown2.o)
    0x08000296   0x00000000   Code   RO         4819    .ARM.Collect$$libshutdown$$00000007  c_w.l(libshutdown2.o)
    0x08000296   0x00000000   Code   RO         4822    .ARM.Collect$$libshutdown$$0000000A  c_w.l(libshutdown2.o)
    0x08000296   0x00000000   Code   RO         4824    .ARM.Collect$$libshutdown$$0000000C  c_w.l(libshutdown2.o)
    0x08000296   0x00000000   Code   RO         4827    .ARM.Collect$$libshutdown$$0000000F  c_w.l(libshutdown2.o)
    0x08000296   0x00000002   Code   RO         4828    .ARM.Collect$$libshutdown$$00000010  c_w.l(libshutdown2.o)
    0x08000298   0x00000000   Code   RO         4523    .ARM.Collect$$rtentry$$00000000  c_w.l(__rtentry.o)
    0x08000298   0x00000000   Code   RO         4672    .ARM.Collect$$rtentry$$00000002  c_w.l(__rtentry2.o)
    0x08000298   0x00000006   Code   RO         4684    .ARM.Collect$$rtentry$$00000004  c_w.l(__rtentry4.o)
    0x0800029e   0x00000000   Code   RO         4674    .ARM.Collect$$rtentry$$00000009  c_w.l(__rtentry2.o)
    0x0800029e   0x00000004   Code   RO         4675    .ARM.Collect$$rtentry$$0000000A  c_w.l(__rtentry2.o)
    0x080002a2   0x00000000   Code   RO         4677    .ARM.Collect$$rtentry$$0000000C  c_w.l(__rtentry2.o)
    0x080002a2   0x00000008   Code   RO         4678    .ARM.Collect$$rtentry$$0000000D  c_w.l(__rtentry2.o)
    0x080002aa   0x00000002   Code   RO         4796    .ARM.Collect$$rtexit$$00000000  c_w.l(rtexit.o)
    0x080002ac   0x00000000   Code   RO         4832    .ARM.Collect$$rtexit$$00000002  c_w.l(rtexit2.o)
    0x080002ac   0x00000004   Code   RO         4833    .ARM.Collect$$rtexit$$00000003  c_w.l(rtexit2.o)
    0x080002b0   0x00000006   Code   RO         4834    .ARM.Collect$$rtexit$$00000004  c_w.l(rtexit2.o)
    0x080002b6   0x00000002   PAD
    0x080002b8   0x00000040   Code   RO          338    .text               startup_stm32f10x_hd.o
    0x080002f8   0x00000002   Code   RO         4312    .text               c_w.l(use_no_semi_2.o)
    0x080002fa   0x00000002   PAD
    0x080002fc   0x00000024   Code   RO         4378    .text               c_w.l(c89vsprintf.o)
    0x08000320   0x00000018   Code   RO         4380    .text               c_w.l(__2printf.o)
    0x08000338   0x0000002c   Code   RO         4382    .text               c_w.l(__2sprintf.o)
    0x08000364   0x00000052   Code   RO         4390    .text               c_w.l(_printf_str.o)
    0x080003b6   0x00000002   PAD
    0x080003b8   0x00000078   Code   RO         4392    .text               c_w.l(_printf_dec.o)
    0x08000430   0x00000094   Code   RO         4412    .text               c_w.l(_printf_hex_int_ll_ptr.o)
    0x080004c4   0x00000188   Code   RO         4432    .text               c_w.l(__printf_flags_ss_wp.o)
    0x0800064c   0x00000024   Code   RO         4439    .text               c_w.l(strstr.o)
    0x08000670   0x0000003e   Code   RO         4443    .text               c_w.l(strlen.o)
    0x080006ae   0x0000008a   Code   RO         4447    .text               c_w.l(rt_memcpy_v6.o)
    0x08000738   0x00000064   Code   RO         4449    .text               c_w.l(rt_memcpy_w.o)
    0x0800079c   0x00000080   Code   RO         4453    .text               c_w.l(strcmpv7m.o)
    0x0800081c   0x00000006   Code   RO         4455    .text               c_w.l(heapauxi.o)
    0x08000822   0x00000002   Code   RO         4519    .text               c_w.l(use_no_semi.o)
    0x08000824   0x00000016   Code   RO         4551    .text               c_w.l(_rserrno.o)
    0x0800083a   0x0000004e   Code   RO         4553    .text               c_w.l(_printf_pad.o)
    0x08000888   0x00000024   Code   RO         4555    .text               c_w.l(_printf_truncate.o)
    0x080008ac   0x000000b2   Code   RO         4557    .text               c_w.l(_printf_intcommon.o)
    0x0800095e   0x00000028   Code   RO         4559    .text               c_w.l(_printf_charcount.o)
    0x08000986   0x00000002   PAD
    0x08000988   0x00000030   Code   RO         4561    .text               c_w.l(_printf_char_common.o)
    0x080009b8   0x0000000a   Code   RO         4563    .text               c_w.l(_sputc.o)
    0x080009c2   0x0000002c   Code   RO         4565    .text               c_w.l(_printf_char.o)
    0x080009ee   0x00000002   PAD
    0x080009f0   0x00000024   Code   RO         4567    .text               c_w.l(_printf_char_file.o)
    0x08000a14   0x000000bc   Code   RO         4569    .text               c_w.l(_printf_wctomb.o)
    0x08000ad0   0x0000007c   Code   RO         4572    .text               c_w.l(_printf_longlong_dec.o)
    0x08000b4c   0x00000070   Code   RO         4578    .text               c_w.l(_printf_oct_int_ll.o)
    0x08000bbc   0x00000008   Code   RO         4668    .text               c_w.l(libspace.o)
    0x08000bc4   0x00000008   Code   RO         4693    .text               c_w.l(rt_errno_addr_intlibspace.o)
    0x08000bcc   0x0000008a   Code   RO         4703    .text               c_w.l(lludiv10.o)
    0x08000c56   0x0000041a   Code   RO         4705    .text               c_w.l(_printf_fp_dec.o)
    0x08001070   0x0000002c   Code   RO         4709    .text               c_w.l(_printf_wchar.o)
    0x0800109c   0x00000008   Code   RO         4711    .text               c_w.l(ferror.o)
    0x080010a4   0x00000040   Code   RO         4715    .text               c_w.l(_wcrtomb.o)
    0x080010e4   0x0000004a   Code   RO         4731    .text               c_w.l(sys_stackheap_outer.o)
    0x0800112e   0x00000002   PAD
    0x08001130   0x00000010   Code   RO         4733    .text               c_w.l(rt_ctype_table.o)
    0x08001140   0x00000008   Code   RO         4742    .text               c_w.l(rt_locale_intlibspace.o)
    0x08001148   0x00000080   Code   RO         4746    .text               c_w.l(_printf_fp_infnan.o)
    0x080011c8   0x000000dc   Code   RO         4748    .text               c_w.l(bigflt0.o)
    0x080012a4   0x00000012   Code   RO         4776    .text               c_w.l(exit.o)
    0x080012b6   0x0000003e   Code   RO         4751    CL$$btod_d2e        c_w.l(btod.o)
    0x080012f4   0x00000046   Code   RO         4753    CL$$btod_d2e_denorm_low  c_w.l(btod.o)
    0x0800133a   0x00000060   Code   RO         4752    CL$$btod_d2e_norm_op1  c_w.l(btod.o)
    0x0800139a   0x00000338   Code   RO         4761    CL$$btod_div_common  c_w.l(btod.o)
    0x080016d2   0x000000c6   Code   RO         4758    CL$$btod_e2e        c_w.l(btod.o)
    0x08001798   0x00000028   Code   RO         4755    CL$$btod_ediv       c_w.l(btod.o)
    0x080017c0   0x00000028   Code   RO         4754    CL$$btod_emul       c_w.l(btod.o)
    0x080017e8   0x00000244   Code   RO         4760    CL$$btod_mult_common  c_w.l(btod.o)
    0x08001a2c   0x00000008   Code   RO         1459    i.AT24CXX_Init      24cxx.o
    0x08001a34   0x00000022   Code   RO         1460    i.AT24CXX_Read      24cxx.o
    0x08001a56   0x00000058   Code   RO         1462    i.AT24CXX_ReadOneByte  24cxx.o
    0x08001aae   0x00000024   Code   RO         1463    i.AT24CXX_Write     24cxx.o
    0x08001ad2   0x00000050   Code   RO         1465    i.AT24CXX_WriteOneByte  24cxx.o
    0x08001b22   0x00000002   PAD
    0x08001b24   0x00000034   Code   RO         1067    i.BLE_Init          ble.o
    0x08001b58   0x00000004   Code   RO          201    i.BusFault_Handler  stm32f10x_it.o
    0x08001b5c   0x0000000a   Code   RO          753    i.CT_Delay          ctiic.o
    0x08001b66   0x00000002   PAD
    0x08001b68   0x00000054   Code   RO          754    i.CT_IIC_Ack        ctiic.o
    0x08001bbc   0x00000050   Code   RO          755    i.CT_IIC_Init       ctiic.o
    0x08001c0c   0x00000054   Code   RO          756    i.CT_IIC_NAck       ctiic.o
    0x08001c60   0x00000070   Code   RO          757    i.CT_IIC_Read_Byte  ctiic.o
    0x08001cd0   0x00000064   Code   RO          758    i.CT_IIC_Send_Byte  ctiic.o
    0x08001d34   0x0000004c   Code   RO          759    i.CT_IIC_Start      ctiic.o
    0x08001d80   0x00000048   Code   RO          760    i.CT_IIC_Stop       ctiic.o
    0x08001dc8   0x00000064   Code   RO          761    i.CT_IIC_Wait_Ack   ctiic.o
    0x08001e2c   0x00000030   Code   RO         1615    i.CmdError          sdio_sdcard.o
    0x08001e5c   0x00000060   Code   RO         1616    i.CmdResp1Error     sdio_sdcard.o
    0x08001ebc   0x00000054   Code   RO         1617    i.CmdResp2Error     sdio_sdcard.o
    0x08001f10   0x00000038   Code   RO         1618    i.CmdResp3Error     sdio_sdcard.o
    0x08001f48   0x00000090   Code   RO         1619    i.CmdResp6Error     sdio_sdcard.o
    0x08001fd8   0x0000004c   Code   RO         1620    i.CmdResp7Error     sdio_sdcard.o
    0x08002024   0x00000018   Code   RO         1853    i.DMA_Cmd           stm32f10x_dma.o
    0x0800203c   0x0000014c   Code   RO         1854    i.DMA_DeInit        stm32f10x_dma.o
    0x08002188   0x0000003c   Code   RO         1859    i.DMA_Init          stm32f10x_dma.o
    0x080021c4   0x00000220   Code   RO         1144    i.DataTransfer      kmp.o
    0x080023e4   0x00000002   Code   RO          202    i.DebugMon_Handler  stm32f10x_it.o
    0x080023e6   0x00000002   PAD
    0x080023e8   0x00000034   Code   RO         1988    i.FSMC_NORSRAMCmd   stm32f10x_fsmc.o
    0x0800241c   0x000000e6   Code   RO         1990    i.FSMC_NORSRAMInit  stm32f10x_fsmc.o
    0x08002502   0x00000002   PAD
    0x08002504   0x000000d4   Code   RO          816    i.FT5206_Init       ft5206.o
    0x080025d8   0x00000058   Code   RO          817    i.FT5206_RD_Reg     ft5206.o
    0x08002630   0x0000019c   Code   RO          818    i.FT5206_Scan       ft5206.o
    0x080027cc   0x00000052   Code   RO          819    i.FT5206_WR_Reg     ft5206.o
    0x0800281e   0x00000002   PAD
    0x08002820   0x00000194   Code   RO         1621    i.FindSCR           sdio_sdcard.o
    0x080029b4   0x00000116   Code   RO         2103    i.GPIO_Init         stm32f10x_gpio.o
    0x08002aca   0x00000012   Code   RO         2107    i.GPIO_ReadInputDataBit  stm32f10x_gpio.o
    0x08002adc   0x00000004   Code   RO         2110    i.GPIO_ResetBits    stm32f10x_gpio.o
    0x08002ae0   0x00000004   Code   RO         2111    i.GPIO_SetBits      stm32f10x_gpio.o
    0x08002ae4   0x00000050   Code   RO         1387    i.GS_IIC_Ack        paj7620u2_iic.o
    0x08002b34   0x00000050   Code   RO         1388    i.GS_IIC_NAck       paj7620u2_iic.o
    0x08002b84   0x00000070   Code   RO         1389    i.GS_IIC_Read_Byte  paj7620u2_iic.o
    0x08002bf4   0x00000074   Code   RO         1390    i.GS_IIC_Send_Byte  paj7620u2_iic.o
    0x08002c68   0x0000004c   Code   RO         1391    i.GS_IIC_Start      paj7620u2_iic.o
    0x08002cb4   0x0000004c   Code   RO         1392    i.GS_IIC_Stop       paj7620u2_iic.o
    0x08002d00   0x00000068   Code   RO         1393    i.GS_IIC_Wait_Ack   paj7620u2_iic.o
    0x08002d68   0x00000044   Code   RO         1394    i.GS_Read_Byte      paj7620u2_iic.o
    0x08002dac   0x00000062   Code   RO         1395    i.GS_Read_nByte     paj7620u2_iic.o
    0x08002e0e   0x00000012   Code   RO         1396    i.GS_WakeUp         paj7620u2_iic.o
    0x08002e20   0x0000003a   Code   RO         1397    i.GS_Write_Byte     paj7620u2_iic.o
    0x08002e5a   0x00000002   PAD
    0x08002e5c   0x00000034   Code   RO         1398    i.GS_i2c_init       paj7620u2_iic.o
    0x08002e90   0x00000124   Code   RO          850    i.GT9147_Init       gt9147.o
    0x08002fb4   0x00000062   Code   RO          851    i.GT9147_RD_Reg     gt9147.o
    0x08003016   0x00000002   PAD
    0x08003018   0x00000200   Code   RO          852    i.GT9147_Scan       gt9147.o
    0x08003218   0x0000005c   Code   RO          853    i.GT9147_Send_Cfg   gt9147.o
    0x08003274   0x0000005c   Code   RO          854    i.GT9147_WR_Reg     gt9147.o
    0x080032d0   0x000000e0   Code   RO         3581    i.Get_HzMat         text.o
    0x080033b0   0x00000004   Code   RO          203    i.HardFault_Handler  stm32f10x_it.o
    0x080033b4   0x00000050   Code   RO          437    i.IIC_Ack           myiic.o
    0x08003404   0x00000034   Code   RO          438    i.IIC_Init          myiic.o
    0x08003438   0x00000050   Code   RO          439    i.IIC_NAck          myiic.o
    0x08003488   0x00000070   Code   RO          440    i.IIC_Read_Byte     myiic.o
    0x080034f8   0x00000074   Code   RO          441    i.IIC_Send_Byte     myiic.o
    0x0800356c   0x0000004c   Code   RO          442    i.IIC_Start         myiic.o
    0x080035b8   0x0000004c   Code   RO          443    i.IIC_Stop          myiic.o
    0x08003604   0x00000064   Code   RO          444    i.IIC_Wait_Ack      myiic.o
    0x08003668   0x00000198   Code   RO         1113    i.INTEL_WINDOW_Init  intel_window.o
    0x08003800   0x00000004   Code   RO          369    i.INTX_DISABLE      sys.o
    0x08003804   0x00000004   Code   RO          370    i.INTX_ENABLE       sys.o
    0x08003808   0x0000009c   Code   RO         1622    i.IsCardProgramming  sdio_sdcard.o
    0x080038a4   0x0000006c   Code   RO          495    i.LCD_Clear         lcd.o
    0x08003910   0x000001c0   Code   RO          499    i.LCD_Display_Dir   lcd.o
    0x08003ad0   0x000000b0   Code   RO          500    i.LCD_DrawLine      lcd.o
    0x08003b80   0x00000024   Code   RO          501    i.LCD_DrawPoint     lcd.o
    0x08003ba4   0x0000003c   Code   RO          502    i.LCD_DrawRectangle  lcd.o
    0x08003be0   0x00000098   Code   RO          503    i.LCD_Draw_Circle   lcd.o
    0x08003c78   0x0000017c   Code   RO          504    i.LCD_Fast_DrawPoint  lcd.o
    0x08003df4   0x000000bc   Code   RO          505    i.LCD_Fill          lcd.o
    0x08003eb0   0x0000375c   Code   RO          506    i.LCD_Init          lcd.o
    0x0800760c   0x00000016   Code   RO          507    i.LCD_Pow           lcd.o
    0x08007622   0x00000002   PAD
    0x08007624   0x00000014   Code   RO          508    i.LCD_RD_DATA       lcd.o
    0x08007638   0x00000016   Code   RO          510    i.LCD_ReadReg       lcd.o
    0x0800764e   0x00000002   PAD
    0x08007650   0x00000054   Code   RO          511    i.LCD_SSD_BackLightSet  lcd.o
    0x080076a4   0x000002ec   Code   RO          512    i.LCD_Scan_Dir      lcd.o
    0x08007990   0x000001a8   Code   RO          513    i.LCD_SetCursor     lcd.o
    0x08007b38   0x00000128   Code   RO          515    i.LCD_ShowChar      lcd.o
    0x08007c60   0x00000094   Code   RO          516    i.LCD_ShowNum       lcd.o
    0x08007cf4   0x00000066   Code   RO          517    i.LCD_ShowString    lcd.o
    0x08007d5a   0x00000002   PAD
    0x08007d5c   0x0000000c   Code   RO          519    i.LCD_WR_DATA       lcd.o
    0x08007d68   0x0000000c   Code   RO          520    i.LCD_WR_REG        lcd.o
    0x08007d74   0x00000014   Code   RO          522    i.LCD_WriteRAM_Prepare  lcd.o
    0x08007d88   0x00000010   Code   RO          523    i.LCD_WriteReg      lcd.o
    0x08007d98   0x00000024   Code   RO         1187    i.LIGHT_Init        light.o
    0x08007dbc   0x00000004   Code   RO          204    i.MemManage_Handler  stm32f10x_it.o
    0x08007dc0   0x00000002   Code   RO          205    i.NMI_Handler       stm32f10x_it.o
    0x08007dc2   0x00000002   PAD
    0x08007dc4   0x00000070   Code   RO         1815    i.NVIC_Init         misc.o
    0x08007e34   0x00000014   Code   RO         1816    i.NVIC_PriorityGroupConfig  misc.o
    0x08007e48   0x000000a0   Code   RO          890    i.OTT2001A_Init     ott2001a.o
    0x08007ee8   0x00000062   Code   RO          891    i.OTT2001A_RD_Reg   ott2001a.o
    0x08007f4a   0x00000002   PAD
    0x08007f4c   0x000001e0   Code   RO          892    i.OTT2001A_Scan     ott2001a.o
    0x0800812c   0x0000001c   Code   RO          893    i.OTT2001A_SensorControl  ott2001a.o
    0x08008148   0x0000005c   Code   RO          894    i.OTT2001A_WR_Reg   ott2001a.o
    0x080081a4   0x00000002   Code   RO          206    i.PendSV_Handler    stm32f10x_it.o
    0x080081a6   0x00000002   PAD
    0x080081a8   0x00000030   Code   RO         1188    i.PrintCom          light.o
    0x080081d8   0x00000020   Code   RO         2212    i.RCC_AHBPeriphClockCmd  stm32f10x_rcc.o
    0x080081f8   0x00000020   Code   RO         2213    i.RCC_APB1PeriphClockCmd  stm32f10x_rcc.o
    0x08008218   0x00000020   Code   RO         2214    i.RCC_APB1PeriphResetCmd  stm32f10x_rcc.o
    0x08008238   0x00000020   Code   RO         2215    i.RCC_APB2PeriphClockCmd  stm32f10x_rcc.o
    0x08008258   0x00000020   Code   RO         2216    i.RCC_APB2PeriphResetCmd  stm32f10x_rcc.o
    0x08008278   0x000000d4   Code   RO         2223    i.RCC_GetClocksFreq  stm32f10x_rcc.o
    0x0800834c   0x000000ac   Code   RO         1623    i.SDEnWideBus       sdio_sdcard.o
    0x080083f8   0x0000000c   Code   RO         2412    i.SDIO_ClearFlag    stm32f10x_sdio.o
    0x08008404   0x0000000c   Code   RO         2414    i.SDIO_ClockCmd     stm32f10x_sdio.o
    0x08008410   0x00000014   Code   RO         1624    i.SDIO_Clock_Set    sdio_sdcard.o
    0x08008424   0x0000000c   Code   RO         2417    i.SDIO_DMACmd       stm32f10x_sdio.o
    0x08008430   0x00000030   Code   RO         2418    i.SDIO_DataConfig   stm32f10x_sdio.o
    0x08008460   0x00000024   Code   RO         2420    i.SDIO_DeInit       stm32f10x_sdio.o
    0x08008484   0x00000018   Code   RO         2424    i.SDIO_GetFlagStatus  stm32f10x_sdio.o
    0x0800849c   0x00000010   Code   RO         2426    i.SDIO_GetPowerState  stm32f10x_sdio.o
    0x080084ac   0x00000008   Code   RO         1625    i.SDIO_IRQHandler   sdio_sdcard.o
    0x080084b4   0x00000030   Code   RO         2429    i.SDIO_Init         stm32f10x_sdio.o
    0x080084e4   0x0000000c   Code   RO         2430    i.SDIO_ReadData     stm32f10x_sdio.o
    0x080084f0   0x0000002c   Code   RO         2432    i.SDIO_SendCommand  stm32f10x_sdio.o
    0x0800851c   0x0000001c   Code   RO         2434    i.SDIO_SetPowerState  stm32f10x_sdio.o
    0x08008538   0x0000000c   Code   RO         2440    i.SDIO_WriteData    stm32f10x_sdio.o
    0x08008544   0x00000068   Code   RO         1626    i.SD_DMA_Config     sdio_sdcard.o
    0x080085ac   0x00000068   Code   RO         1627    i.SD_EnableWideBusOperation  sdio_sdcard.o
    0x08008614   0x00000314   Code   RO         1628    i.SD_GetCardInfo    sdio_sdcard.o
    0x08008928   0x00000100   Code   RO         1630    i.SD_Init           sdio_sdcard.o
    0x08008a28   0x00000154   Code   RO         1631    i.SD_InitializeCards  sdio_sdcard.o
    0x08008b7c   0x000001dc   Code   RO         1633    i.SD_PowerON        sdio_sdcard.o
    0x08008d58   0x0000013c   Code   RO         1634    i.SD_ProcessIRQSrc  sdio_sdcard.o
    0x08008e94   0x00000258   Code   RO         1635    i.SD_ReadBlock      sdio_sdcard.o
    0x080090ec   0x000000a0   Code   RO         1636    i.SD_ReadDisk       sdio_sdcard.o
    0x0800918c   0x000002e8   Code   RO         1637    i.SD_ReadMultiBlocks  sdio_sdcard.o
    0x08009474   0x00000030   Code   RO         1638    i.SD_SelectDeselect  sdio_sdcard.o
    0x080094a4   0x00000018   Code   RO         1640    i.SD_SetDeviceMode  sdio_sdcard.o
    0x080094bc   0x00000374   Code   RO         1641    i.SD_WriteBlock     sdio_sdcard.o
    0x08009830   0x000000a0   Code   RO         1642    i.SD_WriteDisk      sdio_sdcard.o
    0x080098d0   0x000003c0   Code   RO         1643    i.SD_WriteMultiBlocks  sdio_sdcard.o
    0x08009c90   0x00000094   Code   RO          704    i.SPI2_Init         spi.o
    0x08009d24   0x00000054   Code   RO          705    i.SPI2_ReadWriteByte  spi.o
    0x08009d78   0x00000028   Code   RO          706    i.SPI2_SetSpeed     spi.o
    0x08009da0   0x00000018   Code   RO         2602    i.SPI_Cmd           stm32f10x_spi.o
    0x08009db8   0x00000012   Code   RO         2610    i.SPI_I2S_GetFlagStatus  stm32f10x_spi.o
    0x08009dca   0x00000006   Code   RO         2613    i.SPI_I2S_ReceiveData  stm32f10x_spi.o
    0x08009dd0   0x00000004   Code   RO         2614    i.SPI_I2S_SendData  stm32f10x_spi.o
    0x08009dd4   0x0000003c   Code   RO         2615    i.SPI_Init          stm32f10x_spi.o
    0x08009e10   0x00000002   Code   RO          207    i.SVC_Handler       stm32f10x_it.o
    0x08009e12   0x00000008   Code   RO          290    i.SetSysClock       system_stm32f10x.o
    0x08009e1a   0x00000002   PAD
    0x08009e1c   0x000000e0   Code   RO          291    i.SetSysClockTo72   system_stm32f10x.o
    0x08009efc   0x000000c8   Code   RO         3582    i.Show_Font         text.o
    0x08009fc4   0x000000c2   Code   RO         3583    i.Show_Str          text.o
    0x0800a086   0x00000002   PAD
    0x0800a088   0x00000070   Code   RO         3584    i.Show_Str_Mid      text.o
    0x0800a0f8   0x00000028   Code   RO         1819    i.SysTick_CLKSourceConfig  misc.o
    0x0800a120   0x00000002   Code   RO          208    i.SysTick_Handler   stm32f10x_it.o
    0x0800a122   0x00000002   PAD
    0x0800a124   0x00000060   Code   RO          293    i.SystemInit        system_stm32f10x.o
    0x0800a184   0x00000034   Code   RO          731    i.TIM7_IRQHandler   timer.o
    0x0800a1b8   0x00000060   Code   RO          732    i.TIM7_Int_Init     timer.o
    0x0800a218   0x00000006   Code   RO         2752    i.TIM_ClearITPendingBit  stm32f10x_tim.o
    0x0800a21e   0x00000018   Code   RO         2757    i.TIM_Cmd           stm32f10x_tim.o
    0x0800a236   0x00000022   Code   RO         2778    i.TIM_GetITStatus   stm32f10x_tim.o
    0x0800a258   0x00000012   Code   RO         2782    i.TIM_ITConfig      stm32f10x_tim.o
    0x0800a26a   0x00000004   Code   RO         2822    i.TIM_SetCounter    stm32f10x_tim.o
    0x0800a26e   0x00000002   PAD
    0x0800a270   0x000000a4   Code   RO         2828    i.TIM_TimeBaseInit  stm32f10x_tim.o
    0x0800a314   0x000001a8   Code   RO          930    i.TP_Adj_Info_Show  touch.o
    0x0800a4bc   0x0000085c   Code   RO          931    i.TP_Adjust         touch.o
    0x0800ad18   0x00000070   Code   RO          933    i.TP_Drow_Touch_Point  touch.o
    0x0800ad88   0x00000050   Code   RO          934    i.TP_Get_Adjdata    touch.o
    0x0800add8   0x00000168   Code   RO          935    i.TP_Init           touch.o
    0x0800af40   0x00000094   Code   RO          936    i.TP_Read_AD        touch.o
    0x0800afd4   0x00000078   Code   RO          937    i.TP_Read_XOY       touch.o
    0x0800b04c   0x00000030   Code   RO          938    i.TP_Read_XY        touch.o
    0x0800b07c   0x000000c0   Code   RO          939    i.TP_Read_XY2       touch.o
    0x0800b13c   0x0000001c   Code   RO          940    i.TP_Save_Adjdata   touch.o
    0x0800b158   0x00000110   Code   RO          941    i.TP_Scan           touch.o
    0x0800b268   0x0000004c   Code   RO          942    i.TP_Write_Byte     touch.o
    0x0800b2b4   0x00000088   Code   RO          396    i.USART1_IRQHandler  usart.o
    0x0800b33c   0x00000088   Code   RO         1255    i.USART2_IRQHandler  usart2.o
    0x0800b3c4   0x00000070   Code   RO         1029    i.USART3_IRQHandler  usart3.o
    0x0800b434   0x00000018   Code   RO         3293    i.USART_Cmd         stm32f10x_usart.o
    0x0800b44c   0x0000009c   Code   RO         3295    i.USART_DeInit      stm32f10x_usart.o
    0x0800b4e8   0x0000001a   Code   RO         3296    i.USART_GetFlagStatus  stm32f10x_usart.o
    0x0800b502   0x00000054   Code   RO         3297    i.USART_GetITStatus  stm32f10x_usart.o
    0x0800b556   0x0000004a   Code   RO         3299    i.USART_ITConfig    stm32f10x_usart.o
    0x0800b5a0   0x000000d8   Code   RO         3300    i.USART_Init        stm32f10x_usart.o
    0x0800b678   0x0000000a   Code   RO         3307    i.USART_ReceiveData  stm32f10x_usart.o
    0x0800b682   0x00000008   Code   RO         3310    i.USART_SendData    stm32f10x_usart.o
    0x0800b68a   0x00000004   Code   RO          209    i.UsageFault_Handler  stm32f10x_it.o
    0x0800b68e   0x00000002   PAD
    0x0800b690   0x00000034   Code   RO         1289    i.VOICE_Init        voice.o
    0x0800b6c4   0x00000058   Code   RO         1513    i.W25QXX_Erase_Sector  w25qxx.o
    0x0800b71c   0x00000058   Code   RO         1514    i.W25QXX_Init       w25qxx.o
    0x0800b774   0x00000050   Code   RO         1516    i.W25QXX_Read       w25qxx.o
    0x0800b7c4   0x00000048   Code   RO         1517    i.W25QXX_ReadID     w25qxx.o
    0x0800b80c   0x0000002c   Code   RO         1518    i.W25QXX_ReadSR     w25qxx.o
    0x0800b838   0x00000012   Code   RO         1520    i.W25QXX_Wait_Busy  w25qxx.o
    0x0800b84a   0x00000002   PAD
    0x0800b84c   0x000000b8   Code   RO         1521    i.W25QXX_Write      w25qxx.o
    0x0800b904   0x00000020   Code   RO         1523    i.W25QXX_Write_Enable  w25qxx.o
    0x0800b924   0x00000046   Code   RO         1524    i.W25QXX_Write_NoCheck  w25qxx.o
    0x0800b96a   0x00000002   PAD
    0x0800b96c   0x00000054   Code   RO         1525    i.W25QXX_Write_Page  w25qxx.o
    0x0800b9c0   0x000002b8   Code   RO         1308    i.WINDOW_Init       window.o
    0x0800bc78   0x00000028   Code   RO         4794    i.__ARM_fpclassify  m_ws.l(fpclassify.o)
    0x0800bca0   0x0000000e   Code   RO         4425    i._is_digit         c_w.l(__printf_wp.o)
    0x0800bcae   0x00000006   Code   RO          397    i._sys_exit         usart.o
    0x0800bcb4   0x00000034   Code   RO         3612    i.atk_8266_check_cmd  common.o
    0x0800bce8   0x00000044   Code   RO         3613    i.atk_8266_consta_check  common.o
    0x0800bd2c   0x000000f0   Code   RO         3614    i.atk_8266_get_keynum  common.o
    0x0800be1c   0x00000054   Code   RO         3615    i.atk_8266_get_wanip  common.o
    0x0800be70   0x000001b8   Code   RO         3616    i.atk_8266_ip_set   common.o
    0x0800c028   0x0000012c   Code   RO         3617    i.atk_8266_key_staset  common.o
    0x0800c154   0x0000011c   Code   RO         3618    i.atk_8266_load_keyboard  common.o
    0x0800c270   0x00000070   Code   RO         3619    i.atk_8266_quit_trans  common.o
    0x0800c2e0   0x00000060   Code   RO         3620    i.atk_8266_send_cmd  common.o
    0x0800c340   0x00000158   Code   RO         3622    i.atk_8266_test     common.o
    0x0800c498   0x000006ac   Code   RO         3696    i.atk_8266_wifista_test  wifista.o
    0x0800cb44   0x0000009c   Code   RO         1068    i.ble_test          ble.o
    0x0800cbe0   0x00000090   Code   RO         3972    i.check_fs          ff.o
    0x0800cc70   0x00000012   Code   RO         1644    i.convert_from_bytes_to_power_of_two  sdio_sdcard.o
    0x0800cc82   0x00000002   PAD
    0x0800cc84   0x00000038   Code   RO         1147    i.crc16             kmp.o
    0x0800ccbc   0x00000044   Code   RO          342    i.delay_init        delay.o
    0x0800cd00   0x0000004c   Code   RO          343    i.delay_ms          delay.o
    0x0800cd4c   0x0000004c   Code   RO          344    i.delay_us          delay.o
    0x0800cd98   0x00000038   Code   RO         3912    i.disk_initialize   diskio.o
    0x0800cdd0   0x0000007a   Code   RO         3914    i.disk_read         diskio.o
    0x0800ce4a   0x00000006   Code   RO         3915    i.disk_status       diskio.o
    0x0800ce50   0x0000007a   Code   RO         3916    i.disk_write        diskio.o
    0x0800ceca   0x00000002   PAD
    0x0800cecc   0x00000084   Code   RO         3711    i.exfuns_init       exfuns.o
    0x0800cf50   0x0000005c   Code   RO         3995    i.f_mount           ff.o
    0x0800cfac   0x00000394   Code   RO         4011    i.find_volume       ff.o
    0x0800d340   0x00000044   Code   RO         3539    i.font_init         fontupd.o
    0x0800d384   0x0000001c   Code   RO          398    i.fputc             usart.o
    0x0800d3a0   0x000000bc   Code   RO         1086    i.gesture_test      gesture.o
    0x0800d45c   0x0000004a   Code   RO         4017    i.get_ldnumber      ff.o
    0x0800d4a6   0x00000002   PAD
    0x0800d4a8   0x00000134   Code   RO         1338    i.handleGesture     paj7620u2.o
    0x0800d5dc   0x00000094   Code   RO         1114    i.intel_window_back  intel_window.o
    0x0800d670   0x00000100   Code   RO         1115    i.intel_window_get_keynum  intel_window.o
    0x0800d770   0x00000164   Code   RO         1116    i.intel_window_key_staset  intel_window.o
    0x0800d8d4   0x0000007c   Code   RO         1256    i.intelligent_test  usart2.o
    0x0800d950   0x0000014c   Code   RO         1189    i.light_handle      light.o
    0x0800da9c   0x00000090   Code   RO         1190    i.light_test        light.o
    0x0800db2c   0x000000c8   Code   RO            1    i.main              main.o
    0x0800dbf4   0x00000034   Code   RO         4022    i.move_window       ff.o
    0x0800dc28   0x000001cc   Code   RO         1339    i.music_handleGesture  paj7620u2.o
    0x0800ddf4   0x00000090   Code   RO         1235    i.music_test        music.o
    0x0800de84   0x0000006c   Code   RO         3469    i.my_mem_free       malloc.o
    0x0800def0   0x00000044   Code   RO         3470    i.my_mem_init       malloc.o
    0x0800df34   0x000000a8   Code   RO         3471    i.my_mem_malloc     malloc.o
    0x0800dfdc   0x00000040   Code   RO         3472    i.my_mem_perused    malloc.o
    0x0800e01c   0x00000024   Code   RO         3473    i.myfree            malloc.o
    0x0800e040   0x00000028   Code   RO         3474    i.mymalloc          malloc.o
    0x0800e068   0x00000014   Code   RO         3476    i.mymemset          malloc.o
    0x0800e07c   0x00000044   Code   RO         1340    i.paj7620u2_init    paj7620u2.o
    0x0800e0c0   0x00000024   Code   RO         1341    i.paj7620u2_selectBank  paj7620u2.o
    0x0800e0e4   0x00000032   Code   RO         1342    i.paj7620u2_wakeup  paj7620u2.o
    0x0800e116   0x00000002   PAD
    0x0800e118   0x00000030   Code   RO         1191    i.runActionGroup    light.o
    0x0800e148   0x0000004c   Code   RO         4512    i.sqrt              m_ws.l(sqrt.o)
    0x0800e194   0x00000022   Code   RO         1192    i.stopActionGroup   light.o
    0x0800e1b6   0x00000052   Code   RO         4030    i.sync_window       ff.o
    0x0800e208   0x00000050   Code   RO         1030    i.u3_printf         usart3.o
    0x0800e258   0x000000a0   Code   RO          399    i.uart_init         usart.o
    0x0800e2f8   0x000000b0   Code   RO         1257    i.usart2_init       usart2.o
    0x0800e3a8   0x000000d0   Code   RO         1031    i.usart3_init       usart3.o
    0x0800e478   0x00000114   Code   RO         1290    i.voice_test        voice.o
    0x0800e58c   0x00000094   Code   RO         1309    i.window_back       window.o
    0x0800e620   0x000000d0   Code   RO         1310    i.window_get_keynum  window.o
    0x0800e6f0   0x00000138   Code   RO         1311    i.window_key_staset  window.o
    0x0800e828   0x0000002c   Code   RO         4774    locale$$code        c_w.l(lc_numeric_c.o)
    0x0800e854   0x0000002c   Code   RO         4803    locale$$code        c_w.l(lc_ctype_c.o)
    0x0800e880   0x00000150   Code   RO         4459    x$fpl$dadd          fz_ws.l(daddsub_clz.o)
    0x0800e9d0   0x00000018   Code   RO         4649    x$fpl$dcmpinf       fz_ws.l(dcmpi.o)
    0x0800e9e8   0x0000005a   Code   RO         4465    x$fpl$dfixu         fz_ws.l(dfixu.o)
    0x0800ea42   0x0000002e   Code   RO         4470    x$fpl$dflt          fz_ws.l(dflt_clz.o)
    0x0800ea70   0x00000026   Code   RO         4469    x$fpl$dfltu         fz_ws.l(dflt_clz.o)
    0x0800ea96   0x00000002   PAD
    0x0800ea98   0x00000078   Code   RO         4475    x$fpl$dleqf         fz_ws.l(dleqf.o)
    0x0800eb10   0x00000154   Code   RO         4477    x$fpl$dmul          fz_ws.l(dmul.o)
    0x0800ec64   0x0000009c   Code   RO         4651    x$fpl$dnaninf       fz_ws.l(dnaninf.o)
    0x0800ed00   0x0000000c   Code   RO         4653    x$fpl$dretinf       fz_ws.l(dretinf.o)
    0x0800ed0c   0x0000006c   Code   RO         4479    x$fpl$drleqf        fz_ws.l(drleqf.o)
    0x0800ed78   0x00000016   Code   RO         4460    x$fpl$drsb          fz_ws.l(daddsub_clz.o)
    0x0800ed8e   0x00000002   PAD
    0x0800ed90   0x000001cc   Code   RO         4655    x$fpl$dsqrt         fz_ws.l(dsqrt_noumaal.o)
    0x0800ef5c   0x000001d4   Code   RO         4461    x$fpl$dsub          fz_ws.l(daddsub_clz.o)
    0x0800f130   0x00000056   Code   RO         4481    x$fpl$f2d           fz_ws.l(f2d.o)
    0x0800f186   0x00000002   PAD
    0x0800f188   0x000000c4   Code   RO         4483    x$fpl$fadd          fz_ws.l(faddsub_clz.o)
    0x0800f24c   0x00000184   Code   RO         4490    x$fpl$fdiv          fz_ws.l(fdiv.o)
    0x0800f3d0   0x00000036   Code   RO         4495    x$fpl$ffix          fz_ws.l(ffix.o)
    0x0800f406   0x00000002   PAD
    0x0800f408   0x0000003e   Code   RO         4499    x$fpl$ffixu         fz_ws.l(ffixu.o)
    0x0800f446   0x00000002   PAD
    0x0800f448   0x00000030   Code   RO         4504    x$fpl$fflt          fz_ws.l(fflt_clz.o)
    0x0800f478   0x00000026   Code   RO         4503    x$fpl$ffltu         fz_ws.l(fflt_clz.o)
    0x0800f49e   0x00000002   PAD
    0x0800f4a0   0x00000102   Code   RO         4509    x$fpl$fmul          fz_ws.l(fmul.o)
    0x0800f5a2   0x0000008c   Code   RO         4659    x$fpl$fnaninf       fz_ws.l(fnaninf.o)
    0x0800f62e   0x0000000a   Code   RO         4661    x$fpl$fretinf       fz_ws.l(fretinf.o)
    0x0800f638   0x000000ea   Code   RO         4485    x$fpl$fsub          fz_ws.l(faddsub_clz.o)
    0x0800f722   0x00000004   Code   RO         4663    x$fpl$printf1       fz_ws.l(printf1.o)
    0x0800f726   0x00000000   Code   RO         4665    x$fpl$usenofp       fz_ws.l(usenofp.o)
    0x0800f726   0x000017c0   Data   RO          526    .constdata          lcd.o
    0x08010ee6   0x0000000a   Data   RO          820    .constdata          ft5206.o
    0x08010ef0   0x000000c2   Data   RO          855    .constdata          gt9147.o
    0x08010fb2   0x0000000a   Data   RO          895    .constdata          ott2001a.o
    0x08010fbc   0x00000004   Data   RO          943    .constdata          touch.o
    0x08010fc0   0x00000005   Data   RO         1087    .constdata          gesture.o
    0x08010fc5   0x00000003   PAD
    0x08010fc8   0x0000032c   Data   RO         1149    .constdata          kmp.o
    0x080112f4   0x00000005   Data   RO         1291    .constdata          voice.o
    0x080112f9   0x00000003   PAD
    0x080112fc   0x000000ed   Data   RO         1343    .constdata          paj7620u2.o
    0x080113e9   0x00000003   PAD
    0x080113ec   0x00000018   Data   RO         3481    .constdata          malloc.o
    0x08011404   0x00000010   Data   RO         3697    .constdata          wifista.o
    0x08011414   0x00000028   Data   RO         4413    .constdata          c_w.l(_printf_hex_int_ll_ptr.o)
    0x0801143c   0x00000011   Data   RO         4433    .constdata          c_w.l(__printf_flags_ss_wp.o)
    0x0801144d   0x00000003   PAD
    0x08011450   0x00000008   Data   RO         4570    .constdata          c_w.l(_printf_wctomb.o)
    0x08011458   0x00000094   Data   RO         4749    .constdata          c_w.l(bigflt0.o)
    0x080114ec   0x00000079   Data   RO          944    .conststring        touch.o
    0x08011565   0x00000003   PAD
    0x08011568   0x000000e6   Data   RO         3623    .conststring        common.o
    0x0801164e   0x00000002   PAD
    0x08011650   0x00000020   Data   RO         4859    Region$$Table       anon$$obj.o
    0x08011670   0x0000001c   Data   RO         4773    locale$$data        c_w.l(lc_numeric_c.o)
    0x0801168c   0x00000110   Data   RO         4802    locale$$data        c_w.l(lc_ctype_c.o)


    Execution Region RW_IRAM1 (Base: 0x20000000, Size: 0x0000cb08, Max: 0x00010000, ABSOLUTE, COMPRESSED[0x000000b0])

    Base Addr    Size         Type   Attr      Idx    E Section Name        Object

    0x20000000   0x00000014   Data   RW          294    .data               system_stm32f10x.o
    0x20000014   0x00000004   Data   RW          345    .data               delay.o
    0x20000018   0x00000006   Data   RW          401    .data               usart.o
    0x2000001e   0x00000004   Data   RW          527    .data               lcd.o
    0x20000022   0x00000001   Data   RW          821    .data               ft5206.o
    0x20000023   0x00000001   Data   RW          856    .data               gt9147.o
    0x20000024   0x00000001   Data   RW          896    .data               ott2001a.o
    0x20000025   0x00000003   PAD
    0x20000028   0x00000036   Data   RW          945    .data               touch.o
    0x2000005e   0x00000002   Data   RW         1033    .data               usart3.o
    0x20000060   0x00000003   Data   RW         1194    .data               light.o
    0x20000063   0x00000001   PAD
    0x20000064   0x00000002   Data   RW         1259    .data               usart2.o
    0x20000066   0x00000008   Data   RW         1344    .data               paj7620u2.o
    0x2000006e   0x00000002   Data   RW         1528    .data               w25qxx.o
    0x20000070   0x00000010   Data   RW         1646    .data               sdio_sdcard.o
    0x20000080   0x00000014   Data   RW         2243    .data               stm32f10x_rcc.o
    0x20000094   0x0000001c   Data   RW         3482    .data               malloc.o
    0x200000b0   0x00000085   Data   RW         3624    .data               common.o
    0x20000135   0x00000003   PAD
    0x20000138   0x0000001c   Data   RW         3716    .data               exfuns.o
    0x20000154   0x00000002   Data   RW         3920    .data               diskio.o
    0x20000156   0x00000002   PAD
    0x20000158   0x0000000a   Data   RW         4033    .data               ff.o
    0x20000162   0x00000002   PAD
    0x20000164   0x000000c8   Zero   RW          400    .bss                usart.o
    0x2000022c   0x0000000e   Zero   RW          525    .bss                lcd.o
    0x2000023a   0x000004b0   Zero   RW         1032    .bss                usart3.o
    0x200006ea   0x00000009   Zero   RW         1193    .bss                light.o
    0x200006f3   0x000000c8   Zero   RW         1258    .bss                usart2.o
    0x200007bb   0x00001000   Zero   RW         1527    .bss                w25qxx.o
    0x200017bb   0x00000005   PAD
    0x200017c0   0x000002c0   Zero   RW         1645    .bss                sdio_sdcard.o
    0x20001a80   0x0000aa00   Zero   RW         3480    .bss                malloc.o
    0x2000c480   0x00000021   Zero   RW         3543    .bss                fontupd.o
    0x2000c4a1   0x00000003   PAD
    0x2000c4a4   0x00000060   Zero   RW         4669    .bss                c_w.l(libspace.o)
    0x2000c504   0x00000004   PAD
    0x2000c508   0x00000200   Zero   RW          336    HEAP                startup_stm32f10x_hd.o
    0x2000c708   0x00000400   Zero   RW          335    STACK               startup_stm32f10x_hd.o



  Load Region LR$$.ARM.__AT_0x68000000 (Base: 0x68000000, Size: 0x00000000, Max: 0x000f0000, ABSOLUTE)

    Execution Region ER$$.ARM.__AT_0x68000000 (Base: 0x68000000, Size: 0x000f0000, Max: 0x000f0000, ABSOLUTE, UNINIT)

    Base Addr    Size         Type   Attr      Idx    E Section Name        Object

    0x68000000   0x000f0000   Zero   RW         3478    .ARM.__AT_0x68000000  malloc.o



  Load Region LR$$.ARM.__AT_0x680F0000 (Base: 0x680f0000, Size: 0x00000000, Max: 0x0000f000, ABSOLUTE)

    Execution Region ER$$.ARM.__AT_0x680F0000 (Base: 0x680f0000, Size: 0x0000f000, Max: 0x0000f000, ABSOLUTE, UNINIT)

    Base Addr    Size         Type   Attr      Idx    E Section Name        Object

    0x680f0000   0x0000f000   Zero   RW         3479    .ARM.__AT_0x680F0000  malloc.o


==============================================================================

Image component sizes


      Code (inc. data)   RO Data    RW Data    ZI Data      Debug   Object Name

       246          0          0          0          0       3259   24cxx.o
       208         48          0          0          0        958   ble.o
      2020        312        230        133          0       7919   common.o
         0          0          0          0          0         32   core_cm3.o
       718        128          0          0          0       4713   ctiic.o
       220         26          0          4          0       1691   delay.o
       306          4          0          2          0       4218   diskio.o
       132         18          0         28          0       1558   exfuns.o
      1360         26          0         10          0       7666   ff.o
        68          4          0          0         33       4645   fontupd.o
       794         26         10          1          0       3533   ft5206.o
       188         40          5          0          0        623   gesture.o
      1086         58        194          1          0       4402   gt9147.o
      1168        186          0          0          0       2836   intel_window.o
       600         70        812          0          0       3080   kmp.o
     17646        188       6080          4         14      25347   lcd.o
       642         72          0          3          9       3743   light.o
       200         20          0          0          0     287679   main.o
       504         60         24         28    1088000       5989   malloc.o
       172         22          0          0          0       2029   misc.o
       144         34          0          0          0        513   music.o
       692        100          0          0          0       4178   myiic.o
       858         48         10          1          0       4043   ott2001a.o
       922         44        237          8          0       5802   paj7620u2.o
       938        100          0          0          0       7149   paj7620u2_iic.o
      7246        394          0         16        704      32894   sdio_sdcard.o
       272         18          0          0          0       1769   spi.o
        64         26        304          0       1536        792   startup_stm32f10x_hd.o
       416          8          0          0          0       3390   stm32f10x_dma.o
       282          6          0          0          0       1793   stm32f10x_fsmc.o
       304          0          0          0          0       3624   stm32f10x_gpio.o
        26          0          0          0          0       3642   stm32f10x_it.o
       372         50          0         20          0       6096   stm32f10x_rcc.o
       304         72          0          0          0       7950   stm32f10x_sdio.o
       112          0          0          0          0       3794   stm32f10x_spi.o
       250         42          0          0          0       4035   stm32f10x_tim.o
       598         28          0          0          0       6720   stm32f10x_usart.o
         8          0          0          0          0        821   sys.o
       328         28          0         20          0       2057   system_stm32f10x.o
       730         20          0          0          0       4054   text.o
       148         16          0          0          0       1122   timer.o
      4000        268        125         54          0      10197   touch.o
       330         26          0          6        200       4108   usart.o
       436         28          0          2        200       2735   usart2.o
       400         42          0          2       1200       3234   usart3.o
       328         60          5          0          0       1178   voice.o
       760         70          0          2       4096       6737   w25qxx.o
      1708        614         16          0          0       1676   wifista.o
      1364        416          0          0          0       2664   window.o

    ----------------------------------------------------------------------
     52666       3866       8098        356    1096000     514687   Object Totals
         0          0         32          0          0          0   (incl. Generated)
        48          0         14         11          8          0   (incl. Padding)

    ----------------------------------------------------------------------

      Code (inc. data)   RO Data    RW Data    ZI Data      Debug   Library Member Name

        24          4          0          0          0         84   __2printf.o
        44          6          0          0          0         84   __2sprintf.o
        90          0          0          0          0          0   __dczerorl2.o
         8          0          0          0          0         68   __main.o
       392          4         17          0          0         92   __printf_flags_ss_wp.o
        14          0          0          0          0         68   __printf_wp.o
         0          0          0          0          0          0   __rtentry.o
        12          0          0          0          0          0   __rtentry2.o
         6          0          0          0          0          0   __rtentry4.o
        52          8          0          0          0          0   __scatter.o
        28          0          0          0          0          0   __scatter_zi.o
         6          0          0          0          0          0   _printf_a.o
         6          0          0          0          0          0   _printf_c.o
        44          0          0          0          0        108   _printf_char.o
        48          6          0          0          0         96   _printf_char_common.o
        36          4          0          0          0         80   _printf_char_file.o
        40          0          0          0          0         68   _printf_charcount.o
         6          0          0          0          0          0   _printf_d.o
       120         16          0          0          0         92   _printf_dec.o
         6          0          0          0          0          0   _printf_e.o
         6          0          0          0          0          0   _printf_f.o
      1050          0          0          0          0        216   _printf_fp_dec.o
       128         16          0          0          0         84   _printf_fp_infnan.o
         6          0          0          0          0          0   _printf_g.o
       148          4         40          0          0        160   _printf_hex_int_ll_ptr.o
         6          0          0          0          0          0   _printf_i.o
       178          0          0          0          0         88   _printf_intcommon.o
        10          0          0          0          0          0   _printf_l.o
         6          0          0          0          0          0   _printf_lc.o
        10          0          0          0          0          0   _printf_ll.o
         6          0          0          0          0          0   _printf_lld.o
         6          0          0          0          0          0   _printf_lli.o
         6          0          0          0          0          0   _printf_llo.o
         6          0          0          0          0          0   _printf_llu.o
         6          0          0          0          0          0   _printf_llx.o
       124         16          0          0          0         92   _printf_longlong_dec.o
         6          0          0          0          0          0   _printf_ls.o
         6          0          0          0          0          0   _printf_n.o
         6          0          0          0          0          0   _printf_o.o
       112          8          0          0          0        124   _printf_oct_int_ll.o
         6          0          0          0          0          0   _printf_p.o
        78          0          0          0          0        108   _printf_pad.o
         0          0          0          0          0          0   _printf_percent.o
         4          0          0          0          0          0   _printf_percent_end.o
         6          0          0          0          0          0   _printf_s.o
        82          0          0          0          0         80   _printf_str.o
        36          0          0          0          0         84   _printf_truncate.o
         6          0          0          0          0          0   _printf_u.o
        44          0          0          0          0        108   _printf_wchar.o
       188          6          8          0          0         92   _printf_wctomb.o
         6          0          0          0          0          0   _printf_x.o
        22          0          0          0          0        100   _rserrno.o
        10          0          0          0          0         68   _sputc.o
        64          0          0          0          0         92   _wcrtomb.o
       220          4        148          0          0         96   bigflt0.o
      1910        128          0          0          0        672   btod.o
        36          4          0          0          0         76   c89vsprintf.o
        18          0          0          0          0         80   exit.o
         8          0          0          0          0         68   ferror.o
         6          0          0          0          0        152   heapauxi.o
        44         10        272          0          0         76   lc_ctype_c.o
        44         10         28          0          0         76   lc_numeric_c.o
         2          0          0          0          0          0   libinit.o
        30          0          0          0          0          0   libinit2.o
         2          0          0          0          0          0   libshutdown.o
         2          0          0          0          0          0   libshutdown2.o
         8          4          0          0         96         68   libspace.o
       138          0          0          0          0         80   lludiv10.o
        16          4          0          0          0         76   rt_ctype_table.o
         8          4          0          0          0         68   rt_errno_addr_intlibspace.o
         8          4          0          0          0         68   rt_locale_intlibspace.o
       138          0          0          0          0         68   rt_memcpy_v6.o
       100          0          0          0          0         80   rt_memcpy_w.o
         2          0          0          0          0          0   rtexit.o
        10          0          0          0          0          0   rtexit2.o
       128          0          0          0          0         68   strcmpv7m.o
        62          0          0          0          0         76   strlen.o
        36          0          0          0          0         80   strstr.o
        74          0          0          0          0         80   sys_stackheap_outer.o
         2          0          0          0          0         68   use_no_semi.o
         2          0          0          0          0         68   use_no_semi_2.o
       826         16          0          0          0        348   daddsub_clz.o
        24          0          0          0          0         68   dcmpi.o
        90          4          0          0          0         92   dfixu.o
        84          0          0          0          0        136   dflt_clz.o
       120          4          0          0          0         92   dleqf.o
       340         12          0          0          0        104   dmul.o
       156          4          0          0          0         92   dnaninf.o
        12          0          0          0          0         68   dretinf.o
       108          0          0          0          0         80   drleqf.o
       460         56          0          0          0        120   dsqrt_noumaal.o
        86          4          0          0          0         84   f2d.o
       430          8          0          0          0        168   faddsub_clz.o
       388         76          0          0          0         96   fdiv.o
        54          4          0          0          0         84   ffix.o
        62          4          0          0          0         84   ffixu.o
        86          0          0          0          0        136   fflt_clz.o
       258          4          0          0          0         84   fmul.o
       140          4          0          0          0         84   fnaninf.o
        10          0          0          0          0         68   fretinf.o
         4          0          0          0          0         68   printf1.o
         0          0          0          0          0          0   usenofp.o
        40          0          0          0          0         68   fpclassify.o
        76          0          0          0          0         84   sqrt.o

    ----------------------------------------------------------------------
     10300        470        516          0        100       6888   Library Totals
        26          0          3          0          4          0   (incl. Padding)

    ----------------------------------------------------------------------

      Code (inc. data)   RO Data    RW Data    ZI Data      Debug   Library Name

      6420        270        513          0         96       4580   c_w.l
      3738        200          0          0          0       2156   fz_ws.l
       116          0          0          0          0        152   m_ws.l

    ----------------------------------------------------------------------
     10300        470        516          0        100       6888   Library Totals

    ----------------------------------------------------------------------

==============================================================================


      Code (inc. data)   RO Data    RW Data    ZI Data      Debug   

     62966       4336       8614        356    1096100     504307   Grand Totals
     62966       4336       8614        176    1096100     504307   ELF Image Totals (compressed)
     62966       4336       8614        176          0          0   ROM Totals

==============================================================================

    Total RO  Size (Code + RO Data)                71580 (  69.90kB)
    Total RW  Size (RW Data + ZI Data)           1096456 (1070.76kB)
    Total ROM Size (Code + RO Data + RW Data)      71756 (  70.07kB)

==============================================================================

