Component: ARM Compiler 5.06 update 1 (build 61) Tool: armlink [4d35a8]

==============================================================================

Section Cross References

    main.o(i.intelligent_test) refers to voice.o(i.VOICE_Init) for VOICE_Init
    main.o(i.intelligent_test) refers to light.o(i.LIGHT_Init) for LIGHT_Init
    main.o(i.intelligent_test) refers to delay.o(i.delay_ms) for delay_ms
    main.o(i.intelligent_test) refers to voice.o(i.voice_test) for voice_test
    main.o(i.intelligent_test) refers to gesture.o(i.gesture_test) for gesture_test
    main.o(i.intelligent_test) refers to music.o(i.music_test) for music_test
    main.o(i.intelligent_test) refers to uart4.o(.data) for UART4_RX_CNT
    main.o(i.intelligent_test) refers to uart4.o(.bss) for UART4_RX_BUF
    main.o(i.main) refers to delay.o(i.delay_init) for delay_init
    main.o(i.main) refers to misc.o(i.NVIC_PriorityGroupConfig) for NVIC_PriorityGroupConfig
    main.o(i.main) refers to usart.o(i.uart_init) for uart_init
    main.o(i.main) refers to usart2.o(i.usart2_init) for usart2_init
    main.o(i.main) refers to usart3.o(i.usart3_init) for usart3_init
    main.o(i.main) refers to uart4.o(i.uart4_init) for uart4_init
    main.o(i.main) refers to ble.o(i.BLE_Init) for BLE_Init
    main.o(i.main) refers to delay.o(i.delay_ms) for delay_ms
    main.o(i.main) refers to common.o(i.atk_8266_test) for atk_8266_test
    main.o(i.main) refers to ble.o(i.ble_test) for ble_test
    main.o(i.main) refers to main.o(i.intelligent_test) for intelligent_test
    main.o(i.main) refers to uart4.o(.data) for UART4_RX_CNT
    main.o(i.main) refers to uart4.o(.bss) for UART4_RX_BUF
    system_stm32f10x.o(i.SetSysClock) refers to system_stm32f10x.o(i.SetSysClockTo72) for SetSysClockTo72
    system_stm32f10x.o(i.SystemCoreClockUpdate) refers to system_stm32f10x.o(.data) for SystemCoreClock
    system_stm32f10x.o(i.SystemInit) refers to system_stm32f10x.o(i.SetSysClock) for SetSysClock
    startup_stm32f10x_hd.o(STACK) refers (Special) to heapauxi.o(.text) for __use_two_region_memory
    startup_stm32f10x_hd.o(HEAP) refers (Special) to heapauxi.o(.text) for __use_two_region_memory
    startup_stm32f10x_hd.o(RESET) refers (Special) to heapauxi.o(.text) for __use_two_region_memory
    startup_stm32f10x_hd.o(RESET) refers to startup_stm32f10x_hd.o(STACK) for __initial_sp
    startup_stm32f10x_hd.o(RESET) refers to startup_stm32f10x_hd.o(.text) for Reset_Handler
    startup_stm32f10x_hd.o(RESET) refers to stm32f10x_it.o(i.NMI_Handler) for NMI_Handler
    startup_stm32f10x_hd.o(RESET) refers to stm32f10x_it.o(i.HardFault_Handler) for HardFault_Handler
    startup_stm32f10x_hd.o(RESET) refers to stm32f10x_it.o(i.MemManage_Handler) for MemManage_Handler
    startup_stm32f10x_hd.o(RESET) refers to stm32f10x_it.o(i.BusFault_Handler) for BusFault_Handler
    startup_stm32f10x_hd.o(RESET) refers to stm32f10x_it.o(i.UsageFault_Handler) for UsageFault_Handler
    startup_stm32f10x_hd.o(RESET) refers to stm32f10x_it.o(i.SVC_Handler) for SVC_Handler
    startup_stm32f10x_hd.o(RESET) refers to stm32f10x_it.o(i.DebugMon_Handler) for DebugMon_Handler
    startup_stm32f10x_hd.o(RESET) refers to stm32f10x_it.o(i.PendSV_Handler) for PendSV_Handler
    startup_stm32f10x_hd.o(RESET) refers to stm32f10x_it.o(i.SysTick_Handler) for SysTick_Handler
    startup_stm32f10x_hd.o(RESET) refers to usart.o(i.USART1_IRQHandler) for USART1_IRQHandler
    startup_stm32f10x_hd.o(RESET) refers to usart2.o(i.USART2_IRQHandler) for USART2_IRQHandler
    startup_stm32f10x_hd.o(RESET) refers to usart3.o(i.USART3_IRQHandler) for USART3_IRQHandler
    startup_stm32f10x_hd.o(RESET) refers to sdio_sdcard.o(i.SDIO_IRQHandler) for SDIO_IRQHandler
    startup_stm32f10x_hd.o(RESET) refers to uart4.o(i.UART4_IRQHandler) for UART4_IRQHandler
    startup_stm32f10x_hd.o(RESET) refers to timer.o(i.TIM7_IRQHandler) for TIM7_IRQHandler
    startup_stm32f10x_hd.o(.text) refers (Special) to heapauxi.o(.text) for __use_two_region_memory
    startup_stm32f10x_hd.o(.text) refers to system_stm32f10x.o(i.SystemInit) for SystemInit
    startup_stm32f10x_hd.o(.text) refers to __main.o(!!!main) for __main
    startup_stm32f10x_hd.o(.text) refers to startup_stm32f10x_hd.o(HEAP) for Heap_Mem
    startup_stm32f10x_hd.o(.text) refers to startup_stm32f10x_hd.o(STACK) for Stack_Mem
    delay.o(i.delay_init) refers to misc.o(i.SysTick_CLKSourceConfig) for SysTick_CLKSourceConfig
    delay.o(i.delay_init) refers to system_stm32f10x.o(.data) for SystemCoreClock
    delay.o(i.delay_init) refers to delay.o(.data) for fac_us
    delay.o(i.delay_ms) refers to delay.o(.data) for fac_ms
    delay.o(i.delay_us) refers to delay.o(.data) for fac_us
    usart.o(i.USART1_IRQHandler) refers (Special) to use_no_semi_2.o(.text) for __use_no_semihosting
    usart.o(i.USART1_IRQHandler) refers to stm32f10x_usart.o(i.USART_GetITStatus) for USART_GetITStatus
[...]
    i.GS_Read_Byte                           0x08002168   Section        0  paj7620u2_iic.o(i.GS_Read_Byte)
    i.GS_Read_nByte                          0x080021ac   Section        0  paj7620u2_iic.o(i.GS_Read_nByte)
    i.GS_WakeUp                              0x0800220e   Section        0  paj7620u2_iic.o(i.GS_WakeUp)
    i.GS_Write_Byte                          0x08002220   Section        0  paj7620u2_iic.o(i.GS_Write_Byte)
    i.GS_i2c_init                            0x0800225c   Section        0  paj7620u2_iic.o(i.GS_i2c_init)
    i.HardFault_Handler                      0x08002290   Section        0  stm32f10x_it.o(i.HardFault_Handler)
    i.LIGHT_Init                             0x08002294   Section        0  light.o(i.LIGHT_Init)
    i.MemManage_Handler                      0x080022b8   Section        0  stm32f10x_it.o(i.MemManage_Handler)
    i.NMI_Handler                            0x080022bc   Section        0  stm32f10x_it.o(i.NMI_Handler)
    i.NVIC_Init                              0x080022c0   Section        0  misc.o(i.NVIC_Init)
    i.NVIC_PriorityGroupConfig               0x08002330   Section        0  misc.o(i.NVIC_PriorityGroupConfig)
    i.PendSV_Handler                         0x08002344   Section        0  stm32f10x_it.o(i.PendSV_Handler)
    i.RCC_APB1PeriphClockCmd                 0x08002348   Section        0  stm32f10x_rcc.o(i.RCC_APB1PeriphClockCmd)
    i.RCC_APB1PeriphResetCmd                 0x08002368   Section        0  stm32f10x_rcc.o(i.RCC_APB1PeriphResetCmd)
    i.RCC_APB2PeriphClockCmd                 0x08002388   Section        0  stm32f10x_rcc.o(i.RCC_APB2PeriphClockCmd)
    i.RCC_APB2PeriphResetCmd                 0x080023a8   Section        0  stm32f10x_rcc.o(i.RCC_APB2PeriphResetCmd)
    i.RCC_GetClocksFreq                      0x080023c8   Section        0  stm32f10x_rcc.o(i.RCC_GetClocksFreq)
    i.SDIO_ClearFlag                         0x0800249c   Section        0  stm32f10x_sdio.o(i.SDIO_ClearFlag)
    i.SDIO_GetFlagStatus                     0x080024a8   Section        0  stm32f10x_sdio.o(i.SDIO_GetFlagStatus)
    i.SDIO_IRQHandler                        0x080024c0   Section        0  sdio_sdcard.o(i.SDIO_IRQHandler)
    i.SDIO_SendCommand                       0x080024c8   Section        0  stm32f10x_sdio.o(i.SDIO_SendCommand)
    i.SD_ProcessIRQSrc                       0x080024f4   Section        0  sdio_sdcard.o(i.SD_ProcessIRQSrc)
    i.SVC_Handler                            0x08002630   Section        0  stm32f10x_it.o(i.SVC_Handler)
    i.SetSysClock                            0x08002632   Section        0  system_stm32f10x.o(i.SetSysClock)
    SetSysClock                              0x08002633   Thumb Code     8  system_stm32f10x.o(i.SetSysClock)
    i.SetSysClockTo72                        0x0800263c   Section        0  system_stm32f10x.o(i.SetSysClockTo72)
    SetSysClockTo72                          0x0800263d   Thumb Code   214  system_stm32f10x.o(i.SetSysClockTo72)
    i.SysTick_CLKSourceConfig                0x0800271c   Section        0  misc.o(i.SysTick_CLKSourceConfig)
    i.SysTick_Handler                        0x08002744   Section        0  stm32f10x_it.o(i.SysTick_Handler)
    i.SystemInit                             0x08002748   Section        0  system_stm32f10x.o(i.SystemInit)
    i.TIM7_IRQHandler                        0x080027a8   Section        0  timer.o(i.TIM7_IRQHandler)
    i.TIM7_Int_Init                          0x080027dc   Section        0  timer.o(i.TIM7_Int_Init)
    i.TIM_ClearITPendingBit                  0x0800283c   Section        0  stm32f10x_tim.o(i.TIM_ClearITPendingBit)
    i.TIM_Cmd                                0x08002842   Section        0  stm32f10x_tim.o(i.TIM_Cmd)
    i.TIM_GetITStatus                        0x0800285a   Section        0  stm32f10x_tim.o(i.TIM_GetITStatus)
    i.TIM_ITConfig                           0x0800287c   Section        0  stm32f10x_tim.o(i.TIM_ITConfig)
    i.TIM_SetCounter                         0x0800288e   Section        0  stm32f10x_tim.o(i.TIM_SetCounter)
    i.TIM_TimeBaseInit                       0x08002894   Section        0  stm32f10x_tim.o(i.TIM_TimeBaseInit)
    i.UART4_IRQHandler                       0x08002938   Section        0  uart4.o(i.UART4_IRQHandler)
    i.USART1_IRQHandler                      0x08002970   Section        0  usart.o(i.USART1_IRQHandler)
    i.USART2_IRQHandler                      0x080029f8   Section        0  usart2.o(i.USART2_IRQHandler)
    i.USART3_IRQHandler                      0x08002a80   Section        0  usart3.o(i.USART3_IRQHandler)
    i.USART_ClearFlag                        0x08002af0   Section        0  stm32f10x_usart.o(i.USART_ClearFlag)
    i.USART_Cmd                              0x08002b02   Section        0  stm32f10x_usart.o(i.USART_Cmd)
    i.USART_DeInit                           0x08002b1c   Section        0  stm32f10x_usart.o(i.USART_DeInit)
    i.USART_GetFlagStatus                    0x08002bb8   Section        0  stm32f10x_usart.o(i.USART_GetFlagStatus)
    i.USART_GetITStatus                      0x08002bd2   Section        0  stm32f10x_usart.o(i.USART_GetITStatus)
    i.USART_ITConfig                         0x08002c26   Section        0  stm32f10x_usart.o(i.USART_ITConfig)
    i.USART_Init                             0x08002c70   Section        0  stm32f10x_usart.o(i.USART_Init)
    i.USART_ReceiveData                      0x08002d48   Section        0  stm32f10x_usart.o(i.USART_ReceiveData)
    i.USART_SendData                         0x08002d52   Section        0  stm32f10x_usart.o(i.USART_SendData)
    i.UsageFault_Handler                     0x08002d5a   Section        0  stm32f10x_it.o(i.UsageFault_Handler)
    i.VOICE_Init                             0x08002d60   Section        0  voice.o(i.VOICE_Init)
    i.__ARM_fpclassify                       0x08002d94   Section        0  fpclassify.o(i.__ARM_fpclassify)
    i._is_digit                              0x08002dbc   Section        0  __printf_wp.o(i._is_digit)
    i._sys_exit                              0x08002dca   Section        0  usart.o(i._sys_exit)
    i.atk_8266_check_cmd                     0x08002dd0   Section        0  common.o(i.atk_8266_check_cmd)
    i.atk_8266_consta_check                  0x08002e04   Section        0  common.o(i.atk_8266_consta_check)
    i.atk_8266_quit_trans                    0x08002e48   Section        0  common.o(i.atk_8266_quit_trans)
    i.atk_8266_send_cmd                      0x08002eb8   Section        0  common.o(i.atk_8266_send_cmd)
    i.atk_8266_test                          0x08002f18   Section        0  common.o(i.atk_8266_test)
    i.atk_8266_wifista_test                  0x08002ff0   Section        0  wifista.o(i.atk_8266_wifista_test)
    i.ble_test                               0x080033ac   Section        0  ble.o(i.ble_test)
    i.crc16                                  0x08003400   Section        0  kmp.o(i.crc16)
    i.delay_init                             0x08003438   Section        0  delay.o(i.delay_init)
    i.delay_ms                               0x0800347c   Section        0  delay.o(i.delay_ms)
    i.delay_us                               0x080034c8   Section        0  delay.o(i.delay_us)
    i.gesture_test                           0x08003514   Section        0  gesture.o(i.gesture_test)
    i.handleGesture                          0x0800351c   Section        0  paj7620u2.o(i.handleGesture)
    i.intelligent_test                       0x080036bc   Section        0  main.o(i.intelligent_test)
    i.main                                   0x0800373c   Section        0  main.o(i.main)
    i.music_handleGesture                    0x080037d8   Section        0  paj7620u2.o(i.music_handleGesture)
    i.music_test                             0x080039d4   Section        0  music.o(i.music_test)
    i.my_mem_free                            0x080039dc   Section        0  malloc.o(i.my_mem_free)
    i.my_mem_init                            0x08003a48   Section        0  malloc.o(i.my_mem_init)
    i.my_mem_malloc                          0x08003a8c   Section        0  malloc.o(i.my_mem_malloc)
    i.my_mem_perused                         0x08003b34   Section        0  malloc.o(i.my_mem_perused)
    i.myfree                                 0x08003b74   Section        0  malloc.o(i.myfree)
    i.mymalloc                               0x08003b98   Section        0  malloc.o(i.mymalloc)
    i.mymemset                               0x08003bc0   Section        0  malloc.o(i.mymemset)
    i.paj7620u2_init                         0x08003bd4   Section        0  paj7620u2.o(i.paj7620u2_init)
    i.paj7620u2_selectBank                   0x08003c18   Section        0  paj7620u2.o(i.paj7620u2_selectBank)
    i.paj7620u2_wakeup                       0x08003c3c   Section        0  paj7620u2.o(i.paj7620u2_wakeup)
    i.u3_printf                              0x08003c70   Section        0  usart3.o(i.u3_printf)
    i.uart4_init                             0x08003cc0   Section        0  uart4.o(i.uart4_init)
    i.uart_init                              0x08003d78   Section        0  usart.o(i.uart_init)
    i.usart2_init                            0x08003e18   Section        0  usart2.o(i.usart2_init)
    i.usart3_init                            0x08003ec8   Section        0  usart3.o(i.usart3_init)
    i.usart_run_view                         0x08003f98   Section        0  view.o(i.usart_run_view)
    i.usart_status_view                      0x08003fe0   Section        0  view.o(i.usart_status_view)
    i.usart_view                             0x0800405c   Section        0  view.o(i.usart_view)
    i.voice_test                             0x080040a0   Section        0  voice.o(i.voice_test)
    locale$$code                             0x0800416c   Section       44  lc_numeric_c.o(locale$$code)
    locale$$code                             0x08004198   Section       44  lc_ctype_c.o(locale$$code)
    x$fpl$printf1                            0x080041c4   Section        4  printf1.o(x$fpl$printf1)
    .constdata                               0x080041c8   Section     1937  kmp.o(.constdata)
    x$fpl$usenofp                            0x080041c8   Section        0  usenofp.o(x$fpl$usenofp)
    .constdata                               0x0800495c   Section        5  voice.o(.constdata)
    .constdata                               0x08004961   Section      232  paj7620u2.o(.constdata)
    .constdata                               0x08004a4c   Section       24  malloc.o(.constdata)
    .constdata                               0x08004a64   Section       16  wifista.o(.constdata)
    .constdata                               0x08004a74   Section       40  _printf_hex_int_ll_ptr.o(.constdata)
    uc_hextab                                0x08004a74   Data          20  _printf_hex_int_ll_ptr.o(.constdata)
    lc_hextab                                0x08004a88   Data          20  _printf_hex_int_ll_ptr.o(.constdata)
    .constdata                               0x08004a9c   Section       17  __printf_flags_ss_wp.o(.constdata)
    maptable                                 0x08004a9c   Data          17  __printf_flags_ss_wp.o(.constdata)
    .constdata                               0x08004ab0   Section        8  _printf_wctomb.o(.constdata)
    initial_mbstate                          0x08004ab0   Data           8  _printf_wctomb.o(.constdata)
    .constdata                               0x08004ab8   Section      148  bigflt0.o(.constdata)
    tenpwrs_x                                0x08004ab8   Data          60  bigflt0.o(.constdata)
    tenpwrs_i                                0x08004af4   Data          64  bigflt0.o(.constdata)
    .conststring                             0x08004b4c   Section      170  common.o(.conststring)
    locale$$data                             0x08004c18   Section       28  lc_numeric_c.o(locale$$data)
    __lcnum_c_name                           0x08004c1c   Data           2  lc_numeric_c.o(locale$$data)
    __lcnum_c_start                          0x08004c24   Data           0  lc_numeric_c.o(locale$$data)
    __lcnum_c_point                          0x08004c30   Data           0  lc_numeric_c.o(locale$$data)
    __lcnum_c_thousands                      0x08004c32   Data           0  lc_numeric_c.o(locale$$data)
    __lcnum_c_grouping                       0x08004c33   Data           0  lc_numeric_c.o(locale$$data)
    locale$$data                             0x08004c34   Section      272  lc_ctype_c.o(locale$$data)
    __lcnum_c_end                            0x08004c34   Data           0  lc_numeric_c.o(locale$$data)
    __lcctype_c_name                         0x08004c38   Data           2  lc_ctype_c.o(locale$$data)
    __lcctype_c_start                        0x08004c40   Data           0  lc_ctype_c.o(locale$$data)
    __lcctype_c_end                          0x08004d44   Data           0  lc_ctype_c.o(locale$$data)
    .data                                    0x20000000   Section       20  system_stm32f10x.o(.data)
    .data                                    0x20000014   Section        4  delay.o(.data)
    fac_us                                   0x20000014   Data           1  delay.o(.data)
    fac_ms                                   0x20000016   Data           2  delay.o(.data)
    .data                                    0x20000018   Section        6  usart.o(.data)
    .data                                    0x2000001e   Section        2  usart3.o(.data)
    .data                                    0x20000020   Section        2  usart2.o(.data)
    .data                                    0x20000022   Section       13  paj7620u2.o(.data)
    musicing                                 0x20000027   Data           1  paj7620u2.o(.data)
    music_send_buf                           0x20000028   Data           7  paj7620u2.o(.data)
    .data                                    0x20000030   Section       16  sdio_sdcard.o(.data)
    CardType                                 0x20000030   Data           1  sdio_sdcard.o(.data)
    RCA                                      0x20000034   Data           4  sdio_sdcard.o(.data)
    DeviceMode                               0x20000038   Data           1  sdio_sdcard.o(.data)
    StopCondition                            0x20000039   Data           1  sdio_sdcard.o(.data)
    .data                                    0x20000040   Section        1  uart4.o(.data)
    .data                                    0x20000041   Section       20  stm32f10x_rcc.o(.data)
    APBAHBPrescTable                         0x20000041   Data          16  stm32f10x_rcc.o(.data)
    ADCPrescTable                            0x20000051   Data           4  stm32f10x_rcc.o(.data)
    .data                                    0x20000058   Section       28  malloc.o(.data)
    .data                                    0x20000074   Section       72  common.o(.data)
    .bss                                     0x200000bc   Section      200  usart.o(.bss)
    .bss                                     0x20000184   Section     1200  usart3.o(.bss)
    .bss                                     0x20000634   Section      200  usart2.o(.bss)
    .bss                                     0x20000700   Section      704  sdio_sdcard.o(.bss)
    CSD_Tab                                  0x20000744   Data          16  sdio_sdcard.o(.bss)
    CID_Tab                                  0x20000754   Data          16  sdio_sdcard.o(.bss)
    .bss                                     0x200009c0   Section       64  uart4.o(.bss)
    .bss                                     0x20000a00   Section    43520  malloc.o(.bss)
    .bss                                     0x2000b400   Section       96  libspace.o(.bss)
    HEAP                                     0x2000b460   Section      512  startup_stm32f10x_hd.o(HEAP)
    Heap_Mem                                 0x2000b460   Data         512  startup_stm32f10x_hd.o(HEAP)
    STACK                                    0x2000b660   Section     1024  startup_stm32f10x_hd.o(STACK)
    Stack_Mem                                0x2000b660   Data        1024  startup_stm32f10x_hd.o(STACK)
    __initial_sp                             0x2000ba60   Data           0  startup_stm32f10x_hd.o(STACK)
    .ARM.__AT_0x68000000                     0x68000000   Section    983040  malloc.o(.ARM.__AT_0x68000000)
    .ARM.__AT_0x680F0000                     0x680f0000   Section    61440  malloc.o(.ARM.__AT_0x680F0000)

    Global Symbols

    Symbol Name                              Value     Ov Type        Size  Object(Section)

    BuildAttributes$$THM_ISAv4$P$D$K$B$S$PE$A:L22UL41UL21$X:L11$S22US41US21$IEEE1$IW$USESV6$~STKCKD$USESV7$~SHL$OTIME$ROPI$IEEEJ$EBA8$UX$STANDARDLIB$REQ8$PRES8$EABIv2 0x00000000   Number         0  anon$$obj.o ABSOLUTE
    __ARM_use_no_argv                        0x00000000   Number         0  main.o ABSOLUTE
    _printf_flags                            0x00000000   Number         0  printf_stubs.o ABSOLUTE
    _printf_return_value                     0x00000000   Number         0  printf_stubs.o ABSOLUTE
    _printf_sizespec                         0x00000000   Number         0  printf_stubs.o ABSOLUTE
    _printf_widthprec                        0x00000000   Number         0  printf_stubs.o ABSOLUTE
    __ARM_exceptions_init                     - Undefined Weak Reference
    __alloca_initialize                       - Undefined Weak Reference
    __arm_preinit_                            - Undefined Weak Reference
    __cpp_initialize__aeabi_                  - Undefined Weak Reference
    __cxa_finalize                            - Undefined Weak Reference
    __sigvec_lookup                           - Undefined Weak Reference
    __user_heap_extent                        - Undefined Weak Reference
    _atexit_init                              - Undefined Weak Reference
    _call_atexit_fns                          - Undefined Weak Reference
    _clock_init                               - Undefined Weak Reference
    _fp_trap_init                             - Undefined Weak Reference
    _fp_trap_shutdown                         - Undefined Weak Reference
    _get_lc_collate                           - Undefined Weak Reference
    _get_lc_monetary                          - Undefined Weak Reference
    _get_lc_time                              - Undefined Weak Reference
    _getenv_init                              - Undefined Weak Reference
    _handle_redirection                       - Undefined Weak Reference
    _initio                                   - Undefined Weak Reference
    _mutex_acquire                            - Undefined Weak Reference
    _mutex_free                               - Undefined Weak Reference
    _mutex_release                            - Undefined Weak Reference
    _printf_fp_hex                            - Undefined Weak Reference
    _printf_mbtowc                            - Undefined Weak Reference
    _printf_wc                                - Undefined Weak Reference
    _rand_init                                - Undefined Weak Reference
    _signal_finish                            - Undefined Weak Reference
    _signal_init                              - Undefined Weak Reference
    _terminateio                              - Undefined Weak Reference
    __Vectors_Size                           0x00000130   Number         0  startup_stm32f10x_hd.o ABSOLUTE
    __Vectors                                0x08000000   Data           4  startup_stm32f10x_hd.o(RESET)
    __Vectors_End                            0x08000130   Data           0  startup_stm32f10x_hd.o(RESET)
    __main                                   0x08000131   Thumb Code     8  __main.o(!!!main)
    __scatterload                            0x08000139   Thumb Code     0  __scatter.o(!!!scatter)
    __scatterload_rt2                        0x08000139   Thumb Code    44  __scatter.o(!!!scatter)
    __scatterload_rt2_thumb_only             0x08000139   Thumb Code     0  __scatter.o(!!!scatter)
    __scatterload_null                       0x08000147   Thumb Code     0  __scatter.o(!!!scatter)
    __scatterload_copy                       0x0800016d   Thumb Code    26  __scatter_copy.o(!!handler_copy)
    __scatterload_zeroinit                   0x08000189   Thumb Code    28  __scatter_zi.o(!!handler_zi)
    _printf_n                                0x080001a5   Thumb Code     0  _printf_n.o(.ARM.Collect$$_printf_percent$$00000001)
    _printf_percent                          0x080001a5   Thumb Code     0  _printf_percent.o(.ARM.Collect$$_printf_percent$$00000000)
    _printf_p                                0x080001ab   Thumb Code     0  _printf_p.o(.ARM.Collect$$_printf_percent$$00000002)
    _printf_f                                0x080001b1   Thumb Code     0  _printf_f.o(.ARM.Collect$$_printf_percent$$00000003)
    _printf_e                                0x080001b7   Thumb Code     0  _printf_e.o(.ARM.Collect$$_printf_percent$$00000004)
    _printf_g                                0x080001bd   Thumb Code     0  _printf_g.o(.ARM.Collect$$_printf_percent$$00000005)
    _printf_a                                0x080001c3   Thumb Code     0  _printf_a.o(.ARM.Collect$$_printf_percent$$00000006)
    _printf_ll                               0x080001c9   Thumb Code     0  _printf_ll.o(.ARM.Collect$$_printf_percent$$00000007)
    _printf_i                                0x080001d3   Thumb Code     0  _printf_i.o(.ARM.Collect$$_printf_percent$$00000008)
    _printf_d                                0x080001d9   Thumb Code     0  _printf_d.o(.ARM.Collect$$_printf_percent$$00000009)
    _printf_u                                0x080001df   Thumb Code     0  _printf_u.o(.ARM.Collect$$_printf_percent$$0000000A)
    _printf_o                                0x080001e5   Thumb Code     0  _printf_o.o(.ARM.Collect$$_printf_percent$$0000000B)
    _printf_x                                0x080001eb   Thumb Code     0  _printf_x.o(.ARM.Collect$$_printf_percent$$0000000C)
    _printf_lli                              0x080001f1   Thumb Code     0  _printf_lli.o(.ARM.Collect$$_printf_percent$$0000000D)
    _printf_lld                              0x080001f7   Thumb Code     0  _printf_lld.o(.ARM.Collect$$_printf_percent$$0000000E)
    _printf_llu                              0x080001fd   Thumb Code     0  _printf_llu.o(.ARM.Collect$$_printf_percent$$0000000F)
    _printf_llo                              0x08000203   Thumb Code     0  _printf_llo.o(.ARM.Collect$$_printf_percent$$00000010)
    _printf_llx                              0x08000209   Thumb Code     0  _printf_llx.o(.ARM.Collect$$_printf_percent$$00000011)
    _printf_l                                0x0800020f   Thumb Code     0  _printf_l.o(.ARM.Collect$$_printf_percent$$00000012)
    _printf_c                                0x08000219   Thumb Code     0  _printf_c.o(.ARM.Collect$$_printf_percent$$00000013)
    _printf_s                                0x0800021f   Thumb Code     0  _printf_s.o(.ARM.Collect$$_printf_percent$$00000014)
    _printf_lc                               0x08000225   Thumb Code     0  _printf_lc.o(.ARM.Collect$$_printf_percent$$00000015)
    _printf_ls                               0x0800022b   Thumb Code     0  _printf_ls.o(.ARM.Collect$$_printf_percent$$00000016)
    _printf_percent_end                      0x08000231   Thumb Code     0  _printf_percent_end.o(.ARM.Collect$$_printf_percent$$00000017)
    __rt_lib_init                            0x08000235   Thumb Code     0  libinit.o(.ARM.Collect$$libinit$$00000000)
    __rt_lib_init_fp_1                       0x08000237   Thumb Code     0  libinit2.o(.ARM.Collect$$libinit$$00000002)
    __rt_lib_init_heap_1                     0x08000237   Thumb Code     0  libinit2.o(.ARM.Collect$$libinit$$0000000A)
    __rt_lib_init_lc_common                  0x08000237   Thumb Code     0  libinit2.o(.ARM.Collect$$libinit$$0000000F)
    __rt_lib_init_preinit_1                  0x08000237   Thumb Code     0  libinit2.o(.ARM.Collect$$libinit$$00000004)
    __rt_lib_init_rand_1                     0x08000237   Thumb Code     0  libinit2.o(.ARM.Collect$$libinit$$0000000E)
    __rt_lib_init_user_alloc_1               0x08000237   Thumb Code     0  libinit2.o(.ARM.Collect$$libinit$$0000000C)
    __rt_lib_init_lc_collate_1               0x0800023d   Thumb Code     0  libinit2.o(.ARM.Collect$$libinit$$00000011)
    __rt_lib_init_lc_ctype_2                 0x0800023d   Thumb Code     0  libinit2.o(.ARM.Collect$$libinit$$00000012)
    __rt_lib_init_lc_ctype_1                 0x08000249   Thumb Code     0  libinit2.o(.ARM.Collect$$libinit$$00000013)
    __rt_lib_init_lc_monetary_1              0x08000249   Thumb Code     0  libinit2.o(.ARM.Collect$$libinit$$00000015)
    __rt_lib_init_lc_numeric_2               0x08000249   Thumb Code     0  libinit2.o(.ARM.Collect$$libinit$$00000016)
    __rt_lib_init_alloca_1                   0x08000253   Thumb Code     0  libinit2.o(.ARM.Collect$$libinit$$0000002E)
    __rt_lib_init_argv_1                     0x08000253   Thumb Code     0  libinit2.o(.ARM.Collect$$libinit$$0000002C)
    __rt_lib_init_atexit_1                   0x08000253   Thumb Code     0  libinit2.o(.ARM.Collect$$libinit$$0000001B)
    __rt_lib_init_clock_1                    0x08000253   Thumb Code     0  libinit2.o(.ARM.Collect$$libinit$$00000021)
    __rt_lib_init_cpp_1                      0x08000253   Thumb Code     0  libinit2.o(.ARM.Collect$$libinit$$00000032)
    __rt_lib_init_exceptions_1               0x08000253   Thumb Code     0  libinit2.o(.ARM.Collect$$libinit$$00000030)
    __rt_lib_init_fp_trap_1                  0x08000253   Thumb Code     0  libinit2.o(.ARM.Collect$$libinit$$0000001F)
    __rt_lib_init_getenv_1                   0x08000253   Thumb Code     0  libinit2.o(.ARM.Collect$$libinit$$00000023)
    __rt_lib_init_lc_numeric_1               0x08000253   Thumb Code     0  libinit2.o(.ARM.Collect$$libinit$$00000017)
    __rt_lib_init_lc_time_1                  0x08000253   Thumb Code     0  libinit2.o(.ARM.Collect$$libinit$$00000019)
    __rt_lib_init_return                     0x08000253   Thumb Code     0  libinit2.o(.ARM.Collect$$libinit$$00000033)
    __rt_lib_init_signal_1                   0x08000253   Thumb Code     0  libinit2.o(.ARM.Collect$$libinit$$0000001D)
    __rt_lib_init_stdio_1                    0x08000253   Thumb Code     0  libinit2.o(.ARM.Collect$$libinit$$00000025)
    __rt_lib_shutdown                        0x08000255   Thumb Code     0  libshutdown.o(.ARM.Collect$$libshutdown$$00000000)
    __rt_lib_shutdown_cpp_1                  0x08000257   Thumb Code     0  libshutdown2.o(.ARM.Collect$$libshutdown$$00000002)
    __rt_lib_shutdown_fp_trap_1              0x08000257   Thumb Code     0  libshutdown2.o(.ARM.Collect$$libshutdown$$00000007)
    __rt_lib_shutdown_heap_1                 0x08000257   Thumb Code     0  libshutdown2.o(.ARM.Collect$$libshutdown$$0000000F)
    __rt_lib_shutdown_return                 0x08000257   Thumb Code     0  libshutdown2.o(.ARM.Collect$$libshutdown$$00000010)
    __rt_lib_shutdown_signal_1               0x08000257   Thumb Code     0  libshutdown2.o(.ARM.Collect$$libshutdown$$0000000A)
    __rt_lib_shutdown_stdio_1                0x08000257   Thumb Code     0  libshutdown2.o(.ARM.Collect$$libshutdown$$00000004)
    __rt_lib_shutdown_user_alloc_1           0x08000257   Thumb Code     0  libshutdown2.o(.ARM.Collect$$libshutdown$$0000000C)
    __rt_entry                               0x08000259   Thumb Code     0  __rtentry.o(.ARM.Collect$$rtentry$$00000000)
    __rt_entry_presh_1                       0x08000259   Thumb Code     0  __rtentry2.o(.ARM.Collect$$rtentry$$00000002)
    __rt_entry_sh                            0x08000259   Thumb Code     0  __rtentry4.o(.ARM.Collect$$rtentry$$00000004)
    __rt_entry_li                            0x0800025f   Thumb Code     0  __rtentry2.o(.ARM.Collect$$rtentry$$0000000A)
    __rt_entry_postsh_1                      0x0800025f   Thumb Code     0  __rtentry2.o(.ARM.Collect$$rtentry$$00000009)
    __rt_entry_main                          0x08000263   Thumb Code     0  __rtentry2.o(.ARM.Collect$$rtentry$$0000000D)
    __rt_entry_postli_1                      0x08000263   Thumb Code     0  __rtentry2.o(.ARM.Collect$$rtentry$$0000000C)
    __rt_exit                                0x0800026b   Thumb Code     0  rtexit.o(.ARM.Collect$$rtexit$$00000000)
    __rt_exit_ls                             0x0800026d   Thumb Code     0  rtexit2.o(.ARM.Collect$$rtexit$$00000003)
    __rt_exit_prels_1                        0x0800026d   Thumb Code     0  rtexit2.o(.ARM.Collect$$rtexit$$00000002)
    __rt_exit_exit                           0x08000271   Thumb Code     0  rtexit2.o(.ARM.Collect$$rtexit$$00000004)
    Reset_Handler                            0x08000279   Thumb Code     8  startup_stm32f10x_hd.o(.text)
    ADC1_2_IRQHandler                        0x08000293   Thumb Code     0  startup_stm32f10x_hd.o(.text)
    ADC3_IRQHandler                          0x08000293   Thumb Code     0  startup_stm32f10x_hd.o(.text)
    CAN1_RX1_IRQHandler                      0x08000293   Thumb Code     0  startup_stm32f10x_hd.o(.text)
    CAN1_SCE_IRQHandler                      0x08000293   Thumb Code     0  startup_stm32f10x_hd.o(.text)
    DMA1_Channel1_IRQHandler                 0x08000293   Thumb Code     0  startup_stm32f10x_hd.o(.text)
    DMA1_Channel2_IRQHandler                 0x08000293   Thumb Code     0  startup_stm32f10x_hd.o(.text)
    DMA1_Channel3_IRQHandler                 0x08000293   Thumb Code     0  startup_stm32f10x_hd.o(.text)
    DMA1_Channel4_IRQHandler                 0x08000293   Thumb Code     0  startup_stm32f10x_hd.o(.text)
    DMA1_Channel5_IRQHandler                 0x08000293   Thumb Code     0  startup_stm32f10x_hd.o(.text)
    DMA1_Channel6_IRQHandler                 0x08000293   Thumb Code     0  startup_stm32f10x_hd.o(.text)
    DMA1_Channel7_IRQHandler                 0x08000293   Thumb Code     0  startup_stm32f10x_hd.o(.text)
    DMA2_Channel1_IRQHandler                 0x08000293   Thumb Code     0  startup_stm32f10x_hd.o(.text)
    DMA2_Channel2_IRQHandler                 0x08000293   Thumb Code     0  startup_stm32f10x_hd.o(.text)
    DMA2_Channel3_IRQHandler                 0x08000293   Thumb Code     0  startup_stm32f10x_hd.o(.text)
    DMA2_Channel4_5_IRQHandler               0x08000293   Thumb Code     0  startup_stm32f10x_hd.o(.text)
    EXTI0_IRQHandler                         0x08000293   Thumb Code     0  startup_stm32f10x_hd.o(.text)
    EXTI15_10_IRQHandler                     0x08000293   Thumb Code     0  startup_stm32f10x_hd.o(.text)
    EXTI1_IRQHandler                         0x08000293   Thumb Code     0  startup_stm32f10x_hd.o(.text)
    EXTI2_IRQHandler                         0x08000293   Thumb Code     0  startup_stm32f10x_hd.o(.text)
    EXTI3_IRQHandler                         0x08000293   Thumb Code     0  startup_stm32f10x_hd.o(.text)
    EXTI4_IRQHandler                         0x08000293   Thumb Code     0  startup_stm32f10x_hd.o(.text)
    EXTI9_5_IRQHandler                       0x08000293   Thumb Code     0  startup_stm32f10x_hd.o(.text)
    FLASH_IRQHandler                         0x08000293   Thumb Code     0  startup_stm32f10x_hd.o(.text)
    FSMC_IRQHandler                          0x08000293   Thumb Code     0  startup_stm32f10x_hd.o(.text)
    I2C1_ER_IRQHandler                       0x08000293   Thumb Code     0  startup_stm32f10x_hd.o(.text)
    I2C1_EV_IRQHandler                       0x08000293   Thumb Code     0  startup_stm32f10x_hd.o(.text)
    I2C2_ER_IRQHandler                       0x08000293   Thumb Code     0  startup_stm32f10x_hd.o(.text)
    I2C2_EV_IRQHandler                       0x08000293   Thumb Code     0  startup_stm32f10x_hd.o(.text)
    PVD_IRQHandler                           0x08000293   Thumb Code     0  startup_stm32f10x_hd.o(.text)
    RCC_IRQHandler                           0x08000293   Thumb Code     0  startup_stm32f10x_hd.o(.text)
    RTCAlarm_IRQHandler                      0x08000293   Thumb Code     0  startup_stm32f10x_hd.o(.text)
    RTC_IRQHandler                           0x08000293   Thumb Code     0  startup_stm32f10x_hd.o(.text)
    SPI1_IRQHandler                          0x08000293   Thumb Code     0  startup_stm32f10x_hd.o(.text)
    SPI2_IRQHandler                          0x08000293   Thumb Code     0  startup_stm32f10x_hd.o(.text)
    SPI3_IRQHandler                          0x08000293   Thumb Code     0  startup_stm32f10x_hd.o(.text)
    TAMPER_IRQHandler                        0x08000293   Thumb Code     0  startup_stm32f10x_hd.o(.text)
    TIM1_BRK_IRQHandler                      0x08000293   Thumb Code     0  startup_stm32f10x_hd.o(.text)
    TIM1_CC_IRQHandler                       0x08000293   Thumb Code     0  startup_stm32f10x_hd.o(.text)
    TIM1_TRG_COM_IRQHandler                  0x08000293   Thumb Code     0  startup_stm32f10x_hd.o(.text)
    TIM1_UP_IRQHandler                       0x08000293   Thumb Code     0  startup_stm32f10x_hd.o(.text)
    TIM2_IRQHandler                          0x08000293   Thumb Code     0  startup_stm32f10x_hd.o(.text)
    TIM3_IRQHandler                          0x08000293   Thumb Code     0  startup_stm32f10x_hd.o(.text)
    TIM4_IRQHandler                          0x08000293   Thumb Code     0  startup_stm32f10x_hd.o(.text)
    TIM5_IRQHandler                          0x08000293   Thumb Code     0  startup_stm32f10x_hd.o(.text)
    TIM6_IRQHandler                          0x08000293   Thumb Code     0  startup_stm32f10x_hd.o(.text)
    TIM8_BRK_IRQHandler                      0x08000293   Thumb Code     0  startup_stm32f10x_hd.o(.text)
    TIM8_CC_IRQHandler                       0x08000293   Thumb Code     0  startup_stm32f10x_hd.o(.text)
    TIM8_TRG_COM_IRQHandler                  0x08000293   Thumb Code     0  startup_stm32f10x_hd.o(.text)
    TIM8_UP_IRQHandler                       0x08000293   Thumb Code     0  startup_stm32f10x_hd.o(.text)
    UART5_IRQHandler                         0x08000293   Thumb Code     0  startup_stm32f10x_hd.o(.text)
    USBWakeUp_IRQHandler                     0x08000293   Thumb Code     0  startup_stm32f10x_hd.o(.text)
    USB_HP_CAN1_TX_IRQHandler                0x08000293   Thumb Code     0  startup_stm32f10x_hd.o(.text)
    USB_LP_CAN1_RX0_IRQHandler               0x08000293   Thumb Code     0  startup_stm32f10x_hd.o(.text)
    WWDG_IRQHandler                          0x08000293   Thumb Code     0  startup_stm32f10x_hd.o(.text)
    __user_initial_stackheap                 0x08000295   Thumb Code     0  startup_stm32f10x_hd.o(.text)
    __use_no_semihosting                     0x080002b9   Thumb Code     2  use_no_semi_2.o(.text)
    __c89vsprintf                            0x080002bd   Thumb Code    32  c89vsprintf.o(.text)
    __2sprintf                               0x080002e1   Thumb Code    38  __2sprintf.o(.text)
    _printf_str                              0x0800030d   Thumb Code    82  _printf_str.o(.text)
    _printf_int_dec                          0x08000361   Thumb Code   104  _printf_dec.o(.text)
    _printf_longlong_hex                     0x080003d9   Thumb Code    86  _printf_hex_int_ll_ptr.o(.text)
    _printf_int_hex                          0x0800042f   Thumb Code    28  _printf_hex_int_ll_ptr.o(.text)
    _printf_ll_hex                           0x0800044b   Thumb Code    12  _printf_hex_int_ll_ptr.o(.text)
    _printf_hex_ptr                          0x08000457   Thumb Code    18  _printf_hex_int_ll_ptr.o(.text)
    __printf                                 0x0800046d   Thumb Code   388  __printf_flags_ss_wp.o(.text)
    strstr                                   0x080005f5   Thumb Code    36  strstr.o(.text)
    strlen                                   0x08000619   Thumb Code    62  strlen.o(.text)
    __aeabi_memcpy                           0x08000657   Thumb Code     0  rt_memcpy_v6.o(.text)
    __rt_memcpy                              0x08000657   Thumb Code   138  rt_memcpy_v6.o(.text)
    _memcpy_lastbytes                        0x080006bd   Thumb Code     0  rt_memcpy_v6.o(.text)
    __aeabi_memcpy4                          0x080006e1   Thumb Code     0  rt_memcpy_w.o(.text)
    __aeabi_memcpy8                          0x080006e1   Thumb Code     0  rt_memcpy_w.o(.text)
    __rt_memcpy_w                            0x080006e1   Thumb Code   100  rt_memcpy_w.o(.text)
    _memcpy_lastbytes_aligned                0x08000729   Thumb Code     0  rt_memcpy_w.o(.text)
    strcmp                                   0x08000745   Thumb Code   128  strcmpv7m.o(.text)
    __use_two_region_memory                  0x080007c5   Thumb Code     2  heapauxi.o(.text)
    __rt_heap_escrow                         0x080007c7   Thumb Code     2  heapauxi.o(.text)
    __rt_heap_expand                         0x080007c9   Thumb Code     2  heapauxi.o(.text)
    __I$use$semihosting                      0x080007cb   Thumb Code     0  use_no_semi.o(.text)
    __use_no_semihosting_swi                 0x080007cb   Thumb Code     2  use_no_semi.o(.text)
    _printf_pre_padding                      0x080007cd   Thumb Code    44  _printf_pad.o(.text)
    _printf_post_padding                     0x080007f9   Thumb Code    34  _printf_pad.o(.text)
    _printf_truncate_signed                  0x0800081b   Thumb Code    18  _printf_truncate.o(.text)
    _printf_truncate_unsigned                0x0800082d   Thumb Code    18  _printf_truncate.o(.text)
    _printf_int_common                       0x0800083f   Thumb Code   178  _printf_intcommon.o(.text)
    _printf_charcount                        0x080008f1   Thumb Code    40  _printf_charcount.o(.text)
    _printf_char_common                      0x08000923   Thumb Code    32  _printf_char_common.o(.text)
    _sputc                                   0x08000949   Thumb Code    10  _sputc.o(.text)
    _printf_cs_common                        0x08000953   Thumb Code    20  _printf_char.o(.text)
    _printf_char                             0x08000967   Thumb Code    16  _printf_char.o(.text)
    _printf_string                           0x08000977   Thumb Code     8  _printf_char.o(.text)
    _printf_wctomb                           0x08000981   Thumb Code   182  _printf_wctomb.o(.text)
    _printf_longlong_dec                     0x08000a3d   Thumb Code   108  _printf_longlong_dec.o(.text)
    _printf_longlong_oct                     0x08000ab9   Thumb Code    68  _printf_oct_int_ll.o(.text)
    _printf_int_oct                          0x08000afd   Thumb Code    24  _printf_oct_int_ll.o(.text)
    _printf_ll_oct                           0x08000b15   Thumb Code    12  _printf_oct_int_ll.o(.text)
    __user_libspace                          0x08000b29   Thumb Code     8  libspace.o(.text)
    __user_perproc_libspace                  0x08000b29   Thumb Code     0  libspace.o(.text)
    __user_perthread_libspace                0x08000b29   Thumb Code     0  libspace.o(.text)
    _ll_udiv10                               0x08000b31   Thumb Code   138  lludiv10.o(.text)
    __lib_sel_fp_printf                      0x08000bbb   Thumb Code     2  _printf_fp_dec.o(.text)
    _printf_fp_dec_real                      0x08000d69   Thumb Code   620  _printf_fp_dec.o(.text)
    _printf_lcs_common                       0x08000fd5   Thumb Code    20  _printf_wchar.o(.text)
    _printf_wchar                            0x08000fe9   Thumb Code    16  _printf_wchar.o(.text)
    _printf_wstring                          0x08000ff9   Thumb Code     8  _printf_wchar.o(.text)
    _wcrtomb                                 0x08001001   Thumb Code    64  _wcrtomb.o(.text)
    __user_setup_stackheap                   0x08001041   Thumb Code    74  sys_stackheap_outer.o(.text)
    __rt_ctype_table                         0x0800108d   Thumb Code    16  rt_ctype_table.o(.text)
    __rt_locale                              0x0800109d   Thumb Code     8  rt_locale_intlibspace.o(.text)
    _printf_fp_infnan                        0x080010a5   Thumb Code   112  _printf_fp_infnan.o(.text)
    _btod_etento                             0x08001125   Thumb Code   216  bigflt0.o(.text)
    exit                                     0x08001201   Thumb Code    18  exit.o(.text)
    _btod_d2e                                0x08001213   Thumb Code    62  btod.o(CL$$btod_d2e)
    _d2e_denorm_low                          0x08001251   Thumb Code    70  btod.o(CL$$btod_d2e_denorm_low)
    _d2e_norm_op1                            0x08001297   Thumb Code    96  btod.o(CL$$btod_d2e_norm_op1)
    __btod_div_common                        0x080012f7   Thumb Code   696  btod.o(CL$$btod_div_common)
    _e2e                                     0x0800162f   Thumb Code   198  btod.o(CL$$btod_e2e)
    _btod_ediv                               0x080016f5   Thumb Code    40  btod.o(CL$$btod_ediv)
    _btod_emul                               0x0800171d   Thumb Code    40  btod.o(CL$$btod_emul)
    __btod_mult_common                       0x08001745   Thumb Code   580  btod.o(CL$$btod_mult_common)
    BLE_Init                                 0x08001989   Thumb Code    46  ble.o(i.BLE_Init)
    BusFault_Handler                         0x080019bd   Thumb Code     4  stm32f10x_it.o(i.BusFault_Handler)
    CmdResp1Error                            0x080019c1   Thumb Code    90  sdio_sdcard.o(i.CmdResp1Error)
    DataTransfer                             0x08001a21   Thumb Code   884  kmp.o(i.DataTransfer)
    DebugMon_Handler                         0x08001dc5   Thumb Code     2  stm32f10x_it.o(i.DebugMon_Handler)
    GPIO_Init                                0x08001dc7   Thumb Code   278  stm32f10x_gpio.o(i.GPIO_Init)
    GPIO_ResetBits                           0x08001edd   Thumb Code     4  stm32f10x_gpio.o(i.GPIO_ResetBits)
    GPIO_SetBits                             0x08001ee1   Thumb Code     4  stm32f10x_gpio.o(i.GPIO_SetBits)
    GS_Read_Byte                             0x08002169   Thumb Code    68  paj7620u2_iic.o(i.GS_Read_Byte)
    GS_Read_nByte                            0x080021ad   Thumb Code    98  paj7620u2_iic.o(i.GS_Read_nByte)
    GS_WakeUp                                0x0800220f   Thumb Code    18  paj7620u2_iic.o(i.GS_WakeUp)
    GS_Write_Byte                            0x08002221   Thumb Code    58  paj7620u2_iic.o(i.GS_Write_Byte)
    GS_i2c_init                              0x0800225d   Thumb Code    46  paj7620u2_iic.o(i.GS_i2c_init)
    HardFault_Handler                        0x08002291   Thumb Code     4  stm32f10x_it.o(i.HardFault_Handler)
    LIGHT_Init                               0x08002295   Thumb Code    32  light.o(i.LIGHT_Init)
    MemManage_Handler                        0x080022b9   Thumb Code     4  stm32f10x_it.o(i.MemManage_Handler)
    NMI_Handler                              0x080022bd   Thumb Code     2  stm32f10x_it.o(i.NMI_Handler)
    NVIC_Init                                0x080022c1   Thumb Code   100  misc.o(i.NVIC_Init)
    NVIC_PriorityGroupConfig                 0x08002331   Thumb Code    10  misc.o(i.NVIC_PriorityGroupConfig)
    PendSV_Handler                           0x08002345   Thumb Code     2  stm32f10x_it.o(i.PendSV_Handler)
    RCC_APB1PeriphClockCmd                   0x08002349   Thumb Code    26  stm32f10x_rcc.o(i.RCC_APB1PeriphClockCmd)
    RCC_APB1PeriphResetCmd                   0x08002369   Thumb Code    26  stm32f10x_rcc.o(i.RCC_APB1PeriphResetCmd)
    RCC_APB2PeriphClockCmd                   0x08002389   Thumb Code    26  stm32f10x_rcc.o(i.RCC_APB2PeriphClockCmd)
    RCC_APB2PeriphResetCmd                   0x080023a9   Thumb Code    26  stm32f10x_rcc.o(i.RCC_APB2PeriphResetCmd)
    RCC_GetClocksFreq                        0x080023c9   Thumb Code   192  stm32f10x_rcc.o(i.RCC_GetClocksFreq)
    SDIO_ClearFlag                           0x0800249d   Thumb Code     6  stm32f10x_sdio.o(i.SDIO_ClearFlag)
    SDIO_GetFlagStatus                       0x080024a9   Thumb Code    20  stm32f10x_sdio.o(i.SDIO_GetFlagStatus)
    SDIO_IRQHandler                          0x080024c1   Thumb Code     8  sdio_sdcard.o(i.SDIO_IRQHandler)
    SDIO_SendCommand                         0x080024c9   Thumb Code    38  stm32f10x_sdio.o(i.SDIO_SendCommand)
    SD_ProcessIRQSrc                         0x080024f5   Thumb Code   296  sdio_sdcard.o(i.SD_ProcessIRQSrc)
    SVC_Handler                              0x08002631   Thumb Code     2  stm32f10x_it.o(i.SVC_Handler)
    SysTick_CLKSourceConfig                  0x0800271d   Thumb Code    40  misc.o(i.SysTick_CLKSourceConfig)
    SysTick_Handler                          0x08002745   Thumb Code     2  stm32f10x_it.o(i.SysTick_Handler)
    SystemInit                               0x08002749   Thumb Code    78  system_stm32f10x.o(i.SystemInit)
    TIM7_IRQHandler                          0x080027a9   Thumb Code    42  timer.o(i.TIM7_IRQHandler)
    TIM7_Int_Init                            0x080027dd   Thumb Code    90  timer.o(i.TIM7_Int_Init)
    TIM_ClearITPendingBit                    0x0800283d   Thumb Code     6  stm32f10x_tim.o(i.TIM_ClearITPendingBit)
    TIM_Cmd                                  0x08002843   Thumb Code    24  stm32f10x_tim.o(i.TIM_Cmd)
    TIM_GetITStatus                          0x0800285b   Thumb Code    34  stm32f10x_tim.o(i.TIM_GetITStatus)
    TIM_ITConfig                             0x0800287d   Thumb Code    18  stm32f10x_tim.o(i.TIM_ITConfig)
    TIM_SetCounter                           0x0800288f   Thumb Code     4  stm32f10x_tim.o(i.TIM_SetCounter)
    TIM_TimeBaseInit                         0x08002895   Thumb Code   122  stm32f10x_tim.o(i.TIM_TimeBaseInit)
    UART4_IRQHandler                         0x08002939   Thumb Code    42  uart4.o(i.UART4_IRQHandler)
    USART1_IRQHandler                        0x08002971   Thumb Code   122  usart.o(i.USART1_IRQHandler)
    USART2_IRQHandler                        0x080029f9   Thumb Code   122  usart2.o(i.USART2_IRQHandler)
    USART3_IRQHandler                        0x08002a81   Thumb Code    94  usart3.o(i.USART3_IRQHandler)
    USART_ClearFlag                          0x08002af1   Thumb Code    18  stm32f10x_usart.o(i.USART_ClearFlag)
    USART_Cmd                                0x08002b03   Thumb Code    24  stm32f10x_usart.o(i.USART_Cmd)
    USART_DeInit                             0x08002b1d   Thumb Code   134  stm32f10x_usart.o(i.USART_DeInit)
    USART_GetFlagStatus                      0x08002bb9   Thumb Code    26  stm32f10x_usart.o(i.USART_GetFlagStatus)
    USART_GetITStatus                        0x08002bd3   Thumb Code    84  stm32f10x_usart.o(i.USART_GetITStatus)
    USART_ITConfig                           0x08002c27   Thumb Code    74  stm32f10x_usart.o(i.USART_ITConfig)
    USART_Init                               0x08002c71   Thumb Code   210  stm32f10x_usart.o(i.USART_Init)
    USART_ReceiveData                        0x08002d49   Thumb Code    10  stm32f10x_usart.o(i.USART_ReceiveData)
    USART_SendData                           0x08002d53   Thumb Code     8  stm32f10x_usart.o(i.USART_SendData)
    UsageFault_Handler                       0x08002d5b   Thumb Code     4  stm32f10x_it.o(i.UsageFault_Handler)
    VOICE_Init                               0x08002d61   Thumb Code    46  voice.o(i.VOICE_Init)
    __ARM_fpclassify                         0x08002d95   Thumb Code    40  fpclassify.o(i.__ARM_fpclassify)
    _is_digit                                0x08002dbd   Thumb Code    14  __printf_wp.o(i._is_digit)
    _sys_exit                                0x08002dcb   Thumb Code     6  usart.o(i._sys_exit)
    atk_8266_check_cmd                       0x08002dd1   Thumb Code    44  common.o(i.atk_8266_check_cmd)
    atk_8266_consta_check                    0x08002e05   Thumb Code    36  common.o(i.atk_8266_consta_check)
    atk_8266_quit_trans                      0x08002e49   Thumb Code   100  common.o(i.atk_8266_quit_trans)
    atk_8266_send_cmd                        0x08002eb9   Thumb Code    84  common.o(i.atk_8266_send_cmd)
    atk_8266_test                            0x08002f19   Thumb Code   176  common.o(i.atk_8266_test)
    atk_8266_wifista_test                    0x08002ff1   Thumb Code   788  wifista.o(i.atk_8266_wifista_test)
    ble_test                                 0x080033ad   Thumb Code    72  ble.o(i.ble_test)
    crc16                                    0x08003401   Thumb Code    48  kmp.o(i.crc16)
    delay_init                               0x08003439   Thumb Code    50  delay.o(i.delay_init)
    delay_ms                                 0x0800347d   Thumb Code    72  delay.o(i.delay_ms)
    delay_us                                 0x080034c9   Thumb Code    72  delay.o(i.delay_us)
    gesture_test                             0x08003515   Thumb Code     8  gesture.o(i.gesture_test)
    handleGesture                            0x0800351d   Thumb Code   388  paj7620u2.o(i.handleGesture)
    intelligent_test                         0x080036bd   Thumb Code   116  main.o(i.intelligent_test)
    main                                     0x0800373d   Thumb Code   142  main.o(i.main)
    music_handleGesture                      0x080037d9   Thumb Code   480  paj7620u2.o(i.music_handleGesture)
    music_test                               0x080039d5   Thumb Code     8  music.o(i.music_test)
    my_mem_free                              0x080039dd   Thumb Code    96  malloc.o(i.my_mem_free)
    my_mem_init                              0x08003a49   Thumb Code    54  malloc.o(i.my_mem_init)
    my_mem_malloc                            0x08003a8d   Thumb Code   156  malloc.o(i.my_mem_malloc)
    my_mem_perused                           0x08003b35   Thumb Code    54  malloc.o(i.my_mem_perused)
    myfree                                   0x08003b75   Thumb Code    30  malloc.o(i.myfree)
    mymalloc                                 0x08003b99   Thumb Code    34  malloc.o(i.mymalloc)
    mymemset                                 0x08003bc1   Thumb Code    20  malloc.o(i.mymemset)
    paj7620u2_init                           0x08003bd5   Thumb Code    64  paj7620u2.o(i.paj7620u2_init)
    paj7620u2_selectBank                     0x08003c19   Thumb Code    36  paj7620u2.o(i.paj7620u2_selectBank)
    paj7620u2_wakeup                         0x08003c3d   Thumb Code    50  paj7620u2.o(i.paj7620u2_wakeup)
    u3_printf                                0x08003c71   Thumb Code    72  usart3.o(i.u3_printf)
    uart4_init                               0x08003cc1   Thumb Code   174  uart4.o(i.uart4_init)
    uart_init                                0x08003d79   Thumb Code   152  usart.o(i.uart_init)
    usart2_init                              0x08003e19   Thumb Code   166  usart2.o(i.usart2_init)
    usart3_init                              0x08003ec9   Thumb Code   192  usart3.o(i.usart3_init)
    usart_run_view                           0x08003f99   Thumb Code    60  view.o(i.usart_run_view)
    usart_status_view                        0x08003fe1   Thumb Code   104  view.o(i.usart_status_view)
    usart_view                               0x0800405d   Thumb Code    54  view.o(i.usart_view)
    voice_test                               0x080040a1   Thumb Code   176  voice.o(i.voice_test)
    _get_lc_numeric                          0x0800416d   Thumb Code    44  lc_numeric_c.o(locale$$code)
    _get_lc_ctype                            0x08004199   Thumb Code    44  lc_ctype_c.o(locale$$code)
    _printf_fp_dec                           0x080041c5   Thumb Code     4  printf1.o(x$fpl$printf1)
    __I$use$fp                               0x080041c8   Number         0  usenofp.o(x$fpl$usenofp)
    auchCRCHi                                0x080041c8   Data         256  kmp.o(.constdata)
    auchCRCLo                                0x080042c8   Data         256  kmp.o(.constdata)
    init_Array                               0x08004961   Data         102  paj7620u2.o(.constdata)
    proximity_arry                           0x080049c7   Data          70  paj7620u2.o(.constdata)
    gesture_arry                             0x08004a0d   Data          60  paj7620u2.o(.constdata)
    memtblsize                               0x08004a4c   Data           8  malloc.o(.constdata)
    memblksize                               0x08004a54   Data           8  malloc.o(.constdata)
    memsize                                  0x08004a5c   Data           8  malloc.o(.constdata)
    Region$$Table$$Base                      0x08004bf8   Number         0  anon$$obj.o(Region$$Table)
    Region$$Table$$Limit                     0x08004c18   Number         0  anon$$obj.o(Region$$Table)
    __ctype                                  0x08004c41   Data           0  lc_ctype_c.o(locale$$data)
    SystemCoreClock                          0x20000000   Data           4  system_stm32f10x.o(.data)
    AHBPrescTable                            0x20000004   Data          16  system_stm32f10x.o(.data)
    __stdout                                 0x20000018   Data           4  usart.o(.data)
    USART_RX_STA                             0x2000001c   Data           2  usart.o(.data)
    USART3_RX_STA                            0x2000001e   Data           2  usart3.o(.data)
    USART2_RX_STA                            0x20000020   Data           2  usart2.o(.data)
    stop_send_buf                            0x20000022   Data           5  paj7620u2.o(.data)
    TransferError                            0x2000003a   Data           1  sdio_sdcard.o(.data)
    TransferEnd                              0x2000003b   Data           1  sdio_sdcard.o(.data)
    tempbuff                                 0x2000003c   Data           4  sdio_sdcard.o(.data)
    UART4_RX_CNT                             0x20000040   Data           1  uart4.o(.data)
    mallco_dev                               0x20000058   Data          28  malloc.o(.data)
    PORTNUM                                  0x20000074   Data           4  common.o(.data)
    wifista_ssid                             0x20000078   Data           4  common.o(.data)
    wifista_encryption                       0x2000007c   Data           4  common.o(.data)
    wifista_password                         0x20000080   Data           4  common.o(.data)
    wifiap_ssid                              0x20000084   Data           4  common.o(.data)
    wifiap_encryption                        0x20000088   Data           4  common.o(.data)
    wifiap_password                          0x2000008c   Data           4  common.o(.data)
    ATK_ESP8266_CWMODE_TBL                   0x20000090   Data          12  common.o(.data)
    ATK_ESP8266_WORKMODE_TBL                 0x2000009c   Data          12  common.o(.data)
    ATK_ESP8266_ECN_TBL                      0x200000a8   Data          20  common.o(.data)
    USART_RX_BUF                             0x200000bc   Data         200  usart.o(.bss)
    USART3_RX_BUF                            0x20000184   Data         600  usart3.o(.bss)
    USART3_TX_BUF                            0x200003dc   Data         600  usart3.o(.bss)
    USART2_RX_BUF                            0x20000634   Data         200  usart2.o(.bss)
    SDIO_InitStructure                       0x20000700   Data          24  sdio_sdcard.o(.bss)
    SDIO_CmdInitStructure                    0x20000718   Data          20  sdio_sdcard.o(.bss)
    SDIO_DataInitStructure                   0x2000072c   Data          24  sdio_sdcard.o(.bss)
    SDCardInfo                               0x20000768   Data          88  sdio_sdcard.o(.bss)
    SDIO_DATA_BUFFER                         0x200007c0   Data         512  sdio_sdcard.o(.bss)
    UART4_RX_BUF                             0x200009c0   Data          64  uart4.o(.bss)
    mem1base                                 0x20000a00   Data       40960  malloc.o(.bss)
    mem1mapbase                              0x2000aa00   Data        2560  malloc.o(.bss)
    __libspace_start                         0x2000b400   Data          96  libspace.o(.bss)
    __temporary_stack_top$libspace           0x2000b460   Data           0  libspace.o(.bss)
    mem2base                                 0x68000000   Data       983040  malloc.o(.ARM.__AT_0x68000000)
    mem2mapbase                              0x680f0000   Data       61440  malloc.o(.ARM.__AT_0x680F0000)



==============================================================================

Memory Map of the image

  Image Entry point : 0x08000131

  Load Region LR_IROM1 (Base: 0x08000000, Size: 0x00004e00, Max: 0x00080000, ABSOLUTE)

    Execution Region ER_IROM1 (Base: 0x08000000, Size: 0x00004d44, Max: 0x00080000, ABSOLUTE)

    Base Addr    Size         Type   Attr      Idx    E Section Name        Object

    0x08000000   0x00000130   Data   RO          341    RESET               startup_stm32f10x_hd.o
    0x08000130   0x00000008   Code   RO         4485  * !!!main             c_w.l(__main.o)
    0x08000138   0x00000034   Code   RO         4889    !!!scatter          c_w.l(__scatter.o)
    0x0800016c   0x0000001a   Code   RO         4891    !!handler_copy      c_w.l(__scatter_copy.o)
    0x08000186   0x00000002   PAD
    0x08000188   0x0000001c   Code   RO         4893    !!handler_zi        c_w.l(__scatter_zi.o)
    0x080001a4   0x00000000   Code   RO         4466    .ARM.Collect$$_printf_percent$$00000000  c_w.l(_printf_percent.o)
    0x080001a4   0x00000006   Code   RO         4609    .ARM.Collect$$_printf_percent$$00000001  c_w.l(_printf_n.o)
    0x080001aa   0x00000006   Code   RO         4610    .ARM.Collect$$_printf_percent$$00000002  c_w.l(_printf_p.o)
    0x080001b0   0x00000006   Code   RO         4614    .ARM.Collect$$_printf_percent$$00000003  c_w.l(_printf_f.o)
    0x080001b6   0x00000006   Code   RO         4615    .ARM.Collect$$_printf_percent$$00000004  c_w.l(_printf_e.o)
    0x080001bc   0x00000006   Code   RO         4616    .ARM.Collect$$_printf_percent$$00000005  c_w.l(_printf_g.o)
    0x080001c2   0x00000006   Code   RO         4617    .ARM.Collect$$_printf_percent$$00000006  c_w.l(_printf_a.o)
    0x080001c8   0x0000000a   Code   RO         4622    .ARM.Collect$$_printf_percent$$00000007  c_w.l(_printf_ll.o)
    0x080001d2   0x00000006   Code   RO         4612    .ARM.Collect$$_printf_percent$$00000008  c_w.l(_printf_i.o)
    0x080001d8   0x00000006   Code   RO         4465    .ARM.Collect$$_printf_percent$$00000009  c_w.l(_printf_d.o)
    0x080001de   0x00000006   Code   RO         4613    .ARM.Collect$$_printf_percent$$0000000A  c_w.l(_printf_u.o)
    0x080001e4   0x00000006   Code   RO         4611    .ARM.Collect$$_printf_percent$$0000000B  c_w.l(_printf_o.o)
    0x080001ea   0x00000006   Code   RO         4464    .ARM.Collect$$_printf_percent$$0000000C  c_w.l(_printf_x.o)
    0x080001f0   0x00000006   Code   RO         4619    .ARM.Collect$$_printf_percent$$0000000D  c_w.l(_printf_lli.o)
    0x080001f6   0x00000006   Code   RO         4620    .ARM.Collect$$_printf_percent$$0000000E  c_w.l(_printf_lld.o)
    0x080001fc   0x00000006   Code   RO         4621    .ARM.Collect$$_printf_percent$$0000000F  c_w.l(_printf_llu.o)
    0x08000202   0x00000006   Code   RO         4626    .ARM.Collect$$_printf_percent$$00000010  c_w.l(_printf_llo.o)
    0x08000208   0x00000006   Code   RO         4627    .ARM.Collect$$_printf_percent$$00000011  c_w.l(_printf_llx.o)
    0x0800020e   0x0000000a   Code   RO         4623    .ARM.Collect$$_printf_percent$$00000012  c_w.l(_printf_l.o)
    0x08000218   0x00000006   Code   RO         4608    .ARM.Collect$$_printf_percent$$00000013  c_w.l(_printf_c.o)
    0x0800021e   0x00000006   Code   RO         4463    .ARM.Collect$$_printf_percent$$00000014  c_w.l(_printf_s.o)
    0x08000224   0x00000006   Code   RO         4624    .ARM.Collect$$_printf_percent$$00000015  c_w.l(_printf_lc.o)
    0x0800022a   0x00000006   Code   RO         4625    .ARM.Collect$$_printf_percent$$00000016  c_w.l(_printf_ls.o)
    0x08000230   0x00000004   Code   RO         4618    .ARM.Collect$$_printf_percent$$00000017  c_w.l(_printf_percent_end.o)
    0x08000234   0x00000002   Code   RO         4819    .ARM.Collect$$libinit$$00000000  c_w.l(libinit.o)
    0x08000236   0x00000000   Code   RO         4633    .ARM.Collect$$libinit$$00000002  c_w.l(libinit2.o)
    0x08000236   0x00000000   Code   RO         4635    .ARM.Collect$$libinit$$00000004  c_w.l(libinit2.o)
    0x08000236   0x00000000   Code   RO         4638    .ARM.Collect$$libinit$$0000000A  c_w.l(libinit2.o)
    0x08000236   0x00000000   Code   RO         4640    .ARM.Collect$$libinit$$0000000C  c_w.l(libinit2.o)
    0x08000236   0x00000000   Code   RO         4642    .ARM.Collect$$libinit$$0000000E  c_w.l(libinit2.o)
    0x08000236   0x00000006   Code   RO         4643    .ARM.Collect$$libinit$$0000000F  c_w.l(libinit2.o)
    0x0800023c   0x00000000   Code   RO         4645    .ARM.Collect$$libinit$$00000011  c_w.l(libinit2.o)
    0x0800023c   0x0000000c   Code   RO         4646    .ARM.Collect$$libinit$$00000012  c_w.l(libinit2.o)
    0x08000248   0x00000000   Code   RO         4647    .ARM.Collect$$libinit$$00000013  c_w.l(libinit2.o)
    0x08000248   0x00000000   Code   RO         4649    .ARM.Collect$$libinit$$00000015  c_w.l(libinit2.o)
    0x08000248   0x0000000a   Code   RO         4650    .ARM.Collect$$libinit$$00000016  c_w.l(libinit2.o)
    0x08000252   0x00000000   Code   RO         4651    .ARM.Collect$$libinit$$00000017  c_w.l(libinit2.o)
    0x08000252   0x00000000   Code   RO         4653    .ARM.Collect$$libinit$$00000019  c_w.l(libinit2.o)
    0x08000252   0x00000000   Code   RO         4655    .ARM.Collect$$libinit$$0000001B  c_w.l(libinit2.o)
    0x08000252   0x00000000   Code   RO         4657    .ARM.Collect$$libinit$$0000001D  c_w.l(libinit2.o)
    0x08000252   0x00000000   Code   RO         4659    .ARM.Collect$$libinit$$0000001F  c_w.l(libinit2.o)
    0x08000252   0x00000000   Code   RO         4661    .ARM.Collect$$libinit$$00000021  c_w.l(libinit2.o)
    0x08000252   0x00000000   Code   RO         4663    .ARM.Collect$$libinit$$00000023  c_w.l(libinit2.o)
    0x08000252   0x00000000   Code   RO         4665    .ARM.Collect$$libinit$$00000025  c_w.l(libinit2.o)
    0x08000252   0x00000000   Code   RO         4669    .ARM.Collect$$libinit$$0000002C  c_w.l(libinit2.o)
    0x08000252   0x00000000   Code   RO         4671    .ARM.Collect$$libinit$$0000002E  c_w.l(libinit2.o)
    0x08000252   0x00000000   Code   RO         4673    .ARM.Collect$$libinit$$00000030  c_w.l(libinit2.o)
    0x08000252   0x00000000   Code   RO         4675    .ARM.Collect$$libinit$$00000032  c_w.l(libinit2.o)
    0x08000252   0x00000002   Code   RO         4676    .ARM.Collect$$libinit$$00000033  c_w.l(libinit2.o)
    0x08000254   0x00000002   Code   RO         4886    .ARM.Collect$$libshutdown$$00000000  c_w.l(libshutdown.o)
    0x08000256   0x00000000   Code   RO         4842    .ARM.Collect$$libshutdown$$00000002  c_w.l(libshutdown2.o)
    0x08000256   0x00000000   Code   RO         4844    .ARM.Collect$$libshutdown$$00000004  c_w.l(libshutdown2.o)
    0x08000256   0x00000000   Code   RO         4847    .ARM.Collect$$libshutdown$$00000007  c_w.l(libshutdown2.o)
    0x08000256   0x00000000   Code   RO         4850    .ARM.Collect$$libshutdown$$0000000A  c_w.l(libshutdown2.o)
    0x08000256   0x00000000   Code   RO         4852    .ARM.Collect$$libshutdown$$0000000C  c_w.l(libshutdown2.o)
    0x08000256   0x00000000   Code   RO         4855    .ARM.Collect$$libshutdown$$0000000F  c_w.l(libshutdown2.o)
    0x08000256   0x00000002   Code   RO         4856    .ARM.Collect$$libshutdown$$00000010  c_w.l(libshutdown2.o)
    0x08000258   0x00000000   Code   RO         4551    .ARM.Collect$$rtentry$$00000000  c_w.l(__rtentry.o)
    0x08000258   0x00000000   Code   RO         4700    .ARM.Collect$$rtentry$$00000002  c_w.l(__rtentry2.o)
    0x08000258   0x00000006   Code   RO         4712    .ARM.Collect$$rtentry$$00000004  c_w.l(__rtentry4.o)
    0x0800025e   0x00000000   Code   RO         4702    .ARM.Collect$$rtentry$$00000009  c_w.l(__rtentry2.o)
    0x0800025e   0x00000004   Code   RO         4703    .ARM.Collect$$rtentry$$0000000A  c_w.l(__rtentry2.o)
    0x08000262   0x00000000   Code   RO         4705    .ARM.Collect$$rtentry$$0000000C  c_w.l(__rtentry2.o)
    0x08000262   0x00000008   Code   RO         4706    .ARM.Collect$$rtentry$$0000000D  c_w.l(__rtentry2.o)
    0x0800026a   0x00000002   Code   RO         4824    .ARM.Collect$$rtexit$$00000000  c_w.l(rtexit.o)
    0x0800026c   0x00000000   Code   RO         4860    .ARM.Collect$$rtexit$$00000002  c_w.l(rtexit2.o)
    0x0800026c   0x00000004   Code   RO         4861    .ARM.Collect$$rtexit$$00000003  c_w.l(rtexit2.o)
    0x08000270   0x00000006   Code   RO         4862    .ARM.Collect$$rtexit$$00000004  c_w.l(rtexit2.o)
    0x08000276   0x00000002   PAD
    0x08000278   0x00000040   Code   RO          342    .text               startup_stm32f10x_hd.o
    0x080002b8   0x00000002   Code   RO         4340    .text               c_w.l(use_no_semi_2.o)
    0x080002ba   0x00000002   PAD
    0x080002bc   0x00000024   Code   RO         4406    .text               c_w.l(c89vsprintf.o)
    0x080002e0   0x0000002c   Code   RO         4410    .text               c_w.l(__2sprintf.o)
    0x0800030c   0x00000052   Code   RO         4418    .text               c_w.l(_printf_str.o)
    0x0800035e   0x00000002   PAD
    0x08000360   0x00000078   Code   RO         4420    .text               c_w.l(_printf_dec.o)
    0x080003d8   0x00000094   Code   RO         4440    .text               c_w.l(_printf_hex_int_ll_ptr.o)
    0x0800046c   0x00000188   Code   RO         4460    .text               c_w.l(__printf_flags_ss_wp.o)
    0x080005f4   0x00000024   Code   RO         4467    .text               c_w.l(strstr.o)
    0x08000618   0x0000003e   Code   RO         4471    .text               c_w.l(strlen.o)
    0x08000656   0x0000008a   Code   RO         4475    .text               c_w.l(rt_memcpy_v6.o)
    0x080006e0   0x00000064   Code   RO         4477    .text               c_w.l(rt_memcpy_w.o)
    0x08000744   0x00000080   Code   RO         4481    .text               c_w.l(strcmpv7m.o)
    0x080007c4   0x00000006   Code   RO         4483    .text               c_w.l(heapauxi.o)
    0x080007ca   0x00000002   Code   RO         4547    .text               c_w.l(use_no_semi.o)
    0x080007cc   0x0000004e   Code   RO         4581    .text               c_w.l(_printf_pad.o)
    0x0800081a   0x00000024   Code   RO         4583    .text               c_w.l(_printf_truncate.o)
    0x0800083e   0x000000b2   Code   RO         4585    .text               c_w.l(_printf_intcommon.o)
    0x080008f0   0x00000028   Code   RO         4587    .text               c_w.l(_printf_charcount.o)
    0x08000918   0x00000030   Code   RO         4589    .text               c_w.l(_printf_char_common.o)
    0x08000948   0x0000000a   Code   RO         4591    .text               c_w.l(_sputc.o)
    0x08000952   0x0000002c   Code   RO         4593    .text               c_w.l(_printf_char.o)
    0x0800097e   0x00000002   PAD
    0x08000980   0x000000bc   Code   RO         4597    .text               c_w.l(_printf_wctomb.o)
    0x08000a3c   0x0000007c   Code   RO         4600    .text               c_w.l(_printf_longlong_dec.o)
    0x08000ab8   0x00000070   Code   RO         4606    .text               c_w.l(_printf_oct_int_ll.o)
    0x08000b28   0x00000008   Code   RO         4696    .text               c_w.l(libspace.o)
    0x08000b30   0x0000008a   Code   RO         4731    .text               c_w.l(lludiv10.o)
    0x08000bba   0x0000041a   Code   RO         4733    .text               c_w.l(_printf_fp_dec.o)
    0x08000fd4   0x0000002c   Code   RO         4737    .text               c_w.l(_printf_wchar.o)
    0x08001000   0x00000040   Code   RO         4743    .text               c_w.l(_wcrtomb.o)
    0x08001040   0x0000004a   Code   RO         4759    .text               c_w.l(sys_stackheap_outer.o)
    0x0800108a   0x00000002   PAD
    0x0800108c   0x00000010   Code   RO         4761    .text               c_w.l(rt_ctype_table.o)
    0x0800109c   0x00000008   Code   RO         4770    .text               c_w.l(rt_locale_intlibspace.o)
    0x080010a4   0x00000080   Code   RO         4774    .text               c_w.l(_printf_fp_infnan.o)
    0x08001124   0x000000dc   Code   RO         4776    .text               c_w.l(bigflt0.o)
    0x08001200   0x00000012   Code   RO         4804    .text               c_w.l(exit.o)
    0x08001212   0x0000003e   Code   RO         4779    CL$$btod_d2e        c_w.l(btod.o)
    0x08001250   0x00000046   Code   RO         4781    CL$$btod_d2e_denorm_low  c_w.l(btod.o)
    0x08001296   0x00000060   Code   RO         4780    CL$$btod_d2e_norm_op1  c_w.l(btod.o)
    0x080012f6   0x00000338   Code   RO         4789    CL$$btod_div_common  c_w.l(btod.o)
    0x0800162e   0x000000c6   Code   RO         4786    CL$$btod_e2e        c_w.l(btod.o)
    0x080016f4   0x00000028   Code   RO         4783    CL$$btod_ediv       c_w.l(btod.o)
    0x0800171c   0x00000028   Code   RO         4782    CL$$btod_emul       c_w.l(btod.o)
    0x08001744   0x00000244   Code   RO         4788    CL$$btod_mult_common  c_w.l(btod.o)
    0x08001988   0x00000034   Code   RO         1071    i.BLE_Init          ble.o
    0x080019bc   0x00000004   Code   RO          205    i.BusFault_Handler  stm32f10x_it.o
    0x080019c0   0x00000060   Code   RO         1604    i.CmdResp1Error     sdio_sdcard.o
    0x08001a20   0x000003a4   Code   RO         1141    i.DataTransfer      kmp.o
    0x08001dc4   0x00000002   Code   RO          206    i.DebugMon_Handler  stm32f10x_it.o
    0x08001dc6   0x00000116   Code   RO         2143    i.GPIO_Init         stm32f10x_gpio.o
    0x08001edc   0x00000004   Code   RO         2150    i.GPIO_ResetBits    stm32f10x_gpio.o
    0x08001ee0   0x00000004   Code   RO         2151    i.GPIO_SetBits      stm32f10x_gpio.o
    0x08001ee4   0x00000050   Code   RO         1375    i.GS_IIC_Ack        paj7620u2_iic.o
    0x08001f34   0x00000050   Code   RO         1376    i.GS_IIC_NAck       paj7620u2_iic.o
    0x08001f84   0x00000070   Code   RO         1377    i.GS_IIC_Read_Byte  paj7620u2_iic.o
    0x08001ff4   0x00000074   Code   RO         1378    i.GS_IIC_Send_Byte  paj7620u2_iic.o
    0x08002068   0x0000004c   Code   RO         1379    i.GS_IIC_Start      paj7620u2_iic.o
    0x080020b4   0x0000004c   Code   RO         1380    i.GS_IIC_Stop       paj7620u2_iic.o
    0x08002100   0x00000068   Code   RO         1381    i.GS_IIC_Wait_Ack   paj7620u2_iic.o
    0x08002168   0x00000044   Code   RO         1382    i.GS_Read_Byte      paj7620u2_iic.o
    0x080021ac   0x00000062   Code   RO         1383    i.GS_Read_nByte     paj7620u2_iic.o
    0x0800220e   0x00000012   Code   RO         1384    i.GS_WakeUp         paj7620u2_iic.o
    0x08002220   0x0000003a   Code   RO         1385    i.GS_Write_Byte     paj7620u2_iic.o
    0x0800225a   0x00000002   PAD
    0x0800225c   0x00000034   Code   RO         1386    i.GS_i2c_init       paj7620u2_iic.o
    0x08002290   0x00000004   Code   RO          207    i.HardFault_Handler  stm32f10x_it.o
    0x08002294   0x00000024   Code   RO         1184    i.LIGHT_Init        light.o
    0x080022b8   0x00000004   Code   RO          208    i.MemManage_Handler  stm32f10x_it.o
    0x080022bc   0x00000002   Code   RO          209    i.NMI_Handler       stm32f10x_it.o
    0x080022be   0x00000002   PAD
    0x080022c0   0x00000070   Code   RO         1855    i.NVIC_Init         misc.o
    0x08002330   0x00000014   Code   RO         1856    i.NVIC_PriorityGroupConfig  misc.o
    0x08002344   0x00000002   Code   RO          210    i.PendSV_Handler    stm32f10x_it.o
    0x08002346   0x00000002   PAD
    0x08002348   0x00000020   Code   RO         2253    i.RCC_APB1PeriphClockCmd  stm32f10x_rcc.o
    0x08002368   0x00000020   Code   RO         2254    i.RCC_APB1PeriphResetCmd  stm32f10x_rcc.o
    0x08002388   0x00000020   Code   RO         2255    i.RCC_APB2PeriphClockCmd  stm32f10x_rcc.o
    0x080023a8   0x00000020   Code   RO         2256    i.RCC_APB2PeriphResetCmd  stm32f10x_rcc.o
    0x080023c8   0x000000d4   Code   RO         2263    i.RCC_GetClocksFreq  stm32f10x_rcc.o
    0x0800249c   0x0000000c   Code   RO         2452    i.SDIO_ClearFlag    stm32f10x_sdio.o
    0x080024a8   0x00000018   Code   RO         2464    i.SDIO_GetFlagStatus  stm32f10x_sdio.o
    0x080024c0   0x00000008   Code   RO         1613    i.SDIO_IRQHandler   sdio_sdcard.o
    0x080024c8   0x0000002c   Code   RO         2472    i.SDIO_SendCommand  stm32f10x_sdio.o
    0x080024f4   0x0000013c   Code   RO         1622    i.SD_ProcessIRQSrc  sdio_sdcard.o
    0x08002630   0x00000002   Code   RO          211    i.SVC_Handler       stm32f10x_it.o
    0x08002632   0x00000008   Code   RO          294    i.SetSysClock       system_stm32f10x.o
    0x0800263a   0x00000002   PAD
    0x0800263c   0x000000e0   Code   RO          295    i.SetSysClockTo72   system_stm32f10x.o
    0x0800271c   0x00000028   Code   RO         1859    i.SysTick_CLKSourceConfig  misc.o
    0x08002744   0x00000002   Code   RO          212    i.SysTick_Handler   stm32f10x_it.o
    0x08002746   0x00000002   PAD
    0x08002748   0x00000060   Code   RO          297    i.SystemInit        system_stm32f10x.o
    0x080027a8   0x00000034   Code   RO          735    i.TIM7_IRQHandler   timer.o
    0x080027dc   0x00000060   Code   RO          736    i.TIM7_Int_Init     timer.o
    0x0800283c   0x00000006   Code   RO         2792    i.TIM_ClearITPendingBit  stm32f10x_tim.o
    0x08002842   0x00000018   Code   RO         2797    i.TIM_Cmd           stm32f10x_tim.o
    0x0800285a   0x00000022   Code   RO         2818    i.TIM_GetITStatus   stm32f10x_tim.o
    0x0800287c   0x00000012   Code   RO         2822    i.TIM_ITConfig      stm32f10x_tim.o
    0x0800288e   0x00000004   Code   RO         2862    i.TIM_SetCounter    stm32f10x_tim.o
    0x08002892   0x00000002   PAD
    0x08002894   0x000000a4   Code   RO         2868    i.TIM_TimeBaseInit  stm32f10x_tim.o
    0x08002938   0x00000038   Code   RO         1803    i.UART4_IRQHandler  uart4.o
    0x08002970   0x00000088   Code   RO          400    i.USART1_IRQHandler  usart.o
    0x080029f8   0x00000088   Code   RO         1249    i.USART2_IRQHandler  usart2.o
    0x08002a80   0x00000070   Code   RO         1033    i.USART3_IRQHandler  usart3.o
    0x08002af0   0x00000012   Code   RO         3329    i.USART_ClearFlag   stm32f10x_usart.o
    0x08002b02   0x00000018   Code   RO         3333    i.USART_Cmd         stm32f10x_usart.o
    0x08002b1a   0x00000002   PAD
    0x08002b1c   0x0000009c   Code   RO         3335    i.USART_DeInit      stm32f10x_usart.o
    0x08002bb8   0x0000001a   Code   RO         3336    i.USART_GetFlagStatus  stm32f10x_usart.o
    0x08002bd2   0x00000054   Code   RO         3337    i.USART_GetITStatus  stm32f10x_usart.o
    0x08002c26   0x0000004a   Code   RO         3339    i.USART_ITConfig    stm32f10x_usart.o
    0x08002c70   0x000000d8   Code   RO         3340    i.USART_Init        stm32f10x_usart.o
    0x08002d48   0x0000000a   Code   RO         3347    i.USART_ReceiveData  stm32f10x_usart.o
    0x08002d52   0x00000008   Code   RO         3350    i.USART_SendData    stm32f10x_usart.o
    0x08002d5a   0x00000004   Code   RO          213    i.UsageFault_Handler  stm32f10x_it.o
    0x08002d5e   0x00000002   PAD
    0x08002d60   0x00000034   Code   RO         1274    i.VOICE_Init        voice.o
    0x08002d94   0x00000028   Code   RO         4822    i.__ARM_fpclassify  m_ws.l(fpclassify.o)
    0x08002dbc   0x0000000e   Code   RO         4453    i._is_digit         c_w.l(__printf_wp.o)
    0x08002dca   0x00000006   Code   RO          401    i._sys_exit         usart.o
    0x08002dd0   0x00000034   Code   RO         3652    i.atk_8266_check_cmd  common.o
    0x08002e04   0x00000044   Code   RO         3653    i.atk_8266_consta_check  common.o
    0x08002e48   0x00000070   Code   RO         3655    i.atk_8266_quit_trans  common.o
    0x08002eb8   0x00000060   Code   RO         3656    i.atk_8266_send_cmd  common.o
    0x08002f18   0x000000d8   Code   RO         3658    i.atk_8266_test     common.o
    0x08002ff0   0x000003bc   Code   RO         3713    i.atk_8266_wifista_test  wifista.o
    0x080033ac   0x00000054   Code   RO         1072    i.ble_test          ble.o
    0x08003400   0x00000038   Code   RO         1144    i.crc16             kmp.o
    0x08003438   0x00000044   Code   RO          346    i.delay_init        delay.o
    0x0800347c   0x0000004c   Code   RO          347    i.delay_ms          delay.o
    0x080034c8   0x0000004c   Code   RO          348    i.delay_us          delay.o
    0x08003514   0x00000008   Code   RO         1090    i.gesture_test      gesture.o
    0x0800351c   0x000001a0   Code   RO         1326    i.handleGesture     paj7620u2.o
    0x080036bc   0x00000080   Code   RO            1    i.intelligent_test  main.o
    0x0800373c   0x0000009c   Code   RO            2    i.main              main.o
    0x080037d8   0x000001fc   Code   RO         1327    i.music_handleGesture  paj7620u2.o
    0x080039d4   0x00000008   Code   RO         1229    i.music_test        music.o
    0x080039dc   0x0000006c   Code   RO         3509    i.my_mem_free       malloc.o
    0x08003a48   0x00000044   Code   RO         3510    i.my_mem_init       malloc.o
    0x08003a8c   0x000000a8   Code   RO         3511    i.my_mem_malloc     malloc.o
    0x08003b34   0x00000040   Code   RO         3512    i.my_mem_perused    malloc.o
    0x08003b74   0x00000024   Code   RO         3513    i.myfree            malloc.o
    0x08003b98   0x00000028   Code   RO         3514    i.mymalloc          malloc.o
    0x08003bc0   0x00000014   Code   RO         3516    i.mymemset          malloc.o
    0x08003bd4   0x00000044   Code   RO         1328    i.paj7620u2_init    paj7620u2.o
    0x08003c18   0x00000024   Code   RO         1329    i.paj7620u2_selectBank  paj7620u2.o
    0x08003c3c   0x00000032   Code   RO         1330    i.paj7620u2_wakeup  paj7620u2.o
    0x08003c6e   0x00000002   PAD
    0x08003c70   0x00000050   Code   RO         1034    i.u3_printf         usart3.o
    0x08003cc0   0x000000b8   Code   RO         1804    i.uart4_init        uart4.o
    0x08003d78   0x000000a0   Code   RO          403    i.uart_init         usart.o
    0x08003e18   0x000000b0   Code   RO         1250    i.usart2_init       usart2.o
    0x08003ec8   0x000000d0   Code   RO         1035    i.usart3_init       usart3.o
    0x08003f98   0x00000048   Code   RO         1828    i.usart_run_view    view.o
    0x08003fe0   0x0000007c   Code   RO         1829    i.usart_status_view  view.o
    0x0800405c   0x00000044   Code   RO         1830    i.usart_view        view.o
    0x080040a0   0x000000cc   Code   RO         1275    i.voice_test        voice.o
    0x0800416c   0x0000002c   Code   RO         4802    locale$$code        c_w.l(lc_numeric_c.o)
    0x08004198   0x0000002c   Code   RO         4831    locale$$code        c_w.l(lc_ctype_c.o)
    0x080041c4   0x00000004   Code   RO         4691    x$fpl$printf1       fz_ws.l(printf1.o)
    0x080041c8   0x00000000   Code   RO         4693    x$fpl$usenofp       fz_ws.l(usenofp.o)
    0x080041c8   0x00000791   Data   RO         1146    .constdata          kmp.o
    0x08004959   0x00000003   PAD
    0x0800495c   0x00000005   Data   RO         1276    .constdata          voice.o
    0x08004961   0x000000e8   Data   RO         1331    .constdata          paj7620u2.o
    0x08004a49   0x00000003   PAD
    0x08004a4c   0x00000018   Data   RO         3521    .constdata          malloc.o
    0x08004a64   0x00000010   Data   RO         3714    .constdata          wifista.o
    0x08004a74   0x00000028   Data   RO         4441    .constdata          c_w.l(_printf_hex_int_ll_ptr.o)
    0x08004a9c   0x00000011   Data   RO         4461    .constdata          c_w.l(__printf_flags_ss_wp.o)
    0x08004aad   0x00000003   PAD
    0x08004ab0   0x00000008   Data   RO         4598    .constdata          c_w.l(_printf_wctomb.o)
    0x08004ab8   0x00000094   Data   RO         4777    .constdata          c_w.l(bigflt0.o)
    0x08004b4c   0x000000aa   Data   RO         3659    .conststring        common.o
    0x08004bf6   0x00000002   PAD
    0x08004bf8   0x00000020   Data   RO         4887    Region$$Table       anon$$obj.o
    0x08004c18   0x0000001c   Data   RO         4801    locale$$data        c_w.l(lc_numeric_c.o)
    0x08004c34   0x00000110   Data   RO         4830    locale$$data        c_w.l(lc_ctype_c.o)


    Execution Region RW_IRAM1 (Base: 0x20000000, Size: 0x0000ba60, Max: 0x00010000, ABSOLUTE)

    Base Addr    Size         Type   Attr      Idx    E Section Name        Object

    0x20000000   0x00000014   Data   RW          298    .data               system_stm32f10x.o
    0x20000014   0x00000004   Data   RW          349    .data               delay.o
    0x20000018   0x00000006   Data   RW          405    .data               usart.o
    0x2000001e   0x00000002   Data   RW         1037    .data               usart3.o
    0x20000020   0x00000002   Data   RW         1252    .data               usart2.o
    0x20000022   0x0000000d   Data   RW         1332    .data               paj7620u2.o
    0x2000002f   0x00000001   PAD
    0x20000030   0x00000010   Data   RW         1634    .data               sdio_sdcard.o
    0x20000040   0x00000001   Data   RW         1806    .data               uart4.o
    0x20000041   0x00000014   Data   RW         2283    .data               stm32f10x_rcc.o
    0x20000055   0x00000003   PAD
    0x20000058   0x0000001c   Data   RW         3522    .data               malloc.o
    0x20000074   0x00000048   Data   RW         3660    .data               common.o
    0x200000bc   0x000000c8   Zero   RW          404    .bss                usart.o
    0x20000184   0x000004b0   Zero   RW         1036    .bss                usart3.o
    0x20000634   0x000000c8   Zero   RW         1251    .bss                usart2.o
    0x200006fc   0x00000004   PAD
    0x20000700   0x000002c0   Zero   RW         1633    .bss                sdio_sdcard.o
    0x200009c0   0x00000040   Zero   RW         1805    .bss                uart4.o
    0x20000a00   0x0000aa00   Zero   RW         3520    .bss                malloc.o
    0x2000b400   0x00000060   Zero   RW         4697    .bss                c_w.l(libspace.o)
    0x2000b460   0x00000200   Zero   RW          340    HEAP                startup_stm32f10x_hd.o
    0x2000b660   0x00000400   Zero   RW          339    STACK               startup_stm32f10x_hd.o



  Load Region LR$$.ARM.__AT_0x68000000 (Base: 0x68000000, Size: 0x00000000, Max: 0x000f0000, ABSOLUTE)

    Execution Region ER$$.ARM.__AT_0x68000000 (Base: 0x68000000, Size: 0x000f0000, Max: 0x000f0000, ABSOLUTE, UNINIT)

    Base Addr    Size         Type   Attr      Idx    E Section Name        Object

    0x68000000   0x000f0000   Zero   RW         3518    .ARM.__AT_0x68000000  malloc.o



  Load Region LR$$.ARM.__AT_0x680F0000 (Base: 0x680f0000, Size: 0x00000000, Max: 0x0000f000, ABSOLUTE)

    Execution Region ER$$.ARM.__AT_0x680F0000 (Base: 0x680f0000, Size: 0x0000f000, Max: 0x0000f000, ABSOLUTE, UNINIT)

    Base Addr    Size         Type   Attr      Idx    E Section Name        Object

    0x680f0000   0x0000f000   Zero   RW         3519    .ARM.__AT_0x680F0000  malloc.o


==============================================================================

Image component sizes


      Code (inc. data)   RO Data    RW Data    ZI Data      Debug   Object Name

       136         18          0          0          0       1018   ble.o
       544        104        170         72          0       4212   common.o
         0          0          0          0          0         32   core_cm3.o
       220         26          0          4          0       1703   delay.o
         8          0          0          0          0        483   gesture.o
       988         94       1937          0          0       3436   kmp.o
        36          4          0          0          0        489   light.o
       284         26          0          0          0     263094   main.o
       504         60         24         28    1088000       6009   malloc.o
       172         22          0          0          0       2033   misc.o
         8          0          0          0          0        445   music.o
      1078         60        232         13          0       6656   paj7620u2.o
       938        100          0          0          0       7165   paj7620u2_iic.o
       420         26          0         16        704      11398   sdio_sdcard.o
        64         26        304          0       1536        796   startup_stm32f10x_hd.o
       286          0          0          0          0       3012   stm32f10x_gpio.o
        26          0          0          0          0       3650   stm32f10x_it.o
       340         44          0         20          0       5540   stm32f10x_rcc.o
        80         16          0          0          0       3421   stm32f10x_sdio.o
       250         42          0          0          0       4043   stm32f10x_tim.o
       616         28          0          0          0       7270   stm32f10x_usart.o
       328         28          0         20          0       2057   system_stm32f10x.o
       148         16          0          0          0       1126   timer.o
       240         24          0          1         64       1824   uart4.o
       302         22          0          6        200       3604   usart.o
       312         24          0          2        200       1896   usart2.o
       400         42          0          2       1200       3234   usart3.o
       264         46          0          0          0       2170   view.o
       256         34          5          0          0       1202   voice.o
       956        168         16          0          0       1716   wifista.o

    ----------------------------------------------------------------------
     10222       1100       2728        188    1091908     354734   Object Totals
         0          0         32          0          0          0   (incl. Generated)
        18          0          8          4          4          0   (incl. Padding)

    ----------------------------------------------------------------------

      Code (inc. data)   RO Data    RW Data    ZI Data      Debug   Library Member Name

        44          6          0          0          0         84   __2sprintf.o
         8          0          0          0          0         68   __main.o
       392          4         17          0          0         92   __printf_flags_ss_wp.o
        14          0          0          0          0         68   __printf_wp.o
         0          0          0          0          0          0   __rtentry.o
        12          0          0          0          0          0   __rtentry2.o
         6          0          0          0          0          0   __rtentry4.o
        52          8          0          0          0          0   __scatter.o
        26          0          0          0          0          0   __scatter_copy.o
        28          0          0          0          0          0   __scatter_zi.o
         6          0          0          0          0          0   _printf_a.o
         6          0          0          0          0          0   _printf_c.o
        44          0          0          0          0        108   _printf_char.o
        48          6          0          0          0         96   _printf_char_common.o
        40          0          0          0          0         68   _printf_charcount.o
         6          0          0          0          0          0   _printf_d.o
       120         16          0          0          0         92   _printf_dec.o
         6          0          0          0          0          0   _printf_e.o
         6          0          0          0          0          0   _printf_f.o
      1050          0          0          0          0        216   _printf_fp_dec.o
       128         16          0          0          0         84   _printf_fp_infnan.o
         6          0          0          0          0          0   _printf_g.o
       148          4         40          0          0        160   _printf_hex_int_ll_ptr.o
         6          0          0          0          0          0   _printf_i.o
       178          0          0          0          0         88   _printf_intcommon.o
        10          0          0          0          0          0   _printf_l.o
         6          0          0          0          0          0   _printf_lc.o
        10          0          0          0          0          0   _printf_ll.o
         6          0          0          0          0          0   _printf_lld.o
         6          0          0          0          0          0   _printf_lli.o
         6          0          0          0          0          0   _printf_llo.o
         6          0          0          0          0          0   _printf_llu.o
         6          0          0          0          0          0   _printf_llx.o
       124         16          0          0          0         92   _printf_longlong_dec.o
         6          0          0          0          0          0   _printf_ls.o
         6          0          0          0          0          0   _printf_n.o
         6          0          0          0          0          0   _printf_o.o
       112          8          0          0          0        124   _printf_oct_int_ll.o
         6          0          0          0          0          0   _printf_p.o
        78          0          0          0          0        108   _printf_pad.o
         0          0          0          0          0          0   _printf_percent.o
         4          0          0          0          0          0   _printf_percent_end.o
         6          0          0          0          0          0   _printf_s.o
        82          0          0          0          0         80   _printf_str.o
        36          0          0          0          0         84   _printf_truncate.o
         6          0          0          0          0          0   _printf_u.o
        44          0          0          0          0        108   _printf_wchar.o
       188          6          8          0          0         92   _printf_wctomb.o
         6          0          0          0          0          0   _printf_x.o
        10          0          0          0          0         68   _sputc.o
        64          0          0          0          0         92   _wcrtomb.o
       220          4        148          0          0         96   bigflt0.o
      1910        128          0          0          0        672   btod.o
        36          4          0          0          0         76   c89vsprintf.o
        18          0          0          0          0         80   exit.o
         6          0          0          0          0        152   heapauxi.o
        44         10        272          0          0         76   lc_ctype_c.o
        44         10         28          0          0         76   lc_numeric_c.o
         2          0          0          0          0          0   libinit.o
        30          0          0          0          0          0   libinit2.o
         2          0          0          0          0          0   libshutdown.o
         2          0          0          0          0          0   libshutdown2.o
         8          4          0          0         96         68   libspace.o
       138          0          0          0          0         80   lludiv10.o
        16          4          0          0          0         76   rt_ctype_table.o
         8          4          0          0          0         68   rt_locale_intlibspace.o
       138          0          0          0          0         68   rt_memcpy_v6.o
       100          0          0          0          0         80   rt_memcpy_w.o
         2          0          0          0          0          0   rtexit.o
        10          0          0          0          0          0   rtexit2.o
       128          0          0          0          0         68   strcmpv7m.o
        62          0          0          0          0         76   strlen.o
        36          0          0          0          0         80   strstr.o
        74          0          0          0          0         80   sys_stackheap_outer.o
         2          0          0          0          0         68   use_no_semi.o
         2          0          0          0          0         68   use_no_semi_2.o
         4          0          0          0          0         68   printf1.o
         0          0          0          0          0          0   usenofp.o
        40          0          0          0          0         68   fpclassify.o

    ----------------------------------------------------------------------
      6314        258        516          0         96       4316   Library Totals
        12          0          3          0          0          0   (incl. Padding)

    ----------------------------------------------------------------------

      Code (inc. data)   RO Data    RW Data    ZI Data      Debug   Library Name

      6258        258        513          0         96       4180   c_w.l
         4          0          0          0          0         68   fz_ws.l
        40          0          0          0          0         68   m_ws.l

    ----------------------------------------------------------------------
      6314        258        516          0         96       4316   Library Totals

    ----------------------------------------------------------------------

==============================================================================


      Code (inc. data)   RO Data    RW Data    ZI Data      Debug   

     16536       1358       3244        188    1092004     351506   Grand Totals
     16536       1358       3244        188    1092004     351506   ELF Image Totals
     16536       1358       3244        188          0          0   ROM Totals

==============================================================================

    Total RO  Size (Code + RO Data)                19780 (  19.32kB)
    Total RW  Size (RW Data + ZI Data)           1092192 (1066.59kB)
    Total ROM Size (Code + RO Data + RW Data)      19968 (  19.50kB)

==============================================================================

